FONTES: ASSEMB. LEGISL. RJ. *Documentos*; ASSEMB. LEGISL. RJ. *Deputados
estaduais fluminenses*. Quarta Legislatura (1987-1991); *Caros Amigos*.
Disponível em:
\<http://carosamigos.terra.com.br/index\_site.php?pag=revista&id=118&iditens=114\>;
*Consultor Jurídico* (21/1/2009); *Jornal do Brasil* (4/7/2004); PREF.
RIO BONITO (12/12/1991); Terra (1/8/2006); TRIB. SUP. ELEIT.
(9/10/2001); TRIB. SUP. ELEIT. *Eleições* (1996, 1998, 2000, 2002,
2004); Ucho.info (25/06/2010). Disponível em:
\<http://ucho.info/protogenes-queiroz\>.
