FONTES: ASSEMB. LEGISL. RJ. Disponível em:
\<www.alerj.rj.gov.br/center\_arq\_inf\_fase\_2.htm\>. Acesso em:
14/7/2011; ASSEMB. LEGISL. RJ. Arq. Dep. Pedro Magalhães; CARDIANO, F.
*Eleições*(1945-1986); *Diário Oficial RJ* (2/2/1971, p. 1, seção IV,
15/6/1972, p. 8, seção II, 1/6/1977, p. 35, seção III); TRIB. SUP.
ELEIT. Disponível em: \<www.tse.gov.br/internet/index.html\>. Acesso em:
18/7/2011; \<www.tse.gov.br/internet/eleicoes/cronologia.htm\>. Acesso
em: 14/7/2011.
