FONTES: ASSEMB. LEGISL. RJ. Disponível em: \<www.alerj.rj.gov.br/\>;
CÂM. DEP. Disponível em: \<www2.camara.gov.br/\>; MAGESSI, M. *Dura*;
Página pessoal. Disponível em: \<www.marinamaggessi.com/\>; PPS.
Disponível em: \<http://portal.pps.org.br\>; Políticos do Brasil.
Disponível em: \<www.politicos dobrasil.com.br\>; TRIB. SUP. ELEIT.
Disponível em: \<www.tse.gov.br/internet/index.html\>.
