FONTES: ASSEMB. LEGISL. RJ. *Notícias*. Disponível em:
\<www.alerj.rj.gov.br/common/noticia\_corpo2.asp?num=12408,
\<www.alerj.rj.gov.br/Busca/OpenPage.asp?CodigoURL=12896&Fonte=Dados\>,
\<www.alerj.rj.gov.br/common/noticia\_corpo2.asp?num=12408\>; *Jornal da
ALERJ* (23-29/6/2004, 7-13/3/2006) Página pessoal. Disponível em:
\<www.samuelmalafaia.com.br/\_newsite/perfil.html\>; Uol Notícias.
Disponível em:
\<http://noticias.uol.com.br/politica/politicos-brasil/2010/deputado-estadual/31051949-samuel-malafaia.jhtm\>.
