FONTES: Às Claras – Portal da Transparência. (Eleições 2004); Disponível
em: \<www.asclaras.org.br/\>; *Dia* (1/8/2006); *Diário Oficial RJ*
(4/2/19911); *Extra* (21/6/2010); *Folha* (12/8/2006); *Globo*
(3/10/2008, 5/10/2008); SUPR. TRIB. FED. (24/6/2008); TRIB. SUP. ELEIT.
Disponível em:
\<http://tse.jus.br/internet/contas\_publicas/arquivo/tcu/contasJulgadasIrregulares.html\>.
Acesso em: 11/5/2011. TRIB. SUP. ELEIT. (Eleições 1998, 2000, 2002, 2004
e 2008).
