FONTES: CÂM. DEP. Disponível em: \<www.camara.rj.gov.br/\>; *Folha*.
Disponível em:
\<http://cgi.folha.com.br/folha/especial/2008/eleicoes/busca.html?party=PSB\>;
*Globo*. Disponível em:
\<http://oglobo.globo.com/pais/eleicoes2008/mat/2008/07/21/conheca\_os\_candidatos\_vice-prefeito\_do\_rio-547345906.asp\>;
Página pessoal. Disponível em:
\<www.ricardomaranhao.com.br/index.html\>; PSB. Disponível em:
\<www.psbnacional.org.br\>; TRIB. SUP. ELEIT. Disponível em:
\<www.tse.gov.br/internet/index.html\>.
