FONTES: ASSEMB. LEGISL. RJ. Disponível em:
\<www.alerj.rj.gov.br/center\_arq\_aleg\_prod\_link4.htm\>;
\<www.alerj.rj.gov.br/center\_arq\_inf\_fase\_2.htm\>; CPDOC. Disponível
em: \<http://cpdoc.fgv.br/producao\_intelectual/arq/613.pdf\>; DATASUS.
Disponível em:
\<http://cnes.datasus.gov.br/Exibe\_Ficha\_Prof\_Sus.asp?J=8\>.
