FONTES: AZZI, R. *História*; DELLA CAVA, R. *Milagre*; *Dic. Hist.
Pesqueirense*. Disponível em:
\<www.dicionariopesqueirense.com/2011/07/arcoverde-dom-joaquim-cardeal.html\>.
Acesso em: 21/9/12; *Diocese de Goiás.* Disponível em:
\<www.diocesedegoias.com.br/diocese/historia/\>. Acesso em: 21/9/12;
*Estado de S. Paulo*. Disponível em:
\<www.estadao.com.br/noticias/impresso,a-mais-religiosa-de-todas-as-campanhas,632475,0.htm\>.
Acesso em: 21/9/12; *Grande encic.* *Delta*; MICELI, S. *Elite*;
MONTEIRO, D. *Confronto*; MOURA, S. *Igreja*; PINHEIRO, A. *Cardeal*.
