FONTES: *Agência Brasil*(3/7/2009); CÂM. DEP. Disponível em:
\<www.camara.gov.br\>; *Gazeta Mercantil* (22/3, 4/9, 14/12/2000); *Olho
no voto/Folha de S.Paulo* (27/7/2002); PTB. Disponível em:
\<www.ptb.org.br\>;*Veja*(26/7/2006); SIND. DELEGADOS POL. FED. RJ.
Disponível em: \<www.sindpfrj.com.br/sobre.asp\>.
