FONTES: CÂM. DEP. Disponível em:
\<www2.camara.gov.br/internet/deputados/biodeputado/index.html?nome=SANDRO+MATOS&leg=53\>.
Acesso em: 14/8/2009; DIAP. PEC n^o^ 40/2003. Disponível em:
\<www.diap.org.br/images/stories/files/437.txt\>. Acesso em: 19/9/2009,
PEC n^o^ 41/2003. Disponível em:
\<www.diap.org.br/images/stories/files/284.TXT\>. Acesso em: 19/9/2009;
Uol Notícias. Disponível em:
\<http://noticias.uol.com.br/ultnot/eleicoes/segundoturno/saojoaodemeriti.jhtm\>.
Acesso em: 14/10/2011.
