FONTES: ABRANCHES, J. *Governos* (v. 1); COMISS. CONST. CENT. REP. PRIM.
CONST. REP. *Relatório*. CÂM. DEP. *Deputados brasileiros* (1826-1976);
INEPAC. *Inventário das fazendas do Vale do Paraíba Fluminense*. Fazenda
Maravilha (do Governo), Paraíba do Sul. Disponível em:
\<www.institutocidadeviva.org.br/inventarios/sistema/wp-content/uploads/2008/05/3\_maravilha\_pg-105-a-113.pdf\>.
Acesso em: 11/1/2011.
