FONTES: ASSEMB. LEGISL. RJ. *Documentos*; ASSEMB. LEGISL. RJ. *Deputados
estaduais fluminenses.* Terceira legislatura (1983-1987); ASSOC. BRAS.
RADIODIFUSORES. *Lista das associações*; CÂM. MUN. RJ (22/5/2003);
*Folha de S.Paulo* (16/11/2000); Nelore-Rio. Disponível em:
\<www.nelorerio.com.br/interna/index.php?areaid=13\>; Projeto de
Resolução n^o^ 663/2001 (13/12/2000); Relatório Final da CPI do
Rioprevidência (2/8/2004); TRIB. JUST. RS. (04/12/2001).
