FONTES: ASSEMB. LEGISL. RJ. Disponível em:
\<www.alerj.rj.gov.br/jornalalerj/jornalalerj190.pdf\>. Acesso em:
21/8/2010; Transparência Brasil. Disponível em:
\<www.excelencias.org.br/@candidato.php?id=1984&cs=19\>. Acesso em:
21/8/2010; TRIB. SUP. ELEIT. Disponível em:
\<http://divulgacand2010.tse.jus.br/divulgacand2010/jsp/abrirTelaDetalheCandidato.action?sqCand=190000001240&sgUe=RJ\>.
Acesso em: 21/8/2010.
