FONTES: ASSEMB. LEGISL. RJ. *Deputados estaduais fluminenses*. Terceira
legislatura (1983-1987); ASSOC. BRAS. MED. LEG. *Ata de fundação*;
*Diário Oficial do Rio de Janeiro* (6/7/1994); *Informativo TCU*
(15-19/9/2003); Programa Linha Direta – Rede Globo (24/6/2004); TCU –
Ata n. 10 – Sessão extraordinária (22/3/2005); SUPR. TRIB. JUST.
(11/12/2000, 12/11, 6/6/2001).
