FONTES: ASSEMB. LEGISL. RJ. *Deputados estaduais fluminenses*
(1995-1999); CÂM. MUN. RJ. Disponível em: \<www.camara.rj.gov.br/\>.
Acesso em: 12/1/2011; Blog pessoal. Disponível em:
\<http://blogdovereadorivanirdemello.blogspot.com/\>. Acesso em:
14/1/2011; *Globo*. Disponível em:
\<http://oglobo.globo.com/pais/eleicoes2008\>.
