FONTES: ASSEMB. LEGISL. RJ. *Deputados*. Disponível em:
\<www.alerj.rj.gov.br/common/deputado.asp?codigo=226\> Acesso em:
28/8/2010; ASSEMB. LEGISL. RJ. *Deputados estaduais fluminenses*. Sétima
legislatura (1999-2003); Página pessoal. Disponível em:
\<www.armandojose.com.br\>. Acesso em: 28/8/2010.
