FONTES: CARONE, E. *República Nova*; CORRESP. GOV. EST. GB; *Encic.
Mirador*; *Grande encic. Delta*; HIRSCHOWICZ, E. *Contemporâneos*;
*Jornal do Brasil* (19/7/1974, 27, 28/11/1976, 20/7/1977); LEVINE, R.
*Vargas*; PEIXOTO, A. *Getúlio*; POPPINO, R. *Federal*; REIS, J.
*Prefeitos*; REIS, J. *Rio*; SILVA, H. *1937*; TODARO, M. *Pastors*.
