FONTES: BEDÊ, W. *Volta Redonda*; CARDIANO, F. *Eleições*; CONF. BRAS.
VÔLEI. Disponível em:
\<www.cbv.com.br/v1/institucional/histbrasileiro.asp\>. Acesso em:
18/5/2011; *Diário Oficial da União* (4/11/1960); *Folha do Interior*.
Disponível em:
\<www.folhadointerior.com.br/v2/page/noticiasdtl.asp?t=PRESIDENTE+DA+CBV+VISITA+ESTRUTURA+ESPORTIVA+DE+VR+&id=15906\>.
Acesso em: 18/5/2011; GALOTTI, O. *Olézio*; MELLO, M. *Parlamento*;
RAMOS, C. *Célio Ramos*; SILVA, L. *Industrialização*; SOARES, P. *CEB*.
