FONTES: ASSEMB. LEGISL. RJ. *Deputados estaduais fluminenses*. Terceira
legislatura (1983-1987); ASSEMB. LEGISL. RJ. *Departamento de Arquivos*.
Disponível em: \<www.alerj.rj.gov.br/center\_arq\_inf\_fase\_2.htm\>;
*Dia*(15/4/2010); PDT-RJ. Disponível em: \<www.pdt-rj.org.br/\>; Via
Iguassu. Disponível em:
\<http://viaiguassu.com/modules/mastop\_publish/\>.
