FONTES: ASSEMB. LEGISL. RJ. *Deputados estaduais fluminenses*. Quarta
legislatura (1987-1991); ASSOC. COM. IND. VALENÇA. Disponível em:
\<www.valenca.org/aciva\>. Acesso em: 3/10/2010; CENT. ENS. SUP.
VALENÇA. Disponível em: \<www.faa.edu.br/odontologia.php\>. Acesso em:
3/10/2010; Currículo do sistema de currículos Lattes. Disponível em:
\<http://buscatextual.cnpq.br/buscatextual/visualizacv.jsp?id=K4556929E6\>.
Acesso em: 3/10/2010.
