FONTES: ASSEMB. LEGISL. RJ. *Deputados estaduais
fluminenses*(1983-1987); ASSEMB. LEGISL. RJ. Disponível em:
\<www.alerj.rj.gov.br/memoria/cd/assembleia/aconstrj.html\>. Acesso em:
10/5/2011; SARMENTO, C. *Espelho*; SOARES, M. *Atalhos*; UNIV. FED.
FLUMINENSE. Disponível em:
\<www.historia.uff.br/labhoi/files/May07itSnnhV\_atalhos\_memoria.pdf\>.
Acesso em: 17/11/2010.
