FONTES: Agência Brasil. Disponível em:
\<http://agenciabrasil.ebc.com.br/noticia/2011-06-03/brasil-lanca-conferencia-rio20-em-meio-discussoes-sobre-codigo-florestal\>.
Acesso em: 18/1/2012; AthosGls. Disponível em:
\<www.athosgls.com.br/noticias\_visualiza.php?contcod=16792\>. Acesso
em: 24/10/2009; *Diário de Notícias*. Portugal. Disponível em:
\<http://dn.sapo.pt/inicio/interior.aspx?content\_id=1000059\>. Acesso
em: 24/10/2009; Eco 21. Disponível em:
\<www.eco21.com.br/textos/textos.asp?ID=1759\>. Acesso em: 24/10/2009;
*Época*. Disponível em:
\<http://revistaepoca.globo.com/Revista/Epoca/0,,ERT4475-15223-4475-3934,00.html\>.
Acesso em: 24/10/2009; *Folha*. Disponível em:
\<www1.folha.uol.com.br/folha/brasil/ult96u591779.shtml\>. Acesso em:
26/10/2009; G1. Disponível em:
\<http://g1.globo.com/Noticias/Politica/0,,MUL469346-5601,00-EXGUERRILHEIRO+CARLOS+MINC+FOI+PRESO+E+EXILADO+DURANTE+A+DITADURA.html\>.
Acesso em: 24/10/2009;
\<http://g1.globo.com/Noticias/Politica/0,,MUL1315363-5601,00.html\>.
Acesso em: 24/10/2009;
\<http://g1.globo.com/rio-de-janeiro/noticia/2011/11/minc-diz-que-multa-de-r-50-milhoes-para-vazamento-no-rj-esta-defasada.html\>.
Acesso em: 18/1/2012; *Globo*. Disponível em:
\<http://oglobo.globo.com/pais/noblat/posts/2009/05/28/minc-chama-ruralistas-de-vigaristas-pt-se-desculpa-190384.asp
24.10.2009\>. Acesso em: 24/10/2009; GOV. RJ. Disponível em:
\<www.rj.gov.br/\>; Página pessoal. Disponível em: \<www.minc.com.br/\>.
Acesso em: 24/10/2009; Planeta Sustentável. Disponível em:
\<http://planetasustentavel.abril.com.br/noticia/ambiente/conteudo\_283848.shtml\>.
Acesso em: 26/10/2009; TV Canal 13. Disponível em:
\<www.tvcanal13.com.br/noticias/para-se-candidatar-em-201017-dos-35-ministros-devem-entregar-cargo-59235.asp\>.
Acesso em: 24/10/2009; *Veja*. Disponível em:
\<http://veja.abril.com.br/150103/p\_036.html\>. Acesso em: 24/10/2009.
