FONTES: ASSEMB. LEGISL. RJ. *Deputados estaduais fluminenses*
(1991-1995); ASSEMB. LEGISL. RJ. Disponível em: \<www.alerj.rj.gov.br\>.
Acesso em: 20/3/2011; UNIV. LONDRINA. Feminismo na Assembleia
Legislativa do Estado do Rio de Janeiro (7/2010). Disponível em:
\<www.uel.br/eventos/gpp/pages/arquivos/3.LourdesMoreira.pdf\>. Acesso
em: 21/3/2011.
