FONTES: ASSEMB. CONST. RJ. *Anais* (1-15/4/1975, v. 2); ASSEMB. LEGISL.
RJ. *Deputados estaduais fluminenses*. Terceira legislatura (1983-1987);
ASSEMB. LEGISL. RJ. *Deputados estaduais fluminenses*.Quarta legislatura
(1987-1991); FERREIRA, J.; REIS, D. *Revolução*; KINZO, M.; BRAGA, M.
*Eleitores*; NU. MEM. POL. FLUM. Disponível em:
\<www.alerj.rj.gov.br/memoria/historia/\>. PREF. MUN. MACAÉ. Disponível
em: \<www.macae.rj.gov.br/\>.
