FONTES: Blog Vitor Longo. Disponível em:
\<http://blogvitorlongo.blogspot.com/\>. Acesso em: 16/3/2011; CÂM. VER.
CAMPOS DOS GOYTACAZES. Disponível em: \<www.camaracampos.rj.gov.br/\>.
Acesso em: 15/3/2011; DivulgaCand2010–TSE. Disponível em:
\<http://divulgacand2010.tse.jus.br/divulgacand2010/jsp/abrirTelaDetalheCandidato.action?sqCand=190000000730&sgUe=RJ\>.
Acesso em: 15/3/2010; *Folha de S.Paulo*. Disponível em:
\<www1.folha.uol.com.br/folha/brasil/ult96u406666.shtml\>. Acesso em:
16/3/2011; G1. Disponível em: \<http://g1.globo.com/\>. Acesso em:
15/3/2011; *Globo*. Disponível em: \<http://oglobo.globo.com/\>. Acesso
em: 16/3/2011; Terra Notícias. Disponível em:
\<http://noticias.terra.com.br/eleicoes/2010/noticias/0,,OI4602057-EI15336,00-RJ+Exprefeito+de+Campos+dos+Goytacazes+e+impugnado+pelo+TRE.html\>.
Acesso em: 15/3/2011; TRIB. SUP. ELEIT. Disponível em:
\<www.tse.gov.br/\>. Acesso em: 15/3/2011.
