FONTES: ASSEMB. LEGISL. RJ. *Deputados estaduais fluminenses*. Terceira
legislatura (1983-1987); COL. PRESIDENTE KENNEDY. Disponível em:
\<www.cpkennedy.com.br/site/historia.htmhttp://www.cpkennedy.com.br/site/historia.htm\>.
Acesso em: 10/10/2010; TRIB. SUP. ELEIT. Disponível em:
\<www.tse.jus.br/\>. Acesso em: 10/12/2010.
