FONTES: ASSEMB. LEGISL. RJ. *Anais*; CÂM. DEP. Decreto-Lei n^o^ 2.302
(13/6/1940). Disponível em:
\<www2.camara.gov.br/legin/fed/declei/1940-1949/decreto-lei-2302-13-junho-1940-412140-publicacaooriginal-1-pe.html\>.
Acesso em: 1/9/2011; *Correio da Manhã* (23/2/1965); FERREIRA, M.
*República*; *Jornal do Comércio* (17/7, 31/12/1904); SENADO. Decreto
n^o^ 11.859 (5/1/1916). Disponível em:
\<www6.senado.gov.br/legislacao/ListaNormas.action?numero=11859&tipo\_norma=DEC&data=19160105&link=s\>.
Acesso em: 1/9/2011; SOARES, E. *História*.
