FONTES: ASSEMB. LEGISL. RJ. *Deputados estaduais fluminenses*
(1999-2003); ASSEMB. LEGISL. RJ. Disponível em:
\<www.alerj.rj.gov.br/\>. Acesso em: 22/2/2011; CÂM. MUN. DUQUE DE
CAXIAS. Disponível em: \<www.cmdc.rj.gov.br/\>. Acesso em: 22/2/2011;
TRIB. REG. ELEIT. RJ. Disponível em:
\<www.tse.gov.br/internet/eleicoes/2000/result\_blank.htm\>. Acesso em:
22/2/2011.
