FONTES: ASSEMB. LEGISL. RJ. *Deputados estaduais fluminenses*. Quarta
legislatura (1987-1991); **CÂM. MUN. COMENDADOR LEVY GASPARIAN
(18/2/2009); *Info. Dir. Exec.*** *Assoc. Nac. Serv. Previd. Seguridade
Social* ***INSS*** **(ano 3, n. 124, 17/3/2004);** PREF. IGARAPAVA.
Portaria n^o^ 1.026 de 25/10/1991. Disponível em:
\<www.igarapava.sp.gov.br/pdfLeis/portarias/1026%251991.pdf\>**.**
