FONTES: ASSEMB. LEGISL. RJ. *Anais*; CÂM. MUN. NOVA IGUAÇU. Disponível
em: \<www.cmni.rj.gov.br\>. Acesso em: 12/12/2011; *Correio da Manhã*
(12/12/1941); *Diário de Notícias* (11/11/1891); *Diário Fluminense*
(27/2/1914); *Estado* (27/3/1923, 20/4, 22/5/1924, 19/8, 3/10/1930);
FERREIRA, M. *República*; *Fluminense* (13-21/12/1915); *Gazeta de
Notícias* (20/11/1890); *Gazeta de Petrópolis* (14/2/1899); *Imparcial*
(21/6/1914); *Jornal do Comércio* (18/12/1915); *País* (4/5/1892,
7/4/1908); SOARES, E. *História*.
