FONTES: *Diário de Teresópolis*. Disponível em:
\<www.odiariodeteresopolis.com.br/leitura\_noticias.asp?IdNoticia=6845\>.
Acesso em: 21/5/2011; Jus Brasil. Disponível em:
\<www.jusbrasil.com.br/legislacao/228620/resolucao-735-1990-rio-de-janeiro-rj\>.
Acesso em: 21/5/2011; *Macabu News*. Disponível em:
\<www.macabunews.com.br/informativo.php?cat=ACidade\>. Acesso em:
21/5/2011; PREF. CONCEIÇÃO DE MACABU. Disponível em:
\<www.conceicaodemacabu.rj.gov.br/governo.php?pag=1\>. Acesso em:
21/5/2011.
