FONTES: ARQ. DEP. PESQ. JORNAL DO BRASIL; CÂM. DEP. *Deputados*; CÂM.
DEP. *Relação dos dep.*; CÂM. DEP. *Relação nominal dos senhores*;
CISNEIROS, A. *Parlamentares*; *Jornal do Brasil* (7/4/1974, 6/5, 2,
3/8, 6, 10/9/1978, 20/6/1980); LIGA DA EMANCIPAÇÃO NAC.; *Temas de
Ciências Humanas* (9); TRIB. SUP. ELEIT. *Dados*; *Veja* (13/9/1978).
