FONTES: Amigos de Miracema. Disponível em:
\<www.grupos.com.br/blog/miracemenses/\>. Acesso em: 2/4/2011; CÂM. MUN.
CAMPOS DOS GOYTACAZES. Disponível em: \<www.camaracampos.rj.gov.br/\>.
Acesso em: 2/4/2011; Instituto Historiar. Disponível em:
\<http://institutohistoriar.blogspot.com/\>. Acesso em: 2/4/2011;
*Itaperuna Online*. Disponível em: \<www.itaperunaonline.com.br/\>.
Acesso em: 2/4/2011.
