FONTES: ABREU, A. *Dicionário*; ASSEMB. LEGISL. RJ. Disponível em:
\<www.alerj.rj.gov.br/memoria/cd/assembleia/aconstrj.html\>. Acesso em:
10/5/2011; DINIZ, E. *Máquinas*; FURTADO, A. *Salgando*; GRINBERG, L.
*Partido*; *Jornal do Brasil* (23/11/1965, 16, 19/3/1975); KINZO, M.
*Oposição*; MOTTA, M. *Fusão*; MOTTA, R. *Partido*; NADER, A.
*Autênticos*; SARMENTO, C. *E**spelho*; TRIB. SUP. ELEIT. *Dados* (1965,
1966, 1970, 1974).
