FONTES: Americo.usal.es. Disponível em:
\<http://americo.usal.es/oir/elites/curriculums\>; ASSOC. GENEVIÈVE
LUGON–MOULIN. Disponível em:
\<www2.connection.com.br/dmoulin/jornal35.pdf\>; Blog Jornal Mais.
Disponível em:
\<http://jornalmaisbjnf.blogspot.com/2009/06/deputado-neilton-mulim-traz-r-100-mil.html\>;
CÂM. DEP. Disponível em: \<www2. camara.gov.br/deputados\>; *Fluminense*
(12/8/2008); *Folha de S.Paulo* (4/10/2004); Página pessoal. Disponível
em: \<www.neiltonmulim.com.br\>; Políticos & Política. Disponível em:
\<http://politicos.br101.org/neilton-mulim\>.
