FONTES: ALMEIDA. C. *Catete*; Exposição comemorativa Museu da República
(1980); BERNDT, A.; BASTOS, R. *IPHAN*; Coleção Museu da República
(1958-1990). Arquivo Histórico do Museu da República; Coleção Palácio do
Catete. Arquivo Histórico do Museu da República; FOLLY, L.; OLIVEIRA, L;
FARIA, A. *Barão*; LESSA, F. *Vida*; LIMA, F. *Bens*; LUSTOSA, I.
*História*; MATHIAS, H. *Palácio*; *MUSEU da República*; Plano
Museológico do Museu da República, 2010.
