FONTES: *Arte contemporânea*; Experiências Educativas. Museu de Arte
Contemporânea de Niterói (Caderno 2, 2009); *MAC*; Mac Niterói.
Disponível em: \<www.macniteroi.com.br\>. Acesso em: 28/6/2010; *Museu
de Arte*; *Verbo & Imagem* (ano 6, n. 61, 7/1996, p. 10); *Veja Rio*.
Mestre de obras (18/2/2009, p. 24-29).
