FONTES: ASSEMB. LEGISL. RJ. Decreto-Lei n^o^ 126/1975. Disponível em:
\<http://alerjln1.alerj.rj.gov.br/decest.nsf/\>. Acesso em: 22/9/2011;
MUSEU HISTÓRIA E ARTES RJ. Disponível em:
\<www.museusdoestado.rj.gov.br/mhaerj/casa.htm\>. Acesso em: 12/7/2010;
SEC. CULT. RJ. Disponível em:
\<www.cultura.rj.gov.br/apresentacao-espaco/museu-do-inga\>. Acesso em:
22/9/2011.
