FONTES: **BARBOSA, A. *Outras*;** Material de Divulgação Oficial do
Museu Histórico do Exército. 2011; Forte de Copacabana. Disponível em:
\<www.fortedecopacabana.com\>. Acesso em: 6/2011; *Revista Museu*.
**Museu Histórico do Exército**. Disponível em:
\<www.revistamuseu.com.br\>. Acesso em: 7/2011; *Revista Museu*.
**Revista Museu visita a Reserva Técnica do MHEx**. Disponível em:
\<www.revistamuseu.com.br\>. Acesso em: 7/2011.
