FONTES:ANDERMANN, J. *Museu*;CARVALHO, J. *Museu*;DOMINGUES, H.
*Ciências*; FARIA, L. *Antropologia: espetáculo*; FARIA, L.
*Antropologia – escritos*; LACERDA, J. *Fastos*; LOBO, B. *Museu*;
LOPES, M. *Brasil*; LOPES, M. *Formação*; MUSEU NACIONAL. Disponível em:
\<www.museunacional.ufrj.br\>. NETTO, L. *Investigações*; NETTO, L.
*Musée*; Magali Romero Sá. Disponível em:
\<http://lattes.cnpq.br/2113162133428063\>; SÁ, M.; DOMINGUES, H.
*Museu*.
