FONTES: ASSEMB. LEGISL. RJ. *Legislação estadual*; ASSEMB. LEGISL. RJ.
*Comissões permanentes*; *Estado de S. Paulo* (15/4/2010); *Extra*
(14/4/2010); *Globo* (12/2, 2 e 12/3/2009, 13/4/2010, 27/10/2011);
*IstoÉ* (14/4/2010); NADER JÚNIOR, J. *Currículo*; TRIB. SUP. ELEIT.
*Eleições* (1998, 2002, 2006, 2010); *Veja* (14/5/2010).
