FONTES: ASSEMB. LEGISL RJ. *Deputados estaduais fluminenses*. Sexta
legislatura (1995-1999); ASSEMB. LEGISL. RJ. Disponível em:
\<http://alerjln1.alerj.rj.gov.br\>; ASSEMB. LEGISL. RJ. *Documentos*;
Juventude PT Angra dos Reis. Disponível em:
\<http://juventudeptangra.blogspot.com/2010/03/neirobis-nagae-uma-reflexao-sobre.html\>.
