FONTES: ASSEMB, LEGISL. RJ. *Deputados estaduais fluminenses*. Sexta
legislatura (1995-1999); ASSEMB. LEGISL. RJ. *Resoluções*. Disponível
em:
\<http://alerjln1.alerj.rj.gov.br/CONTLEI.NSF/ResolucaoAutorInt?OpenForm&Start=315&Count=15&Expand=323\>;
ASSEMB. LEGISL. RJ. *Leis ordinárias por autor*. Disponível em:
\<http://alerjln1.alerj.rj.gov.br/CONTLEI.NSF/leiOrdAutorInt?OpenForm&Start=311.10&Count=15&Expand=314\>;
ASSEMB. LEGISL. RJ. *Documentos*. Disponível em:
\<http://alerjln1.alerj.rj.gov.br/scpro.nsf/c117efcede3c2c7b032565020052e8ec/58d7faf4ca4fa84a032566d7005feb26?OpenDocument\>;
\<http://alerjln1.alerj.rj.gov.br/contlei.nsf/f25571cac4a61011032564fe0052c89c/36155089ba325184032565c20075ef4f?OpenDocument\>;
Uol Notícias. Disponível em:
\<www1.uol.com.br/fernandorodrigues/arquivos/eleicoes98/resultados/1o\_turno/assembleias/riodejaneiro-estaduais.shl\>.
