FONTES: ASSEMB. LEGISL. RJ. *Deputados estaduais fluminenses*
(1991-1995); PREF. NILÓPOLIS. Disponível em:
\<www.nilopolis.rj.gov.br/site/galeria-de-prefeitos/\>. Acesso em:
24/1/2011; Sidney Rezende. Disponível em:
\<www.sidneyrezende.com/noticia/16338/?p=2\>. Acesso em: 24/1/2011; Uol
Notícias. Disponível em:
\<http://noticias.uol.com.br/politica/politicos-brasil/2010/deputado-federal/04031946-neca.jhtm\>.
Acesso em: 24/1/2011.
