FONTES: ASSEMB. LEGISL. RJ. *Anais*(1952); BIO. Laura Freire de Arruda.
Disponível em:
\<www.genealogiafreire.com.br/bio\_laura\_freire\_de\_arruda.htm\>.
Acesso em: 23/1/2011; BIO. Sebastião de Arruda Negreiros. Disponível em:
\<http://pagfam.geneall.net/0555/pessoas.php?id=1039694\>. Acesso em:
23/1/2011; Presidentes da Câmara de Nova Iguaçu. Disponível em:
\<http://pt.wikipedia.org/wiki/Anexo:Lista\_de\_presidentes\_da\_C%C3%A2mara\_de\_Vereadores\_de\_Nova\_Igua%C3%A7u\>.
Acesso em: 23/1/2011.
