FONTES: ASSEMB. LEGISL. RJ. *Deputados estaduais fluminenses*, Sétima
legislatura (1999-2003); ASSEMB. LEGIS. RJ. Disponível em:
\<www.alerj.rj.gov.br/jornalalerj/jornalalerj37.pdf\>; *Extra*.
Disponível em:
\<http://extra.globo.com/rio/materias/2008/04/01/alerj\_cassa\_mandatos\_de\_renata\_do\_posto\_jane\_cozzolino\_mas\_absolve\_tucalo\_joao\_peixoto-426628241.asp
Globo-Guapimirim-barrado pelo TSE, Nelson do Posto elege sobrinho\>;
*Globo*. Disponível em:
\<http://oglobo.globo.com/rio/mat/2008/12/31/tse-permite-que-junior-do-posto-tome-posse-como-prefeito-de-guapimirim-587750415.asp\>,
\<http://oglobo.globo.com/rio/mat/2010/11/28/morre-ex-prefeito-de-guapimirim-nelson-do-posto-923129792.asp\>;
Inf. Patrícia Machado Orsi (15/4/2011); PREF. GUAPIMIRIM. Disponível em:
\<http://guapimirim.rj.gov.br/\>.
