FONTES: ASSEMB. LEGISL. RJ. *Deputados estaduais fluminenses*. Terceira
legislatura (1983-1987); Moção n^o^ 10.337 (7/3/2006); ASSEMB. LEGISL.
RJ. *Documentos*; *Globo* (24/3/2009); *Revista Internacional
Interdisciplinar INTERthesis* (7/2009). Disponível em:
\<urutau.proderj.rj.gov.br/isp\_imagens/Uploads/Artigo2007005.pdf\>;
*Tribuna do Advogado/OAB-RJ* (8/9/1985).
