FONTES: DINSMORE ASSOCIATES.
\<www.dinsmorecorp.com/br/team/id10/José\_Augusto\_Neves\>. Acesso em:
10/11/2011; *Fluminense* (4/11/2010). Disponível em:
\<http://jornal.ofluminense.com.br/editorias/cidades/ministerio-publico-entra-na-justica-contra-jorge-roberto\>.
Acesso em: 2/5/2011; *Globo* (4/11/2010). Disponível em:
\<http://oglobo.globo.com/rio/mat/2010/11/04/mp-quer-reaver-2-milhoes-pagos-membros-de-conselho-consultivo-de-niteroi-processa-prefeito-por-improbidade-administrativa-922951551.asp\>.
Acesso em: 2/5/2011; *Jornal do Brasil* (14/3/1969); OLIVEIRA, P.
*Atos*; PREF. NITERÓI. Disponível em:
\<www.niteroi.rj.gov.br/index.php?option=com\_content&view=article&id=607:conselho-consultivo-nao-tera-remuneracao\>.
Acesso em: 2/5/2011.
