FONTES: ASSEMB. LEGISL. RJ. *Anais* (1892-1894); COL. BRAS. GENEALOGIA.
Disponível em: \<www.cbg.org.br/arquivos\_genealogicos\_r\_02.html\>.
Acesso em: 21/10/2011; *Diário Oficial da União*. (8/6/1917, p. 6100).
Disponível em:
\<www.jusbrasil.com.br/diarios/1779834/dou-secao-1-08-06-1917-pg-17/pdfView\>.
Acesso em: 29/6/2011; FERREIRA, M. *República*; INST. HIST. PETRÓPOLIS.
Disponível em:
\<www.ihp.org.br/colecoes/lib\_ihp/docs/jfan20100207.htm\>. Acesso em:
1/7/2011; MUAZE, M. *Império*; MUAZE, M. *Verso*.
