FONTES: BRINCHES, V. *Dicionário*; COUTINHO, A. *Brasil*; *Encic.
Mirador*; *Estado de S. Paulo* (10/6/1980); *Globo* (9/6/1980); *Grande
encic. Delta*; *Jornal do Brasil* (12, 16/10/1966, 9, 12, 14/6/1980);
MACEDO, R. *Efemérides*; MELO, O. *Marcha*; MENESES, R. *Dicionário*;
NÉRI, S. *16*; *Quem é quem no Brasil*; RIBEIRO FILHO, J. *Dicionário*;
*Súmulas*; TRIB. SUP. ELEIT. *Dados* (6 e 8); *Who’s who in Brazil*.
