FONTES: CÂM. DEP. *Deputados brasileiros*. Repertório (1983-1987);
*Folha de S.Paulo* (27/10/1989, 12/2/1997); *Globo* (17/9/1992); INF.
BIOG. *Jornal do Brasil* (5/7/1983, 27/9/1992); Terra Magazine.
Disponível em:
\<http://terramagazine.terra.com.br/interna/0,,OI4065042-EI6578,00-Sebastiao+Nery+Lula+se+aliou+a+Judas+FHC+a+Satanas.html\>;
*Última Hora* (22/3/1985).
