FONTES: CPDOC. Disponível em:
\<http://cpdoc.fgv.br/producao/dossies/Jango/artigos/AConjunturaRadicalizacao/O\_golpe\_de\_1964\>.
Acesso em: 14/4/2011; INF. João Kiffer Netto (3/5/2011); OLIVEIRA, P.
*Atos*; PLANALTO. Disponível em: \<www.planalto.gov.br/\>. Acesso em:
14/4/2011; Uol – Educação. Disponível em:
\<http://educacao.uol.com.br/historia-brasil/bipartidarismo.jhtm\>.
Acesso em: 14/4/2011.
