FONTES: ABI. Disponível em:
\<www.abi.org.br/paginaindividual.asp?id=190\>. Acesso em: 14/6/2011;
CÂM. MUNI. RJ. Disponível em: \<www.camara.rj.gov.br/\>. Acesso em:
14/6/2011; Estante Virtual. Disponível em:
\<www.estantevirtual.com.br/\>. Acesso em: 15/6/2011; NÚC. MEM. POL.
CARIOCA E FLUMINENSE. Disponível em:
\<www.alerj.rj.gov.br/memoria/historia/prefrj/saturnino\_braga.html\>.
Acesso em: 14/6/2011; UNIRIO. Pós-Graduação em Memória Social.
Disponível em: \<www.memoriasocial.pro.br/\>. Acesso em: 14/6/2011.
