FONTES: ASSEMB. LEGISL. GB. *Anais*; ASSEMB. LEGISL. RJ. *Noticiário*.
Disponível em:
\<www.alerj.rj.gov.br/common/noticia\_corpo2.asp?num=26457\>. Acesso em:
24/9/2010; BIO. Em defesa da umbanda. Disponível em:
\<http://emdefesadaumbanda.com.br/biografia.php\#attila\_nunes\>. Acesso
em: 24/9/2010.
