FONTES: ASSEMB. CONST. RJ. *Anais* (1947); ASSEMB. LEGISL. RJ. *Anais*
(1947); *Ato Institucional* (9/4/1964); *Correio da Manhã* (27/8/1968);
Desaparecidos Políticos. Disponível em:
\<www.desaparecidospoliticos.org.br\>; *Diário Oficial do Estado do Rio
de Janeiro* (29/6/2010); *Folha de S.Paulo* (27/4/1978); TELES, J.
*Mortos*; Tortura Nunca Mais. Disponível em:
\<www.torturanuncamais-rj.org.br\>.
