FONTES: ASSEMB. NAC. CONST. *Repertório* (1987-1988); CÂM. DEP.
*Deputados*; CÂM. DEP. *Deputados brasileiros*. Repertório (1963-1967,
1967-1971, 1971-1975, 1991-1995); CÂM. DEP. *Relação*; COELHO, J.;
OLIVEIRA, A. *Nova*; *Globo* (3/4/1990); INF. CLÁUDIA AGUIAR DE
OLIVEIRA; *Jornal do Brasil* (19/4, 9/8/1976, 6/8/1988); *Perfil*
(1972).
