FONTES: ASSEMB. LEGISL. RJ. *Deputados estaduais fluminenses*. Terceira
legislatura (1983-1987); Curriculum vitae Juberlan de Oliveira; PREF.
DUQUE DE CAXIAS. Disponível em: \<www.duquedecaxias.rj.gov.br/\>. Acesso
em: 7/12/2010; TRIEL, Carlos Gilberto. *De volta para o passado, com
Sheila Gama*. Disponível em:
\<http://noticiasdoalmeida.blogspot.com/2010/04/de-volta-para-o-passado-com-sheila-gama.html\>.
Acesso em: 7/12/2010.
