FONTES: ASSEMB. LEGISL. GB. *Anais* (1974); ASSEMB. LEGISL. RJ.
Disponível em:
\<www.alerj.rj.gov.br/memoria/cd/assembleia/aconstrj.html\>. Acesso em:
10/5/2011; ASSEMB. LEGISL. RJ. *Legislaturas*. Disponível em:
\<www.alerj.rj.gov.br/arquivo.htm\>. Acesso em: 20/3/2011; MOTTA, M.
*Mania*; SARMENTO, C. *Espelho*.
