FONTES: ABRANCHES, J. *Governos* (v. 1); Blog Literário. *Deputados
Sanjoanenses*. Disponível em:
\<http://carlosaadesa.wordpress.com/aspectos-culturais-sanjoanenses/parte-iv/\>.
Acesso em: 19/2/2011; CÂM. DEP. *Anais*; *Fluminense* (1/9/1896);
HENRIQUES, M. *Terra*; Itaperuna Online. Personalidades históricas.
Disponível em:
\<www.itaperunaonline.com.br/portal/default.asp?modulos=personalidadeshistoricas&p=002\>.
Acesso em: 19/2/2011; *Jornal do Brasil* (31/8/1896); *Jornal do
Comércio* (31/8/1896).
