FONTES: ACAD. BRAS. POESIA. Disponível em:
\<www.rauldeleoni.org/academicos\_titulares/walter\_pacheco.html\>.
Acesso em: 10/4/2011; CARDIANO, F. *Eleições*; *Diário Oficial*
(19/3/1980, seção I, p. 4768). Disponível em:
\<www.glin.gov/download.action?[…]en\>. Acesso em: 10/4/2011; FERREIRA,
J. *Sociedade*;SARMENTO, C. *Espelho*; TOLEDO, C. *Governo*.
