FONTES: ASSEMB. LEGISL. RJ. *Documentos parlamentares*; ASSEMB. LEGISL.
RJ. *Anais* (15-31/3/1975); *Diário Oficial do Poder Legislativo*
(4/1/1979); *Diário Oficial da União* (8/7/1986); Jus Brasil. Disponível
em:
\<www.jusbrasil.com.br/noticias/2039850/ex-prefeito-admite-que-funcionaria-cedida-ao-tce-nao-era-concursada\>;
Rádio Feliz. Disponível em:
\<www.radiofeliz.com.br/site/sobre-a-radio/\>; TRIB. SUP. ELEIT.
Eleições, 1996.
