FONTES: ASSEMB. LEGISL. RJ. *Deputados estaduais fluminenses*
(1991-995); *D**ia*. Disponível em:
\<http://odia.terra.com.br/portal/rio/html/2009/5/ex\_prefeito\_de\_padua\_e\_mais\_cinco\_sao\_presos\_em\_operacao\_do\_ministerio\_publico\_14372.html\>.
Acesso em: 17/1/2011; TRIB. SUP. ELEIT. Disponível em:
\<www.tse.gov.br\>. Acesso em: 1/2/2011.
