FONTES: ASSEMB. LEGISL. RJ. *Deputados estaduais fluminenses*. Terceira
legislatura (1983-1987); ASSEMB. LEGISL. RJ. Disponível em:
\<www.alerj.rj.gov.br\>. Acesso em: 30/12/2010; Blog de Edson Nogueira
Paim. Disponível em: \<www.blogger.com/profile/04886160289569279765\>.
Acesso em: 30/12/2010; Mestrado Acadêmico em Ciências do Cuidado em
Saúde. Disponível em: \<www.uff.br/maccs/historico.php\>. Acesso em:
30/12/2010; *TV Morena*. Disponível em:
\<http://rmtonline.globo.com/home/index\_tv\_morena.htm\>. Acesso em:
30/12/2010.
