FONTES: Diário do Rio de Janeiro. Disponível em:
\<http://diariodorio.com\>; *Estado de S. Paulo*. Disponível em:
\<www.estadao.com.br\>; G1. Disponível em:
\<http://g1.globo.com/noticias/politica\>; INF. BIOG. por Andre Chaves;
Movimento Pró-Democracia. Disponível em:
\<http://pro-democracia.blogspot.com\>; Sidney Rezende. *Eleições 2008*.
Disponível em: \<www.sidneyrezende.com.br\>; Tudo em Foco. Disponível
em: \<www.tudoemfoco.com.br\>; *Veja*. Disponível em:
\<http://veja.abril.com.br/noticia/brasil/eduardo-paes-eleito-50-78-votos-395055.shtml\>.
