FONTES: ASSEMB. LEGISL. RJ. *Deputados estaduais fluminenses*. Terceira
legislatura (1983-1987); ASSEMB. LEGISL RJ. *Deputados estaduais
fluminenses*. Quinta legislatura (1991-1994); ASSEMB. LEGISL. RJ.
Disponível em: \<www.alerj.rj.gov.br/\>. Acesso em: 17/12/2010; BARROZO,
A. *José*; CPDOC. Disponível em: \<http://cpdoc.fgv.br/\>. Acesso em:
20/12/2010; PLANALTO NACIONAL. Disponível em: \<www.planalto.gov.br\>.
Acesso em: 20/12/2010; PRADO, A; BARROSO, B. *Creche*.
