FONTES: AGUIAR, L. *Palácio*; Alma Carioca. Disponível em:
\<www.almacarioca.com.br/monroe.htm\>. Acesso em: 24/1/2007;
CAMPOFIORITO, Í. *Muda*; CASCO, A. *Sobre*; COMPANHIA DO METROPOLITANO
DO RIO DE JANEIRO. *Relatório* (1973); DECOURT, A. *P**ouco*; FREIRE,
A.; OLIVEIRA, L. *Memória*; GÉRSON, B. *História*; MÁXIMO, J.
*Cinelândia*; PARAIZO, R. *Representação*; SANCHES, M. *C**onstruções*.
