FONTES: ASSEMB. LEGISL. RJ. *Anais* (1917, 1918); *Diário Oficial da
União* (7/6/1908); *Estado* (12/4/1923); FERREIRA, M. *República*;
*Fluminense* (13, 21/12/1915); *Gazeta da Manhã* (5/5/1915); LAEMMERT,
E. *Almanak* (1915); Leituras & Gostosuras. Disponível em:
\<http://leituras-gostosuras.blogspot.com\>; NOFUENTES, V. *D**esafio*;
SOARES, E. *História*.
