FONTES: ASSEMB. LEGISL. RJ. Disponível em: \<www.alerj.gov.br\>. Acesso
em: 17/2/2011; Página pessoal. Disponível em:
\<www.inespandelo.com.br/page/sobreInes.asp\>. Acesso em: 23/2/2011;
TRIB. SUP. ELEIT. Disponível em: \<www.tse.gov.br\>. Acesso em:
18/2/2011; \<http://divulgacand2010.tse.jus.br/divulgacand2010/jsp\>.
Acesso em: 20/2/2011, \<http://divulgacao.tse.gov.br/\>. Acesso em:
20/2/2011.
