FONTES: ASSEMB. LEGISL. RJ. Disponível em:
\<www.alerj.rj.gov.br/common/deputado.asp?codigo=340\>. Acesso em:
3/2/2011; Página pessoal. Disponível em:
\<www.marciopanisset.com.br/site/index.php?option=com\_content&view=article&id=19&Itemid=27\>.
Acesso em: 3/2/2011; Transparência Brasil. Disponível em:
\<www.excelencias.org.br/@candidato.php?id=10799&cs=19\>. Acesso em:
3/2/2011.
