FONTES: CARDIANO, F. *Eleições*; CHILCOTE, R. *Brazilian*; *Estado de S.
Paulo* (23/10/2011); *Folha de S.Paulo* (24/4/1986, 30/1, 30/4,
28/6/1987, 2/12/1989, 13/3/1991, 28, 30/8/1995); *Globo* (28/8/1995);
*Jornal do Brasil* (15/4/1988, 8/9/1995); LEVI, N. *PCdoB*; MAKLOUF, L.
*Pedro*; PARTIDO COMUNISTA DO BRASIL. *Documentos*; PARTIDO COMUNISTA DO
BRASIL. *Guerra*; TRIB. SUP. ELEIT. Disponível em: \<www.tse.gov.br/\>.
Acesso em: 1/12/2009, \<www.tse.jus.br\>. Acesso em: 3/11/2011;*Tempo*
(16-22/8, 18-25/10/1979).
