FONTES: ASSEMB. LEGISL. RJ. Disponível em: \<www.alerj.rj.gov.br\>.
Acesso em: 1/11/2011; BELOCH, I.; ABREU, A. *Dic.*; *Folha de S.Paulo*
(23/10/1990); *IstoÉ* (9/10/1994); *Jornal do Brasil* (13/5, 27/6, 11/7,
4, 11/8/1985, 10/10/1990, 16/10/1994); *Partido da Mobilização
Nacional*; PMN. *Programa*; TRIB. SUP. ELEIT. Disponível em:
\<www.tse.gov.br\>. Acesso em: 23/1/2010.
