FONTES: ABREU, A. *Dic.*; MELLO, M. *Parlamento*; Portal ALERJ.
Disponível em:
\<www.alerj.rj.gov.br/center\_arq\_inf\_fase\_2\_partidos.htm\>. Acesso
em: 21/7/2011; Portal Dados Eleitorais. Disponível em:
\<http://jaironicolau.iesp.uerj.br/index.html\>. Acesso em: 10/11/2011;
SOARES, E. *História*.
