FONTES: ABREU, A. *Dic*. Verbetes: XAVIER, Libânio. César Maia, GALVÃO,
Cláudia. Darci Ribeiro, KELLER, Vilma, COSTA, Marcelo, DIAS, Sônia.
Leonel Brizola, GALVÃO, Cláudia, COUTO, André. Saturnino Braga. SILVA,
Fabrício Pereira da, Anthony Garotinho, GUANABARA, Ricardo. Partido
Democrático Trabalhista. Disponível em:
\<www.fgv.br/CPDOC/BUSCA/Busca/BuscaConsultar.aspx\>; FREIRE, A. *Novo*;
GOMES, A. *Direito*; MOTTA, M. *Rio de Janeiro*; SENTO-SÉ, J.
*Brizolismo*;*Veja* (11/8/1982, 26/11/1986).
