FONTES: ABREU, A.*Dic*. Disponível em:
\<http://cpdoc.fgv.br/acervo/dhbb\>. Acesso em: 18/10/2011; *Folha de
S.Paulo* (2, 26, 27, 31/3, 6/6, 9/10/2008); Jairo Nicolau. Disponível
em: \<http://jaironicolau.iesp.uerj.br/banco2004.html\>. Acesso em:
18/10/2011; NICOLAU, J. *Dados* (1982-2006); TRIB. REG. ELEIT. RJ.
Disponível em: \<www.tre-rj.gov.br\>. Acesso em: 18/10/2011.
