FONTES: *Estado de S. Paulo*; *Folha de S.Paulo*; *Globo*; Jair Nicolau.
Disponível em: \<http://jaironicolau.iesp.uerj.br\>. Acesso em:
1/12/2011.*Jornal do Brasil*; KINZO, M.*Radiografia*; NICOLAU, J.
*Multipartidarismo*. TRIB. SUP. ELEIT. Disponível em:
\<www.tse.jus.br/eleicoes/eleicoes-anteriores\>. Acesso em: 1/12/2011.
