FONTES: ASSEMB. LEGISL. RJ. Disponível em: \<www.alerj.rj.gov.br/\>.
Acesso em: 3/11/2011; ABREU, A. *Dic*. Partido Social Cristão (verbete);
CÂM. DEP. Disponível em: \<www.camara.gov.br\>. Acesso em: 3/11/2011;
Jairo Nicolau. Disponível em:
\<http://jaironicolau.iesp.uerj.br/banco2004.html\>. Acesso em:
3/11/2011; NICOLAU, J. *Multipartidarismo*; TRIB. SUP. ELEIT. Disponível
em: \<www.tse.jus.br/eleicoes/eleicoes-anteriores\>. Acesso em:
31/10/2011.
