FONTES: Jairo Nicolau. Disponível em:
\<http://jaironicolau.iuperj.br/banco2004.html\>. Acesso em: 30/10/2009;
PSL. *Candidato*. Disponível em: \<www.pslnacional.org.br/?p=393\>.
Acesso em: 30/10/2009; PSL. *História*. Disponível em:
\<www.pslnacional.org.br/?page\_id=249\>. Acesso em: 30/10/2009; PSL.
*Propostas do partido*. Disponível em:
\<www.pslnacional.org.br/?page\_id=83\>. Acesso em: 30/10/2009; TRIB.
SUP. ELEIT. Disponível em: \<www.tse.gov.br\>. Acesso em: 30/10/2009.
