FONTES: ASSEMB. LEGISL. RJ. *Anais* (1913-1915); *Dicionário
histórico-biográfico das ciências da saúde no Brasil*.Disponível em:
\<www.dichistoriasaude.coc.fiocruz.br\>. Acesso em: 5/2010; *Estado*
(17/6/1921, 5/12/1926, 9/2/1927, 12/2/1927, 25/3/1927, 3/4/1927,
7/4/1927); *Fluminense* (21/12/1915); PIMENTEL, L. *Eles*.
