FONTES: ABREU, A. *Dic.*; Alfredo Sirkis. Disponível em:
\<www.sirkis.com.br\>. Acesso em: 7/9/2011; Fernando Gabeira. Disponível
em: \<www.gabeira.com.br/\>. Acesso em: 7/9/2011;Jairo Nicolau. *Dados
eleitorais* (1982-2006). Disponível em:
\<http://jaironicolau.iesp.uerj.br/banco2004.html\>. Acesso em:
6/9/2011; TRIB. SUP. ELEIT. *Eleições*. Disponível em:
\<www.tse.gov.br\>. Acesso em: 4/9/2011; Uol. Disponível em:
\<http://eleicoes.uol.com.br/2008/ultnot/multi/2008/10/27/0402356EC8A12326.jhtm\>.
Acesso em: 7/9/2011.
