FONTES: CÂM. DEP. Disponível em:
\<www.camara.gov.br/internet/deputado\>; CONAMAD; *Jornal Pequeno*:
*Globo*. Disponível em:
\<http://oglobo.globo.com/pais/mat/2010/05/27/pastor-manoel-ferreira-se-crivella-entrar-por-uma-porta-eu-saio-por-outra-916706624.asp\>;
*Folha de S.Paulo* (10/2/2007, 20/4, 1/6, 17/7/2008).
