FONTES: ASSEMB. LEGISL. RJ. *Deputados estaduais fluminenses*. Sétima
legislatura (1999-2003); ASSEMB. LEGISL. RJ. Disponível em:
\<www.alerj.rj.gov.br/center\_arq\_inf\_fase\_2.htm\>. Acesso em:
23/2/2011, \<http://alerjln1.alerj.rj.gov.br/wwwalerj.nsf/pages/Disc\>.
Acesso em: 23/2/2011,
\<http://alerjln1.alerj.rj.gov.br/taqalerj2006.nsf/5d50d39bd976391b83256536006a2502/17aa7d88c603e07b0325676700745e76?OpenDocument\>.
Acesso em: 23/2/2011; TRIB. SUP. ELEIT. Disponível em:
\<www.tse.gov.br/internet/eleicoes/1998/result\_blank.htm\>. Acesso em:
24/2/2011.
