FONTES: CÂM. MUN. RJ. Disponível em: \<www.camara.rj.gov.br\>. Acesso
em: 6/2/2011; TRIB. REG. ELEIT. RJ. Disponível em:
\<www.tre-rj.gov.br/\>. Acesso em: 6/2/2011; Uol Notícias. Disponível
em:
\<http://noticias.uol.com.br/politica/politicos-brasil/2006/deputado-estadual/10031952-pastor-ely-patricio.jhtm\>.
Acesso em: 6/2/2011.
