FONTES: ACIB-RJ (2008); ASSEMB. LEGISL. RJ; CÂM. ÍTALO-BRAS. COM. IND.
(4/2009); CORECON-RJ (Resolução n^o^ 11/2009, de 19/2/2009); Correio do
ILAC; *Dia* (5/1/2008); *Diário Oficial do Estado do Rio de Janeiro*
(4/2/1991); *Diário da República Eletrônico*. Disponível em:
\<www.dre.pt/iolp/clisboa.html\>; *Fluminense* (25/8, 4/9/2006,
2/12/2007); *Folha de Niterói* (10-16/5/2008); *Globo* (19/10/1990);
TRIB. SUP. ELEIT. *Eleições* (2006).
