FONTES**:** CÂM. DEP. *Deputados brasileiros*. Repertório (1999-2003,
2003-2007); Direito2 (17/10/2006); *Globo.* Disponível em:
\<http://oglobo.globo.com/pais/eleicoes2006/mat/2006/09/28/285873804.asp\>.
Acesso em: 6/10/2010; PREF. VOLTA REDONDA. Disponível em:
\<www.portalvr.com/cidade/historico.php\>. Acesso em: 22/9/2010; TRIB.
SUP. ELEIT. *Dados*.
