FONTES:Americo.usal.es. Disponível em:
\<http://americo.usal.es/oir/elites/curriculums\>; CÂM. DEP. Disponível
em: \<www.camara.gov.br/filipepereira\>; *Jornal Serrano*. Disponível
em: \<www.jornalserranonline.com.br/noticia-eleicoes-rj-2008-001.html\>.
Acesso em: 7/7/2008; Políticos & Política. Disponível em:
\<http://politicos.br101.org/filipe-pereira.html\>; Sidney Rezende.
Disponível em:
\<www.sidneyrezende.com/noticia/16100+filipe+pereira+psc\>; TRIB. SUP.
ELEIT. Disponível em: \<www.tse.gov.br\>.
