FONTES: ASSEMB. LEGISL. RJ*. Deputados estaduais fluminenses*: Sexta
legislatura (1995-1999); Sétima legislatura (1999-2003). Disponível em:
\<www.alerj.rj.gov.br/center\_arq\_inf\_fase\_2.htm\>. Acesso em:
23/2/2011; *Bancadas estaduais do estado do Rio de Janeiro (1978-1994)*.
Disponível em: \<www.alerj.rj.gov.br/memoria/historia/be7894.html\>.
Acesso em: 23/2/2011; *Legislação* *– leis ordinárias*. Disponível em:
\<www.alerj.rj.gov.br/processo2.htm\>. Acesso em: 23/2/2011;
UNIVERSIDADE DO ESTADO DO RIO DE JANEIRO. *Clipping UERJ*. Disponível
em: \<www.clipping.uerj.br/0010599\_v.htm\>. Acesso em: 27/2/2011.
