FONTES: ANVFEB. Disponível em: \<www.anvfeb.com.br/saofidelis.htm\>;
*Diário Oficial do Estado do Rio de Janeiro* (seção II, ano XLIII,
7/3/1974); São Fidélis. Disponível em:
\<www.saofidelisrj.com.br/?sf=prefeitos\>; TRIB. REG. ELEIT. RJ. *Seção
de Administração de Dados Estatísticos e Operacionais* (eleição 1970).
