FONTES: *Cadernos* *Est. Bras.* (1972); CÂM. DEP. *Documentos*; COHN, G.
*Petróleo*; *Correio da Manhã* (20/11/1960); DIAS, J.; QUAGLINO, M.
*Questão*; *Estado de S. Paulo* (1/11/1978); *Globo* (31/12/1960);
LOBATO, M. *Escândalo*; PASSOS, G. *Estudo*; PETROBRAS. *Relatório de
atividades*; *Senhor* (8/1961); SUAREZ, M. *Petroquímica*; VIVÁQUA, A.
*Nova*; VÍTOR, M. *Batalha*; WERNECK, R. F. *Empresas*.
