**FONTES:** ASSEMB. LEGISL. RJ. *Deputados estaduais
fluminenses*(1995-1999); CÂM. MUN. ITAPERUNA. Disponível em:
\<www.cmitaperuna.rj.gov.br/portal/atas.asp?year=2003&month=9&ata=5\>;
\<www.cmitaperuna.rj.gov.br/portal/atas.asp?year=2007&month=4&ata=6\>;
*Diário Oficial da União*. Disponível em:
\<www.jusbrasil.com.br/diarios/511600/dou-secao-2-10-04-2003-pg-24\>;
*ItaperunaOnline* (12/12/2001); TRIB. SUP. ELEIT. *Eleições* (2006).
