FONTES: ACAD. PETR. LETRAS. Disponível em:
\<http://petropolisnoseculoxx.zip.net/\>; ASSEMB. LEGISL. RJ. *Anais*
(1919-1921); *Estado* (2/8, 18/12/1921, 19/1, 21/6, 25/7/1922, 2/1,
5/10, 24/10, 11/11/1923, 5/12/1926, 6/4, 17/4, 17/5/1927); FERREIRA, M.
*República*; *Fluminense* (21/12/1915); IHP (site); *País* (17/7/1917);
SOARES, E. *História*.
