FONTES: ASSEMB. LEGISL. RJ. *Anais*(1968-1973); ASSEMB. LEGISL. RJ.
Disponível em: \<www.alerj.rj.gov.br/arquivo.htm\>. Acesso em:
20/3/2011; Comissão Parlamentar. *Tráfico e uso de tóxicos*. Disponível
em: \<www.alerj.rj.gov.br/center\_arq\_aleg\_invent\_link4\_24.htm\>.
Acesso em: 22/3/2011; Família Pinkusfeld. Disponível em:
\<www.ahjb.org/pdf\>. Acesso em: 22/3/2011.
