FONTES: ASSOC. NAC. APOSENTADOS E PENSIONISTAS SERV. PÚB. FED.
Disponível em: \<www.apsef.org.br/003/00301009.asp?ttCD\_CHAVE=44983\>.
Acesso em: 9/11/2010; BuscaTube. Disponível em:
\<www.buscatube.com/videos-1/3-politicando/Y1YP0JZJAug?politicando-godofredo-pinto\>.
Acesso em: 9/11/2010; *Fluminense* (5-7/4/2002; 2, 19, 20 e 29/12/2004;
1/12/2007); Uol Notícias. Disponível em:
\<http://noticias.uol.com.br/ultnot/eleicoes/segundoturno/niteroi.jhtm\>.
Acesso em: 9/11/2010.
