FONTES: ASSEMB. CONST. RJ. *Anais* (15-31/3/1975); ASSEMB. LEGISL. GB.
*Anais* (1971-1975, 1979); ASSEMB. LEGISL. RJ. Disponível em:
\<www.alerj.rj.gov.br/\>. Acesso em: 20/3/2011; ASSEMB. LEGISL. RJ.
Disponível em:
\<www.alerj.rj.gov.br/memoria/cd/assembleia/aconstrj.html\>. Acesso em:
10/5/2011; ASSEMB. LEGISL. RJ. *Documentos parlamentares*; *Diário
Oficial da União* (16/4/1946); *Diário Oficial do Poder Legislativo*
(4/1, 5/2, 13, 15/3, 20/4/1979).
