FONTES: ASSEMB. LEGISL. RJ. Anais; *Diário Oficial da União*
(30/12/1896); *Diário Fluminense* (1914, 27/2/1914); FERREIRA, M.
*República*; *Fluminense* (10/12/1915); *Imparcial* (21/6/1914); INST.
CIDADE VIVA. Disponível em: \<www.institutocidadeviva.org.br\>;
LAEMMERT, E. *Almanak* (1915); Os Leite Pinto. Disponível em:
\<www.osleitepinto.org\>.
