FONTES: ABRANCHES, J. *Governos*; CÂM. DEP. *Deputados brasileiros*
(1826-1976); CÂM. MUN. NOVA IGUAÇU. *Galeria de ex-presidentes*.
Disponível em: \<www.cmni.rj.gov.br/nossa\_historia/ex\_presidentes\>.
Acesso em: 11/1/2011; CÂM. MUN. NOVA IGUAÇU. *Rol dos vereadores*.
Disponível em: \<www.cmni.rj.gov.br/nossa\_historia/rol\_vereadores/\>.
Acesso em: 11/1/2011; CERQUEIRA, C. *História*.
