FONTES: ASSEMB. LEGISL. RJ. *Deputados estaduais fluminenses*. Terceira
legislatura (1983-1987); ASSEMB. LEGISL. RJ. Disponível em:
\<www.alerj.rj.gov.br/center\_arq\_inf\_fase\_2.htm\>. Acesso em:
21/5/2011; História de São Gonçalo. Disponível em:
\<www.historiadesaogoncalo.pro.br/MonografiaJosePedrohp25\_06.pdf\>.
Acesso em: 21/5/2011; São Gonçalo Turismo. Disponível em:
\<www.saogoncaloturismo.com/historia.html\>. Acesso em: 21/5/2011.
