FONTES: ASSEMB. CONST. RJ. *Anais* (1975); ASSEMB. LEGISL. RJ. *Anais*
(1975); ASSEMB. LEGISL. RJ. Disponível em: \<www.alerj.rj.gov.br\>;
BEZERRA, L. *Família*; CÂM. DEP. Disponível em:
\<www.camara.rj.gov.br\>; CÂM. MUN. NOVA IGUAÇU. Disponível em:
\<www.cmni.rj.gov.br\>; MONTEIRO, L. *Retratos*; PREF. NOVA IGUAÇU.
Disponível em: \<www.novaiguacu.rj.gov.br\>; SIMÕES, M. *Cidade*.
