FONTES: BELIDO, V. *Política*; CÂM. DEP. Lei Complementar n^o^
5.581/1970; *Diário* (11/11/2011) Disponível em:
\<http://odiariorj.com/multidao-vai-ao-caju-dar-ultimo-adeus-a-ex-prefeito-de-campos/\>.
Acesso em: 16/11/2011; *Folha da manhã*. Acesso em: 23/3/2011; *Folha de
Italva* (11/11/2011). Disponível em:
\<www.folhadeitalva.com.br/2011/11/ex-prefeito-de-campos-e-sepultado-sob-aplausos.html\>.
Acesso em: 16/11/2011; PESSANHA, D.; PANTOJA, S. *Reordenamento.*
