FONTES: ASSEMB. LEGISL. RJ. *Deputados estaduais fluminenses*. Sétima
legislatura (1999-2003)**;** ASSEMB. LEGISL. RJ. Disponível em:
\<http://alerjln1.alerj.rj.gov.br/\>; CÂM. DEP.
\<www2.camara.gov.br/deputados/pesquisa/layouts\_deputados\_biografia\>;
*IstoÉ*. Disponível em:
\<www.terra.com.br/istoe-temp/1646/educacao/1646\_sacoleiros\_ensino\>;
*Veja*. Disponível em:
\<http://veja.abril.com.br/idade/exclusivo/050194/corrupcao.html\>.
