FONTES: ARQ. RÁDIO NACIONAL; ENTREV. ZOELZER POUBEL; ENTREV. HÉLIO
FERNANDES; GOMES, A. *Invenção*; GOULART, S. *Sob*; INF. ORLANDO
BATISTA; PN. *Anuário de Imprensa, Rádio e Televisão* (1958-1960); PN.
*Anuário Brasileiro de Rádio* (1950, 1953, 1954); *Rádio Ilustrado*
(1954, 1955);*Radiolândia* (2, 3, 11/1954, 4/1957, 4, 9/1959); *Revista
Alô – Tudo de Rádio* (1, 2/1949); *Revista de Comunicação* (11/1996);
*Revista do Rádio e TV* (3/1965).
