FONTES: BRANCO, R. C. *História*; CASÉ, R. *Programa*; *Cruzeiro*
(6/1949, 29/9/1956, 18/9/1974); FEDERICO, M. E. *História*; INF. Carlos
Marcondes; *Jornal* (set. 1935, nov. 1944); MORAIS, F. *Chatô*; MOREIRA,
S. V. *O rádio*; MURCE, R. *Nos bastidores*; *Nosso Século*; ORTRIWANO,
G. S. *A informação*; *Revista Alô – Tudo de Rádio* (jan./fev. 1949).
