FONTES: APULCRO, X. *V**erdade*; CARVALHO, J. *C**onstrução*; CASTRO, S.
*República*; CONNIFF, M. *Urban*; FAUSTO, B. *Brasil*; FAUSTO, B.
*Expansão*; FERREIRA, M. *República*; FONSECA FILHO, H. *Marechal*;
FORJAZ, M. *Tenentismo*; FRANCO, A. *E**stadista*; FREIRE, A.
*B**ancada*; FRITSCH, W. *Aspectos*; GABAGLIA, L. *Epitácio*; LAGO, M.
*C**onvenção*; MAGALHÃES, B. *Artur*; MENDONÇA, S. *Ruralismo*; PEÇANHA,
C. *Nilo*; TOLENTINO, J. *Nilo*.
