FONTES: ALMEIDA FILHO, H. *Ópio*; ARRUDA, L. R. *Voo*; CARVALHO, E.
*Anos 70*; CLARK, V. *Campeão*; DANIEL FILHO. *Antes*; *Estado de S.
Paulo*; FEDERICO, M. *História*; *Folha de S.Paulo*; GLEISER, L. *Além*;
*Globo*; GUIMARÃES, C.; VIEIRA, R. *Televisão*; HERZ, D. *História*;
INF. Armando Nogueira e Evandro Carlos de Andrade; *Jornal do Brasil*;
LIMA, V.; GUAZINA, L. *Política*; MATTOS, S. *Perfil*; MELLO, G.
*Muito*; ORTIZ, R. *Telenovela*; PORTO, M. *Telenovelas*; REDE GLOBO.
*15*; REDE GLOBO. *Organizações*; REDE GLOBO. *Rede Globo 30 anos*;
SIMÕES, I. *Um país*; *Veja*.
