FONTES: CÂM. MUN. DUQUE DE CAXIAS. Disponível em:
\<www.cmdc.rj.gov.br/\>. Acesso em: 24/6/2010; *Diário Oficial do Estado
do Rio de Janeiro*; INST. HIST. DUQUE DE CAXIAS; LUSTOSA, J. *Cidade*;
MORAES, D. *Esboço*; *Municipal* (1/5/1951, 12, 26/11/1955); SEC.
ESPORTE E LAZER DE DUQUE DE CAXIAS. Disponível em:
\<www.jogosestudantis.com.br/historia\_estadio\_municipal.htm\>. Acesso
em: 24/6/2010; TRIB. REG. ELEIT. RJ.
