FONTES: CARVALHO, J. *Bestializados*; CASTRO, S. *República*; CHALHOUB,
S. *Cidade*; FIOCRUZ. *A trajetória de Oswaldo Cruz e sua luta como
médico sanitarista no século 19*. Disponível em:
\<www.fiocruz.br/cgi/cgilua.exe/sys/start.htm?infoid=1084&sid=194\>.
Acesso em: 28/9/2010; FRANCO, A. *Rodrigues*; LOBATO FILHO. *Ú**ltima*;
PEREIRA, S.; AGOSTINO, G. *Epidemia*; SEVCENKO, N. *Revolta*; SEVCENKO,
N. *Literatura*.
