FONTES: ABRANCHES, J. *Governos* (v. 1); Biblioteca Digital de
Literaturas de Língua Portuguesa. Disponível em:
\<www.literaturabrasileira.ufsc.br/public/documentos/?id=209902\>;
BLAKE, A. *Dicionário* (v. 2);BRAS. COMISS. CONST. CENT. REP. CONST REP.
*Relatório*; CÂM DEP. *Deputados brasileiros* (1826-1976); DONATO, H.
*Dicionário*; DORATIOTO, F. *Maldita*; GUIMARÃES, A. *Diccionario*;
Navios Brasileiros: \<http://naviosbrasileiros.com.br\>; SOUSA, J.
*Índice.*
