FONTES: ABRANCHES, J. *Governos*; ARQ. NAC. Disponível em:
\<www.arquivonacional.gov.br\>; ASSEMB. LEGISL. RJ. Núcleo de Memória
Política Carioca e Fluminense. Disponível em:
\<www.alerj.rj.gov.br/memoria/historia\>; BLAKE, A. *Dic.*; CÂM. DEP.
*Deputados brasileiros* (1826-1976); CÂM. DEP. Disponível em:
\<www2.camara.gov.br\>; CASTRO, J. *M**ilícia*; *Grande encic. Delta*;
REIS, J. *Rio*; SOUSA, J.*Índice*.
