FONTES: CÂM. DEP. Disponível em:
\<www2.camara.gov.br/deputados/index.html/loadFrame.html\>. Acesso em:
14/8/2009; *Folha*. Disponível em:
\<www1.folha.uol.com.br/folha/brasil/ult96u19711.shtml\>. Acesso em:
11/9/2009; TRIB. SUP. ELEIT. Disponível em:
\<www.tse.gov.br/internet/index.html\>. Acesso em: 19/9/2009.
