FONTES: Bate-papo Uol. Disponível em:
\<http://tc.batepapo.uol.com.br/convidados/arquivo/ecologia/ult1746u12.jhtm\>.
Acesso em: 16/9/2009; CÂM. DEP. Disponível em:
\<www2.camara.gov.br/deputados/index.html/loadFrame.html\>. Acesso em:
16/9/2009; Consultor Jurídico. Disponível em:
\<www.conjur.com.br/2003-jan-27/cpi\_biopirataria\_vota\_relatorio\_final\_nesta\_semana\>.
Acesso em: 16/9/2009; Terra Notícias. Disponível em:
\<http://noticias.terra.com.br/eleicoes/est/rj/atualdeputadofederal.html”\>.
Acesso em: 16/9/2009.
