FONTES: ASSEMB. LEGISL. RJ. *Anais* (17/7-31/10/1927,
14/12/1927-19/1/1928, 26/7- 1/11/1928, 28/9-31/10/1929); DIAS, P.
*Rizzini*; *Folha da Manhã* (20/4/1947). Disponível em:
\<http://almanaque.folha.uol.com.br/belmonte11.htm\>. Acesso em:
11/11/2011; FREYRE, G. *Importância*; LOPES, D. *Jornal-laboratório*;
MENDES JUNIOR, O. *Carlos*.
