FONTES: ASSEMB. LEGISL. RJ. Disponível em: \<www.alerj.rj.gov.br/\>.
Acesso em: 17/2/2010; ASSOC. BRAS. HIGIENISTAS OCUPACIONAIS. Disponível
em: \<www.abho.org.br/\>. Acesso em: 17/2/2010; *Globo* (7/8/2011).
Disponível em:
\<http://oglobo.globo.com/rio/mat/2011/08/07/morre-prefeito-de-teresopolis-roberto-pinto-925078797.asp\>.
Acesso em: 8/8/2011; *Globo* (8/8/2011, p. 9); PREF. MUN. TERESÓPOLIS.
Disponível em: \<www.teresopolis.rj.gov.br/\>. Acesso em: 17/10/2010;
TRIB. SUP. ELEIT. Disponível em: \<www.tse.gov.br/\>. Acesso em:
17/10/2010.
