FONTES: ASSEMB. LEGISL. RJ. Disponível em: \<www.alerj.rj.gov.br/\>.
Acesso em: 13/2/2011; TRIB. SUP. ELEIT. Disponível em:
\<www.tse.gov.br/partidos/desempenho/depDistEst/rj/de/rjde17852.htm\>.
Acesso em: 13/2/2011; Uol Notícias. Disponível em:
\<http://noticias.uol.com.br/politica/politicos-brasil/2002/deputado-estadual/2741954-geraldo-luiz-marques-rodrigues.jhtm\>.
Acesso em: 13/2/2011.
