FONTES: ASSEMB. LEGISL. RJ. *Deputados estaduais fluminenses*
(1987-1991); ASSEMB. LEGISL. RJ. Disponível em:
\<www.alerj.rj.gov.br/memoria/cd/assembleia/aconst89.html\>. Acesso em:
10/5/2011; \<www.alerj.rj.gov.br/memoria/cd/assembleia/aconstrj.html\>.
Acesso em: 10/5/2011; ASSEMB. LEGISL. RJ. Núcleo de Memória Política
Carioca e Fluminense. Disponível em:
\<www.alerj.rj.gov.br/memoria/historia/prealerj/gilberto\_rodrigues.html\>.
Acesso em: 20/9/2010; CUR. BIOGR; PREF. NILÓPOLIS. Disponível em:
\<www.nilopolis.rj.gov.br\>. Acesso em: 20/9/2010.
