FONTES: ASSEMB. LEGISL. RJ. *Jornal* (1-7/10/2003) Disponível em:
\<www.alerj.rj.gov.br/jornalalerj/jornalalerj22.pdf\>; ASSEMB. LEGISL.
RJ. *Notícias*. Disponível em:
\<http://alerjln1.alerj.rj.gov.br/scpro0307.nsf/5eb5368720065b40832566ec0018d837/cc36ce22587d063983256cfb005f636d?OpenDocument&Start=6\>;
\<http://alerjln1.alerj.rj.gov.br/scpro0307.nsf/f94c31105ce5cc2e83256cef004dbdc1/52d02126dde81aa483256d120079a61a?OpenDocument&ExpandView\>;
\<http://alerjln1.alerj.rj.gov.br/scpro0307.nsf/e00a7c3c8652b69a83256cca00646ee5/32abd7881b8f5f0583256d18006dd25d?OpenDocument\>;
\<http://alerjln1.alerj.rj.gov.br/scpro0307.nsf/73f5a7dad54134e4832566ec0018d83b/b2e9f707ff8110df83256cf5007ad213?OpenDocument\>;
\<http://alerjln1.alerj.rj.gov.br/scpro0307.nsf/e7754f537fcd2792832566ec0018d81a/4e1df4f7ad90ddad83256d350078764e?OpenDocument\>;
PREF. QUEIMADOS. Disponível em:
\<www.queimados.rj.gov.br/portal/index.php?option=com\_content&view=article&id=3:numeros-&catid=4:numeros&Itemid=6\>;
TRIB. SUP. ELEIT. Disponível em:
\<www.tse.gov.br/internet/eleicoes/2002/result\_blank.htm\>.
