FONTES: *Belford Roxo Notícias*. Disponível em:
\<http://belfordroxonoticias.blogspot.com/2010/01/alcides-rolim-prefeito-de-belford-roxo.html\>.
Acesso em: 16/3/2011;
\<http://belfordroxonoticias.blogspot.com/2010/12/eliane-rolim-agora-e-deputada-federal.html\>.
Acesso em: 16/3/2011;
\<http://belfordroxonoticias.blogspot.com/2010/01/eliane-rolim-e-gente-que-e-noticia.html\>.
Acesso em: 16/3/2011; MIN. PUB. FED. *Notícias*. Disponível em:
\<http://noticias.pgr.mpf.gov.br/noticias/noticias-do-site/copy\_of\_eleitoral/mpe-denuncia-prefeito-vice-prefeito-e-secretario-de-educacao-de-belford-roxo-e-mais-seis-politicos\>.
Acesso em: 16/3/2011; Políticos & Políticas. Disponível em:
\<http://politicos.br101.org/assembleia-legislativa-rio-de-janeiro.html\>.
Acesso em: 16/3/2011; PREF. BELFORD ROXO. Disponível em:
\<www.belfordroxo.rj.gov.br/index.php?content,0,0,173,0,0.html\>. Acesso
em: 16/3/2011; Terra notícias. Disponível em:
\<http://noticias.terra.com.br/eleicoes/2008/interna/0,,OI3320304-EI11873,00-MP+denuncia+prefeito+eleito+por+improbidade+adminstrativa.html\>.
Acesso em: 16/3/2011; TRIB. SUP. ELEIT. Disponível em:
\<www.tse.gov.br/internet/eleicoes/1996/result\_blank.htm\>. Acesso em:
16/3/2011; \<www.tse.gov.br/internet/eleicoes/2000/result\_blank.htm\>.
Acesso em: 16/3/2011; G1. Disponível em:
\<http://g1.globo.com/Noticias/Eleicoes/0,,AA1294318-6302-618,00.html\>.
Acesso em: 16/3/2011;
\<http://g1.globo.com/Eleicoes2008/0,,MUL784177-15693,00-ALCIDES+ROLIM+E+ELEITO+NO+PRIMEIRO+TURNO+EM+BELFORD+ROXO+RJ.html\>.
Acesso em: 16/3/2011; Uol notícias. Disponível em:
\<http://noticias.uol.com.br/politica/politicos-brasil/2008/prefeito/29111955-dr-alcides-rolim.jhtm\>.
Acesso em: 16/3/2011.
