FONTES: ASSEMB. LEGISL. RJ. *Anais* (1897, 1898, 1899); ASSEMB. LEGISL.
RJ. Disponível em:
\<www.alerj.rj.gov.br/center\_arq\_inf\_legislatura.htm\>. Acesso em:
3/8/2010; ESC. SARGENTO DAS ARMAS. Disponível em:
\<www.esa.ensino.eb.br/comandantes/anteriores.asp\>. Acesso em:
3/8/2010; ALERJ. *Anais* (1897, 1898 e 1899).
