FONTES: DUARTE, A. *Roquete-Pinto*; Lista de conteúdo digital.
Disponível em:
\<www.aticaeducacional.com.br/htdocs/secoes/biografias.aspx?cod=339\>.
Acesso em: 4/9/2008; Racionalismo Cristão. Disponível em:
\<www.racionalismo-cristao.org.br/gazeta/razao/edgar-roquete-pinto.html\>.
Acesso em: 4/9/2008; Rádio Roquete Pinto. Disponível em:
\<www.94fm.rj.gov.br/artigo\_Edgar.asp\>. Acesso em: 4/9/2008,
\<www.fm94.rj.gov.br/\>. Acesso em: 9/9/2008.
