FONTES:ASSOC. MORADORES CANTAGALO. Disponível em:
\<http://%20www.assmoradorescantagalo.org.br/site/imprensa/materia.php?id\_mat=3\>.
Acesso em: 8/9/2009; *Época* (10/1/2003, 24/5/2004); *Época*
(28/4/2003). Disponível em:
\<http://%20revistaepoca.globo.com/Revista/Epoca/0,,EDG57117-6009,00-GAROTINHO+TOMA+POSSE%20+NA+SECRETARIA+DE+SEGURANCA+NO+RIO.htm\>.
Acesso em: 8/9/2009; *Folha de S.Paulo* (13/2/2004); *Veja* (4/9/2002,
30/4/2003). Disponível em:
\<http://veja.abril.com.br/%20300403/p\_042.html\>. Acesso em: 8/9/2009.
