FONTES: ASSEMB. LEGISL. RJ. Disponível em: \<www.alerj.rj.gov.br/\>.
Acesso em: 29/5/2011; CPDOC. Disponível em:
\<http://cpdoc.fgv.br/producao/dossies/Jango/artigos/AConjunturaRadicalizacao/O\_golpe\_de\_1964\>;
Acesso em: 29/5/2011; INF. Michel Saad (7/7/2011); INF. Patrícia Saad
(filha) (25, 30/5, 7/6/2011); OLIVEIRA, P. *Atos*; PLANALTO. Disponível
em: \<www.planalto.gov.br/\>. Acesso em: 29/5/2011; Uol Educação.
*História do Brasil*. Disponível em:
\<http://educacao.uol.com.br/historia-brasil/bipartidarismo.jhtm\>.
Acesso em: 29/5/2011.
