FONTES: ASSEMB. LEGISL. GB. *Anais*; *Diário Oficial do Rio de Janeiro*;
Gente em foco: Mário Saladini. Disponível em:
\<www.velhosamigos.com.br/Foco/mariosaladini.html\>. Acesso em:
10/12/2010; *Jornal da Associação Brasileira de Imprensa* (n. 299,
6/2005). Disponível em: \<www.abi.org.br/jornaldaabi/Abril-2005.pdf\>.
Acesso em: 10/12/2010.
