FONTES: ASSEMB. NAC. CONST. *Repertório* (1987, 1988); CÂM. DEP.
*Deputados brasileiros*. Repertório (1991-1995); CÂM. DEP. *Lista de
suplentes* (1991-1995); CÂM. DEP. *Lista de suplentes* (1995-1999);
COELHO, J.; OLIVEIRA, A. *Nova*; *Globo* (23/9/1993, 20/3/1996,
7/10/1998); INF. BIOG.; *Jornal do Brasil* (11/3/1993, 5/4/2001); *Olho
no voto/Folha de S.Paulo* (18/9/1994); *Perfil parlamentar/IstoÉ*
(1991); SAE. *Arquivos*. Disponível em:
\<www.sae.gov.br/site/?m=200911\>. Acesso em: 18/1/2013; TRIB. SUP.
ELEIT. *Relação* (1998).
