FONTES: ASSEMB. LEGISL. RJ. *Deputados estaduais fluminenses*. Sétima
legislatura (1999-2003); *Jornal da ALERJ*. Disponível em:
\<www.google.com.br/search?q=jornal+da+alerj+Nilton+salom%C3%A3o&rlz=1I7GFRE\_pt-BR&ie=UTF-8&oe=UTF-8&sourceid=ie7&redir\_esc=&ei=6tapTfLSOIPQgAfvkYD1BQ\>;
Jus Brasil. Disponível em:
\<www.jusbrasil.com.br/noticias/702384/entrevista-nilton-salomao-faz-do-mandato-defesa-de-empresas-publicas\>.
