FONTES: CÂM. DEP. Disponível em:
\<www2.camara.gov.br/deputados/pesquisa/layouts\_deputados\_biografia?pk=161701\>.
Acesso em: 20/1/2012; PLANALTO. Disponível em:
\<www.presidencia.gov.br\>; Último Segundo. Disponível em:
\<http://ultimosegundo.ig.com.br/eleicoes/rio\_de\_janeiro/noticias/2008/10/02/veja\_quem\_mais\_falta\_na\_camara\_municipal\_do\_rio\_1967865.htm\>.
Acesso em: 20/1/2012.
