FONTES: ABRANCHES, J. *Governos*; CÂM. DEP. *Deputados brasileiros*
(1826-1976); CÂM. MUN. CANTAGALO. *Galeria de ex-presidentes*.
Disponível em: \<www.cmcantagalo.rj.gov.br/ex-presidentes.htm\>. Acesso
em: 12/1/2011; SENADO. *Catálogo* (1826-1986); SENADO. *Dados*
(1826-1999); SENADO. Disponível em: \<www.senado.gov.br\>.
