FONTES: ASSEMB. CONST. RJ. *Anais* (1975); ASSEMB. LEGISL. RJ. *Anais*
(1975, 1979); ASSEMB. LEGISL. RJ. Disponível em:
\<www.alerj.rj.gov.br\>. Acesso em: 11/7/2011; ASSOC. COMERC. IND. TUR.
CABO FRIO. Disponível em: \<www.aciacabofrio.com.br\>. Acesso em:
11/7/2011; Ato Institucional n^o^ 11, 14/8/1969. Disponível em:
\<www.jusbrasil.com.br/legislacao/103927/ato-institucional-11-69\>.
Acesso em: 13/9/2011; INF. Octávio Perreló 4/8/2011.
