FONTES: ASSEMB. LEGISL. RJ. *Deputados estaduais fluminenses*. Quarta
legislatura (1987-1991); ASSEMB. LEGISL. RJ. *Informações e produtos
parlamentares* (2000); CHAVES, M. *Política*; *Diário Oficial do Estado
do Rio de Janeiro* (ano 13, n. 20-21, 2, 3/2/1987); MAUAD, A; RABELO, F.
*Mulheres*; Biólogo. Disponível em:
\<www.biologo.com.br/moscatelli45.htm\>; PREF, ANGRA DOS REIS.
Disponível em: \<www.angra.rj.gov.br\>.
