FONTES: ASSEMB. LEGISL. RJ. Disponível em: \<www.alerj.rj.gov.br\>; CÂM.
DEP. Disponível em: \<www.camara.gov.br\>; *Folha de S.Paulo*.
Disponível em: \<www.folha.uol.com.br\>; G1 (21/9/2006). Disponível em:
\<http://g1.globo.com/Noticias/0,,IIF384-5601,00.html\>. Acesso em:
21/9/2009;*IstoÉ*. Disponível em: \<www.terra.com.br/istoe\>; MIN. PUB.
FED. *Notícias*. Disponível em:
\<http://noticias.pgr.mpf.gov.br/noticias-do-site/criminal/criminal-2006/operacao-sanguessuga-mpf-mt-oferece-denuncia-contra-novos-envolvidos-20060831\>.
Acesso em: 21/9/2009; TRIB. REG. ELEIT. SP. Disponível em:
\<www.tre-sp.gov.br\>; TRIB. SUP. ELEIT. Disponível em:
\<www.tse.gov.br\>; *Veja*. Disponível em: \<http://veja.abril.com.br\>.
