FONTES: *Diário Oficial da União*(seção 7/1959). Disponível em:
\<www.jusbrasil.com.br/diarios/2914032/dou-secao-1-28-07-1959.pg-53\>.
Acesso em: 22/2/2011; Presidentes da Câmara de Petrópolis. Disponível
em: \<www.ceam.net/ptp/legislacao/leis/1950/L0245.htm\>. Acesso em:
22/2/2011; Vereadores do município de Petrópolis. Disponível em:
\<http://petropoliseculoXX.zip.net\>. Acesso em: 22/2/2011.
