FONTES: CPDOC. Disponível em:
\<http://cpdoc.fgv.br/producao/dossies/Jango/artigos/AConjunturaRadicalizacao/O\_golpe\_de\_1964\>;
\<http://cpdoc.fgv.br/producao/dossies/FatosImagens/AI5\>. Acesso em:
27/4/2011; OLIVEIRA, P. *Atos*; PLANALTO. Disponível em:
\<www.planalto.gov.br/\>. Acesso em: 27/4/2011; Uol Educação. *História
do Brasil*. Disponível em:
\<http://educacao.uol.com.br/historia-brasil/bipartidarismo.jhtm\>.
Acesso em: 27/4/2011.
