FONTES: ASSEMB. CONST. RJ. *Anais* (1975); ASSEMB. LEGISL. GB. *Anais*
(1971); ASSEMB. LEGISL. RJ. *Anais* (1975, 1979); ASSEMB. LEGISL. RJ.
*Informações e produtos parlamentares* (2000); CÂM. MUN. RJ. (Resolução
n^o^ 105, de 31/1/1979). Disponível em:
\<http://mail.camara.rj.gov.br/APL/Legislativos/contlei.nsf/874a3fe356a1d6970325774c006180d5/9754d1dcc51607de032576ee005f40d9?OpenDocument\>.
Acesso em: 12/7/2011; CARDIANO, F. *Eleições*; MELLO, M. *Parlamento*;
MOTTA, M. *Mania*.
