FONTES: BELIDO, V. *Política*; CÂM. DEP. *Deputados*; CÂM. DEP.
*Deputados brasileiros*. Repertório (1971-1975, 1975-1979); CÂM. DEP.
*Relação nominal de senhores*; CORRESP. ASSOC. BRAS. REFORMA AGRÁRIA;
*Jornal do Brasil* (8/2/1976, 10/2, 8/11/1977, 23/8, 20/11/1978); NADER,
A. *Autênticos*; NÉRI, S. *16*; *Perfil* (1972, 1980).
