FONTES: ASSEMB. LEGISL. RJ. *Deputados estaduais fluminenses*. Sexta
legislatura (1995-1999); ASSEMB. LEGISL. RJ. Disponível em:
\<www.alerj.rj.gov.br/\>. Acesso em: 1/11/2010; *Dia*. Disponível em:
\<http://odia.terra.com.br/\>. Acesso em: 1/11/2010; *Folha de S.Paulo*.
Disponível em: \<www.folha.uol.com.br/\>. Acesso em: 1/11/2010.
