FONTES: ASSEMB. LEGISL. RJ. Disponível em:
\<www.alerj.rj.gov.br/memoria/cd/assembleia/alguanab.html\>; CARDIANO,
F. *Eleições*; *Diário Oficial da União* (3/6/1946). Disponível em:
\<www.jusbrasil.com.br/diarios/2402871/dou-secao-1-03-06-1946-pg-6\>;
IPALERJ. Disponível em:
\<www.ipalerj.rj.gov.br/index.asp?pagina=noticias\_completas.asp&origem=destaques&id\_destaque=1\>.
Acesso em: 6/6/2011.
