FONTES: ASSEMB. LEGISL. RJ. *Anais*(14/11/1892-12/1/1893, 1/3-9/4,
8/1892, 13-26/1, 1/8/1893, 1895, 1897); Biblioteca Digital Jurídica.
Disponível em:
\<bdjur.stj.gov.br/xmlui/bitstream/handle2011/20462/Relatório\_geral\_trabalhos\_congresso\_juridico.pdf?sequence=2\>.
cesso em: 7/9/2010; FERREIRA, M. *República*; JUST. FED. *Indicações
literárias*. Disponível em:
\<http://f.jus.br/ojs2/index.php/cej/article/viewFile/817/999\>. Acesso
em: 7/9/2010.
