FONTES: ASSEMB. LEGISL. RJ. *Deputados estaduais fluminenses*. Sexta
legislatura (1995-1999); ASSEMB. LEGISL. RJ. Disponível em:
\<http://alerjln1.alerj.rj.gov.br/CONTLEI.NSF/leiOrdAutorInt?OpenForm&Start=386.1&Count=15&Expand=386\>;
ASSEMB. LEGISL. RJ. *Documentos*; Blog pessoal. Disponível em:
\<http://dr-sergiosoares.blogspot.com/\>; *Dia*. Disponível em:
\<http://odia.terra.com.br/politica/htm/itaborai\_candidato\_impugnado\_venceu\_eleicao\_206222.asp\>.
Acesso em: 6/5/2011;RJ-TV. Disponível em:
\<http://rjtv.globo.com/Jornalismo/RJTV/0,,MUL798830-9099,00-TSE+MUDA+RESULTADO+EM+ITABORAI+SERGIO+SOARES+PP+E+O+PREFEITO+ELEITO.html\>.
Acesso em: 6/5/2011.
