FONTES: ACAD. NAC. MEDICINA. Disponível em: \<www.anm.org.br\>; ASSEMB.
LEGISL. RJ. Núcleo de Memória Política Carioca e Fluminense. Disponível
em: \<www.alerj.rj.gov.br/memoria/historia\>; CÂM. DEP. *Deputados
brasileiros* (1826-1976); FIOCRUZ. Disponível em:
\<http://homolog.bvsalutz.coc.fiocruz.br/html/correspondencia/azevedo.htm\>;
GIFFONI, O. Carneiro. *Dic.*; *Índice*; REIS, J. *Rio* (v. 3); SOC. MED
CIRURG. RJ. Disponível em: \<www.smcrj.org.br\>; VELHO SOBRINHO, J.
*Dic*.
