FONTES: ASSEMB. LEGISL. RJ. Disponível em:
\<www.alerj.rj.gov.br/memoria/historia/gov88975/feliciano\_sodre.html\>.
Acesso em: 17/3/2011; BELOCH, I; ABREU, A. *Dic.*; COL. BRAS.
GENEALOGIA. Disponível em:
\<www.cbg.org.br/arquivos\_genealogicos\_r\_02.html\> Acesso em:
17/3/2011; FERREIRA, M. *B**usca*; FERREIRA, M. *República*; KORNIS, M.
*Enfrentamento*; LACOMBE, L. *Chefes*; LEITE NETO, L. *Catálogo*; RAHAL,
A. *Centenário*.
