FONTES: CÂM. DEP. *Deputados brasileiros* (1826-1976); CASTRO,
C.*Militares*; Projeto de imagem de publicações oficiais brasileiras do
Center for Research Libraries e Latin-american Microfilm Project.
*Mensagens dos presidentes de província* (1830-1930). Disponível em:
\<www.crl.edu/content.asp?l1=4&l2=18&l3=33\>. Acesso em: 8/1/2009;
SENADO. Disponível em:
\<www.senado.gov.br/sf/senadores/senadores\_biografia.asp?codparl=2006&li=32&lcab=1921-1923&lf=32\>.
Acesso em: 30/1/2009; SENADORES BRASILEIROS. *Catálogo* (1826-1986).
