FONTES: ABRANCHES, J. *Governos*; CÂM. DEP. *Deputados brasileiros*
(1826-1976); *Gazeta de Notícias* (24/5/1888); *Noite* (8/3/1918);
*País* (6-8, 11, 12/7/1912); Projeto de imagem de publicações oficiais
brasileiras do Center for Research Libraries e Latin-american Microfilm
Project. Disponível em: \<www.crl.edu/content.asp?l1=4&l2=18&l3=33\>.
Acesso em: 8/1/2009.
