FONTES: ARQ. DEP. PESQ. JORNAL DO BRASIL; CÂM. DEP. *Relação dos dep*.;
CÂM. DEP. *Relação dos líderes*; CÂM. DEP. *Relação nominal dos senhores
deputados*; CISNEIROS, A. *Parlamentares*; *Globo* (1/7/1982,
14/10/1992); *Grande encic*. *Delta*; *Jornal do Brasil* (14/10/1966,
16/1/1979, 27/5, 29/7/1981, 28/5/1982, 14/10/1992); LIGA DA EMANCIPAÇÃO
NAC.; NICOLAU, J. *Dados*; SENADO. *Relação*; TRIB. SUP. ELEIT. *Dados*
(2-4, 6).
