FONTES: CAM. DEP. Disponível em: \<www2.camara.gov.br/deputados\>;
Clipping. Seleção de notícias. Disponível em:
\<http://clippingmp.planejamento.gov.br/cadastros/noticias\>;
Consciência NET. Disponível em: \<www.consciencia.net/arquivo\>; *Globo*
(15, 16/10/2004); Partido da República. Disponível em:
\<www.partidodarepublica.org.br.
