FONTES: ARQ. DEP. PESQ. JORNAL DO BRASIL; CÂM. DEP. *Súmulas*;CAMPOS, Q.
*Fichário*;*Globo* (30/8/1983, 23/1/1985, 18/5/1994); G1 (6/12/2010),
Morre o ex-deputado José Gomes Talarico. Disponível em:
\<http://g1.globo.com/politica/noticia/2010/12/morre-o-ex-deputado-jose-gomes-talarico.html\>.
Acesso em: 2/2/2012; *Grande encic. Delta*; INF. BIOG; *Jornal do
Brasil* (17/6/1980, 28/1/1983, 9/12/1984, 10/7/1988); JUREMA, A.
*Juscelino*; NÉRI, S. *16*;*Pasquim* (26/6/1980); SILVA, H.*1964*;TRIB.
SUP. ELEIT. *Dados* (3, 4, 6); VÍTOR, M. *Cinco*.
