FONTES: ASSEMB. LEGISL. RJ. *Deputados estaduais fluminenses*. Sexta
legislatura (1995-1999); Cadastros de Estabelecimentos de Saúde.
Disponível em: \<http://cnes.datasus.gov.br/Index.asp?home=1\>. Acesso
em: 5/10/2010; INST. VITAL BRASIL. Disponível em:
\<www.ivb.rj.gov.br/\>. Acesso em: 5/10/2010; PREF. MUN. CORDEIRO.
Disponível em: \<www.cordeiro.rj.gov.br/\>. Acesso em: 5/10/2010.
