FONTES: CÂM. DEP. *Deputados brasileiros*. Repertório (1995-1999);
*Caros Amigos* (2008); CENT. CELSO FURTADO. Disponível em:
\<www.centrocelsofurtado.org.br/\>; *Ciência Hoje* (3/1986); CUR. BIOG;
*Dicionário de economia*; *Estado de S. Paulo* (7/5/1995); *Folha de
S.Paulo* (7/4/1986, 31/1, 12/2, 12/3, 7/5, 11/6, 27/8/1995, 14/1/1996,
30/1/1997, 5/2, 29/9/1998); *Globo* (3/5/1995); INF. BIOG.; *Jornal do
Brasil* (25/6/1994, 17/1995); *Praga* (1997); *Teoria e Debate* (1995).
