FONTES: ASSEMB. LEGISL. RJ. *Documentos*; ASSEMB. LEGISL. RJ. *Deputados
estaduais fluminenses*. Sexta legislatura (1995-1999); ASSEMB. LEGISL.
RJ. Disponível em:
\<http://alerjln1.alerj.rj.gov.br/CONTLEI.NSF/leiOrdAutorInt?OpenForm&Start=372.2&Count=15&Expand=375\>;
\<http://alerjln1.alerj.rj.gov.br/scpro.nsf/Formularios/PDecretoAutor?OpenDocument&Start=15&Count=15&Expand=25\>;
\<http://alerjln1.alerj.rj.gov.br/CONTLEI.NSF/ResolucaoAutorInt?OpenForm&Start=387.53&Count=15&Expand=387\>;
Blog da Associação Evangélica Revife. Disponível em:
\<http://revife.com/2010/04/20/depoimento-da-estilista-claudia-simoes/\>.
