FONTES: ASSEMB. LEGISL. GB. *Anais*; CASTRO, R. *Anjo*; INF. BIOG.
(1/2/2011); *IstoÉ Dinheiro.* Disponível em:
\<www.istoedinheiro.com.br/entrevistas/15082\_O+ALARMANTE+CUSTO+DA+VIOLENCIA\>.
Acesso em: 8/1/2011; Lista de descendentes de Antônio Almeida Ramos.
Disponível em: \<www.cantoni.pro.br/a\_ramos/pafg150.htm\#6936\>. Acesso
em: 8/1/2011.
