FONTES: ASSEMB. LEGISL. RJ. *Anais*;Blog Literário. *Biografia de Manuel
José Nunes Teixeira*. Disponível em:
\<http://carlosaadesa.wordpress.com/aspectos-culturais-sanjoanenses/parte-iv/\>.
Acesso em: 5/12/2010; Blog Literário. *História de São João da Barra*.
Disponível em:
\<http://carlosaadesa.wordpress.com/aspectos-culturais-sanjoanenses/parte-i/\>.
Acesso em: 5/12/2010; Blog Literário. *Personalidades municipais de São
João da Barra*. Disponível em:
\<http://carlosaadesa.wordpress.com/aspectos-culturais-sanjoanenses/parte-iii/\>.
Acesso em: 5/12/2010.
