FONTES: *A Voz da Serra*. Personalidade friburguense. Disponível em:
\<www.avozdaserra.com.br\>. Acesso em: 1/6/2011; ASSEMB. LEGISL. RJ.
*Anais*; CARDIANO, F. *Eleições*; Portal da Sala de Leitura. *Biografia
de Messias de Morais Teixeira*. Disponível em:
\<www.marcopolo.pro.br/genealogia/paginas/rjSerra\_T.pdf\>. Acesso em:
1/6/2011.
