FONTES: *Almanaque Abril* (1998); Arquivo premium o globo; CÂM. DEP.
\<www.camara.gov.br/\>; CÂM. DEP. *Deputados brasileiros*. Repertório
(1995-1999); Congresso em Foco. Disponível em:
\<www.congressoemfoco.ig.com.br/\>; *Folha de S.Paulo* (31/1/1995,
14/1/1996, 30/1/1997, 5/2, 29/9/1998); *Folha*. Disponível em:
\<ww1.folha.uol.com.br\>; FUND, LAURO CAMPOS. Disponível em:
\<www.fundacaolaurocampos.com.br/\>. *Globo* (22/11/1992, 20/3/1996,
5/2/1997, 7/10/1998); INF. BIOG.; *Jornal do Brasil* (27/12/1994);Mílton
Temer. Internet; TRIB. SUP. ELEIT. *Candidatos*(1998).
