**FONTES: Blog Orani Tempesta. Disponível em:
\<**www.orani.org.br/wp/**\>. Acesso em: 21/9/2012; Canção Nova.
Disponível em:
\<**http://wiki.cancaonova.com/index.php/Dom\_Orani\_Tempesta\>. Acesso
em: 21/9/2012; *Estado de S. Paulo*. Disponível em:
\<www.estadao.com.br/noticias/impresso,d-orani-tempesta-e-o-novo-arcebispo-do-rio-de-janeiro,331090,0.htm\>.
Acesso em: 21/9/2012.
