FONTES: ASSEMB. LEGISL. RJ. *Anais* (1959 v. 1); BEZERRA, L. *Família*;
CARDIANO, F. *Eleições*; *Diário Oficial da União* (14/10/1966, decretos
de 13/10/1966, seção I, parte I, p. 1187); OLIVEIRA, P. *Atos*; PREF.
NILÓPOLIS. *Prefeitos*. Disponível em:
\<www.nilopolis.rj.gov.br/site/galeria-de-prefeitos\>. Acesso em:
18/2/2011.
