FONTES: ASSEMB. NAC. CONST. 1934. *Anais*; *Boletim Min. Trab.*
(5/1936); CÂM. DEP. *Deputado*s; CÂM. DEP. *Deputados* *brasileiros*.
Repertório(1946-1967); CÂM. DEP. *Relação dos dep.*; *Câm. Dep. seus
componentes*; *Congresso* (1948); CONSULT. MAGALHÃES, B.; *Cronologia da
Assembleia*; *Diário do Congresso Nacional*; *Fluminense* (25/8/1976);
FRANCO, A. *Escalada*; GODINHO, V. *Constituintes*; *Grande encic.
Delta*; *Jornal do Brasil* (25/8/1976); TRIB. SUP. ELEIT. *Dados* (1,
2).
