FONTES: ASSEMB. LEGISL. RJ. *Deputados estaduais fluminenses*. Sétima
legislatura (1999-2003); ASSEMB. LEGISL. RJ. *Legislação estadual*.
Disponível em: \<www.alerj.rj.gov.br/processo2.htm\>. Acesso em:
4/1/2011; *Fluminense* (8/5/2011, n. 113, p. 22); *Globo*. Denunciados
por improbidade administrativa explicam mudanças no Plano Diretor das
Praias das Baías em Niterói. Disponível em:
\<http://oglobo.globo.com/rio/mat/2009/12/15/denunciados-por-improbidade-administrativa-explicam-mudancas-no-plano-diretor-das-praias-das-baias-em-niteroi-915214779.asp\>.
Acesso em: 4/1/2011; *Globo*. Ex-vereador de Niterói denunciado na
Justiça ofende juíza e promotor. Disponível em:
\<http://oglobo.globo.com/rio/mat/2009/12/16/ex-vereador-de-niteroi-denunciado-na-justica-ofende-juiza-promotor-915234450.asp\>.
Acesso em: 4/1/2011; *Globo*. Mudanças no plano diretor de Niterói estão
sob suspeita na Justiça. Disponível em:
\<http://oglobo.globo.com/rio/mat/2009/12/15/mudancas-no-plano-diretor-de-niteroi-estao-sob-suspeita-na-justica-915214778.asp\>.
Acesso em: 4/1/2011; *Globo*. Semana de mudanças no Executivo municipal.
Disponível em:
\<http://oglobo.globo.com/rio/bairros/posts/2010/11/13/semana-de-mudancas-no-executivo-municipal-340471.asp\>.
Acesso em: 4/1/2011; TRIB. SUP. ELEIT. *Eleições 2004*. Disponível em:
\<www.tse.gov.br/internet/eleicoes/2004/result\_blank.htm\>. Acesso em:
4/1/2011; TRIB. SUP. ELEIT. *Eleições 2008*. Disponível em:
\<www.tse.gov.br/internet/eleicoes/estatistica2008/est\_result/resultadoEleicao.htm\>.
Acesso em: 4/1/2011.
