FONTES: FERREIRA, P. *Pilares*; INF. CAMILA AMADO; INF. CARLOS ALBERTO
VISEU; INF. EDILÉIA REIS VARISCO; INF. EDINA BALDUCCI; INF. HENRIQUE
B.VELTMAN; *Intervalo* (1/1963, 1/1964, 1/1965, 1/1966, 1/1967, 1/1968,
1/1969, 1/1970, 1/1971, 1/1972); *Tribuna da Imprensa* (14/3/1994); *TV
Programas* (6, 7/1958, 10/1959, 1/1960, 1/1961, 1/1962).
