FONTES: BELÉM, O. *TVE*; *Cadernos de Jornalismo e Comunicação* (1,
2/1971); DEP. PESQ. TVE; DEP. TECNOL. EDUC. TVE; *Estado de S. Paulo*
(27/9/1994, 22/3/1995); FUNDAÇÃO ROQUETE PINTO. *Boletim* (1996);
*Globo* (10/10/1991, 21, 23/12/1993, 7/4/1995, 10/5/1995); INF. ESTER
FALLER; INF. ZILDA BENÁZIO LENZ; *Jornal do Brasil* (20, 21/1, 8/6/1995,
26/1/1996); *Jornal do Salto* (10, 12/1996); REV. ESP. 60 ANOS RÁDIO
MEC; TVE. *Relatórios anuais*; *Veja* (20/2/1991).
