FONTES: RAMADON, L. Uma história apaixonante. Disponível em:
\<http://lframadon.sites.uol.com.br/historia 50 anos2.htm\>. Acesso em:
27/7/2010; Técnicas de reportagem. Disponível em:
\<http://tecreportagem.blogspot.com/2009/02/uerj-uma-historia-de-desejos-incertezas.html\>.
Acesso em: 27/7/2010; Wikipédia. Disponível em:
\<http://pt.wikipedia.org/wiki/Universidade\_do\_Estado\_do\_Rio\_de\_Janeiro\>.
Acesso em: 27/7/2010.
