FONTES: CORTE, A.; MARTINS, I. *50*; LAB. TEC. *Um pouco sobre a
história da UFF*. Disponível em:
\<www.latec.com.br/consia/NPD/historic.htm\>; PAULA, M. *Universidade*;
UNIV. FED. FLUMINENSE. Disponível em: \<www.uff.br/\>; UNIV. FED.
FLUMINENSE. Coordenadoria de Seleção Acadêmica. Disponível em:
\<www.coseac.uff.br/cidades/nithist.htm\>; VIEIRA, J. *Universidade*.
