FONTES: Saatchi Gallery. Disponível em:
\<www.saatchi-gallery.co.uk/artcolleges/InfoAll/introduction/ac\_id/1843\>.
Acesso em: 12/8/2010; UNIV. FED. RURAL RJ. Disponível em:
\<www.pontosbr.com/detalhes.php?cod=3809\>. Acesso em: 12/8/2010;
Wikipédia. Disponível em:
\<http://pt.wikipedia.org/wiki/Universidade\_Rural\_do\_Rio\_de\_Janeiro\>.
Acesso em: 12/8/2010.
