FONTES: ASSEMB. LEGISL. GB. *Anais*; ASSEMB. LEGISL. RJ. Disponível em:
\<www.alerj.rj.gov.br/memoria/cd/assembleia/aconst89.html\>. Acesso em:
10/5/2011. BOMENY, H. *Salvar*; *Diário Oficial do Estado do Rio de
Janeiro*; PDT RJ. *Biografia*. Disponível em:
\<www.pdt-rj.org.br/primeirapagina.asp?id=1131\>. Acesso em: 10/1/2011;
PUC-RIO. *PTB* de hoje não é o PTB de ontem. Disponível em:
\<www.puc-rio.br/pilha/pilha9/rtf/castellobranco.rtf\>. Acesso em:
10/1/2011;TRIB. REG. ELEIT. RJ.
