FONTES: ASSEMB. LEGISL. RJ. *Deputados estaduais fluminenses*
(1983-1986, 1991-1995); ASSEMB. LEGISL. RJ. Disponível em:
\<http://alerjln1.alerj.rj.gov.br/\>. Acesso em: 21/3/2011; CÂM. MUN.
RESENDE. *Constituição do Estado do Rio de Janeiro de 1989*. Disponível
em: \<www.cmresende.rj.gov.br/PDF/const\_est\_rj.pdf\>. Acesso em:
21/3/2011.
