FONTES: ASSEMB. NAC. CONST. *Repertório*(1987-1988); CÂM. DEP.
*Deputados brasileiros*. Repertório (1991-1995); CÂM. DEP. *Lista de
suplentes*(1995-1999); COELHO, J.; OLIVEIRA, A. *Nova*; *Dia*
(5/12/1989); *Globo* (7/10/1998); *Jornal do Brasil* (20/3/1987,
2/6/1989); *Olho no Congresso/Folha de S.Paulo* (5/2/1998);*Olho no
voto/Folha de S.Paulo* (18/9/1994); *Perfil parlamentar/IstoÉ*; TRIB.
REG. ELEIT. RJ. *Relação* (1998).
