FONTES: ASSEMB. LEGISL. RJ. *Deputados estaduais fluminenses*. Terceira
legislatura (1983-1987), Quarta legislatura (1987-1991); *Diário Oficial
do Estado do Rio de Janeiro* (ano IX, n. 49, parte II, 14/3/1983, ano
IX, n. 116, parte II, 21/6/1983, ano XIII, n. 13, parte II, 7/1/1987,
ano XIII, n. 20, parte II, 2/2/1987, ano XIII, n. 176, parte II,
11/9/1987).
