FONTES: Assessoria de Comunicação Social da Procuradoria Regional do
Trabalho da 1^a^ Região (14/3/2008); CÂM. DEP; *Folha* (2/9/2008); G1
(26/10/2008); *Globo* (6/10/2008, 9/10/2008); Informe JB (5/9/2008);
*Jornal do Brasil* (7/10/2004, 15/10/2004, 27/10/2004, 29/10/2004,
14/5/2005, 5/9/2008, 10/10/2008); PDT (28/5/2007); PREF. MUN. CAMPOS DOS
GOYTACAZES (18/11/2003); SUPR. TRIB. JUST. (12/11/2001), TRIB. SUP.
ELEIT. (9/10/2008), Uol notícias. Disponível em:
\<http://noticias.uol.com.br/ultnot/eleicoes/eleito/campos.jhtm\>.
Acesso em: 1/10/2009.
