FONTES: AUDRÁ, A. *Bancada*; CÂM. DEP. *Deputados*; CÂM. DEP. *Relação
dos dep.*; CISNEIROS, A. *Parlamentares*; CORRESP. MIN. TRAB.; CORTÉS,
C. *Homens*; COUTINHO, A. *Brasil*; *Diário do Congresso Nacional*;
DULLES, J. *Getúlio*; *Encic. Mirador*; *Folha de S.Paulo* (28/8/1977);
*Globo* (22/10/1991); *Grande encic. Delta*; HIPÓLITO, L. *Campanha*;
HIRSCHOWICZ, E. *Contemporâneos* (1945, 1949); *Jornal do Brasil* (23,
25/11/1977); LEITE, A. *Páginas*; MIN. TRAB. *Documentário*; RIBEIRO
FILHO, J. *Dic.*; SILVA, G. *Constituinte*; SILVA, H. *1954*; SKIDMORE,
T. *Brasil*; *Who’s who in Brazil* (1974).
