FONTES: ASSEMB. LEGISL. RJ. *Deputados estaduais fluminenses*. Terceira
legislatura (1983-1987); INST. ESTUD. TRAB. SOC. Disponível em:
\<www.iets.org.br/article.php3?id\_article=144&id\_qs=56\>. Acesso em:
18/11/2010; Lizst Vieira. Disponível em:
\<www.lisztvieira.pro.br/index.asp\>. Acesso em: 18/11/2010; Sistema de
Currículos Lattes. Disponível em:
\<http://buscatextual.cnpq.br/buscatextual/visualizacv.jsp?id=K4768864A6\>.
Acesso em: 18/11/2010.
