FONTES: ASSEMB. LEGISL. RJ. *Resolução* *n^o^ 461* (5/12/1989); ASSEMB.
LEGISL. RJ. *Deputados estaduais fluminenses*. Quarta legislatura
(1987-1991); INST. FILOSOFIA E CIÊNCIAS SOCIAIS. *Catálogo de cartazes
do acervo do AMORJ*. Disponível em:
\<www.ifcs.ufrj.br/\~amorj/arquivos/catalogo\_cartazes\_eletronico.pdf\>;
Coleções sobre a Repressão Política no Brasil (1964-1985, v. 1), Arquivo
de Memória Operária do Rio de Janeiro (AMORJ).
