FONTES: ASSEMB. LEGISL. RJ. Disponível em:
\<www.alerj.rj.gov.br/memoria/cd/assembleia/aconstrj.html\>. Acesso em:
10/5/2011; ASSEMB. LEGISL. RJ. *Informações e produtos parlamentares*
(2000); CÂM. MUN. SÃO JOÃO DE MERITI. Disponível em:
\<http://camaradesaojoaodemeriti.rj.gov.br/site/\>. Acesso em:
13/7/2011; CARDIANO, F. *Eleições*; MOREIRA, L. *Mulheres*; SARMENTO, C.
*Espelho*.
