FONTES: CORRESP. GOV. EST. GB; CORRESP. MIN. TRAB.; CORTÉS, C. *Homens*;
COUTINHO, A. *Brasil*; *Globo* (17/4/1984); *Grande encic. Delta*;
HIRSCHOWICZ, E. *Contemporâneos*; *Informativo da Fund. Getulio Vargas*
(9/1981); *Jornal do Brasil* (8/3/1980, 17/4/1984); MACEDO, R.
*Efemérides*; *Quem* *é quem no Brasil*; REIS, J. *Prefeitos*; REIS, J.
*Rio*; WAHRLICH, B. *Classificação*.
