FONTES: ABRANCHES, J. *Governos* (v. 1, 2); *Biografias dos ministros*;
BLAKE, A. *Dic*. (v. 2); Clube Militar. Disponível em:
\<www.clubemilitar.com.br\>; COMISS. CONST. CENT. REP. PRIM. CONST. REP.
*Relatório*; DORATIOTO, F. *Maldita*; GUIMARÃES, A. *Dic.*; MAR. BRAS.
Centro de Instrução Almirante Eduardo Wandenkolk. Disponível em:
\<www.mar.mil.br/ciaw/historico.htm\>; Museu Imperial. Disponível em:
\<www.museuimperial.gov.br\>; PALHA, A. *Soldados*; SENADO. Disponível
em: \<www.senado.gov.br\>;*Senado Federal*; SOUSA, J.*Índice*.
