FONTES: ABRANCHES, J. *Governos* (v. 2); ASSEMB. LEGISL. RJ. *Anais*
(8/1892); CÂM. DEP. *Deputados brasileiros* (1826-1976); GOV. MG.
Disponível em: \<www.mg.gov.br/\>. Acesso em: 1/12/2010; GOV. RJ.
Disponível em: \<www.governo.rj.gov.br/\>. Acesso em: 1/12/2010; VELHO
SOBRINHO, J. *Dic.* (v. 1).
