FONTES: ASSEMB. LEGISL GB. *Anais*(1968); ASSEMB. LEGISL. RJ.
*Legislaturas*. Disponível em: \<www.alerj.rj.gov.br/arquivo.htm\>.
Acesso em: 20/3/2011; Família Werneck. Disponível em:
\<www.jusbrasil.com.br/diarios/2675904/dou-seccao-26-04-1957-pg-65/pdf\>.
Acesso em: 23/3/2011; *Diário de Notícias* (6, 8/1/1963).
