FONTES: ASSEMB. LEG. RJ. *Discurso*. Disponível em:
\<http://alerjln1.alerj.rj.gov.br/taqalerj2006.nsf/5d50d39bd976391b83256536006a2502/1540d8659e6cf225832571090071ef5a?OpenDocument\>.
Acesso em: 31/8/2009; CÂM. DEP. *Deputados*;CÂM. DEP. *Deputados
brasileiros*. Repertório (1971-1975); CÂM. DEP. *Relação nominal dos
senhores*;FERREIRA, M. *Hamílton*; *Globo* (26/4/1984, 16/1/1985);
*IstoÉ/Senhor*; *Jornal do Brasil* (13, 14/12/1979, 4/2, 23/5/1980);
*Perfil* (1972); TRIB. SUP. ELEIT. *Dados* (9).
