FONTES: ASSEMB. LEGISL. GB. *Anais* (7/1963, v. 24, 1, 4/1971, v. 1);
ASSEMB. LEGISL. RJ. *Documentos*; CÂM. MUN. RJ. Disponível em:
\<http://cmrj3.cmrj.gov.br/ofc/scripts/txtementa.asp?textoEmenta=doutor\>;
Eleições Pós-1945. Disponível em:
\<www.eleicoespos1945.com/1945-1965/rio\_df\_1958\_estaduais\_prt.html\>;
\<www.eleicoespos1945.com/1945-1965/guanabara\_1962\_estaduais\_prt.html\>.
