FONTES: ASSEMB. LEGISL. RJ. *Deputados estaduais fluminenses*. Sexta
legislatura (1995-1999); ASSEMB. LEGISL. RJ. *Legislação estadual*.
Disponível em: \<www.alerj.rj.gov.br/processo2.htm\>. Acesso em:
20/10/2010; ASSEMB. LEGISL. RJ. *Deputados: Claise Maria Zito*; CÂM.
DEP. *Deputados federais: Andreia Zito*; *Época* (15/10/2009); *Extra*
(9/9/2010); *Globo* (3/10/2006); PSDB-RJ. *Histórico*. Disponível em:
\<www.psdb-rj.org.br/site/sobre-o-psdb/historico-rio-de-janeiro\>.
Acesso em: 10/5/2011; TRIB. SUP. ELEIT. *Eleições* (2000); *Veja*
(2/7/1997).
