FONTES: ABRANCHES, J. *Governos*; ARQ. PUB. PARANÁ. Disponível em:
\<www.arquivopublico.pr.gov.br\>. Acesso em: 20/1/2010; ASSEMB. LEGISL.
RJ. *Anais* (1898); CÂM. DEP. *Deputados brasileiros* (1826-1976); GOV.
SC*.* Disponível em: \<www.sc.gov.br\>. Acesso em: 20/1/2011;História do
Café no Brasil Imperial. Disponível em: \<www.brevescafe.oi.com.br\>.
Acesso em: 20/1/2011;MELLO, M. *Parlamento*; Palácio Olímpio Campos.
Disponível em: \<www.palacioolimpiocampos.se.gov.br/\> Acesso em:
20/1/2010.
