FONTES: ASSEMB. LEGISL. RJ. *E**ntrevista.* Disponível em:
\<www.alerj.rj.gov.br/Busca/OpenPage.asp?CodigoURL=26841&Fonte=Dados\>.
Acesso em: 25/2/2011; CÂM. MUN. RJ. *Vereadores anteriores*; INF. BIOG.
(11/12/2010); Página pessoal. Disponível em:
\<www.gersonbergher.com.br\>. Acesso em: 20/1/2011. TRIB. SUP. ELEIT.
*Eleições 2006*: divulgação de registro de candidaturas.
