FONTES: ASSEMB. LEGISL. RJ. *Anais* (1927-1930);CARDIANO, F. *Eleições*;
*Estado* (17/1/1925, 19/12/1926, 19/8, 3/10/1930); *Diário Oficial da
União* (22/12/1950). Disponível em:
\<www.jusbrasil.com.br/diarios/2833578/dou-secao-1-22-12-1950-pg-27/pdfView\>.
Acesso em: 4/4/2012; FERREIRA, M. *República*; TRIB. CONTAS DA UNIÃO.
Disponível em:
\<http://portal2.tcu.gov.br/portal/page/portal/TCU/institucional/autoridades/ministros\_emeritos\>.
