FONTES: ACAD. ITATIAIENSE HIST. Disponível em:
\<http://academiaitatiaiensedehistoria.blogspot.com/2008/10/patronos-da-academia-itatiaiense-de.html\>;
ASSOC. AMIGOS DO CASARÃO DA VÁRZEA. Disponível em:
\<www.aacv.com.br/index.php?option=com\_content&view=article&id=164&Itemid=171\>;
*Diário Oficial RJ* (seção II, ano XLIII, 7/3/1974); *Diário Oficial da
União* (23/5/1958, 12/5/1970); *Jornal Ponte Velha*. Disponível em:
\<http://issuu.com/pontevelha/docs/ponte\_118\>,
\<http://issuu.com/pontevelha/docs/ponte\_velha\_junho\_2010\>; TRIB.
REG. ELEIT. RJ. *Dados* (eleição 1970); Vale do Paraíba. Disponível em:
\<www.valedoparaiba.com/terragente/comunicacao/resende.htm\>.
