FONTES: Americo.usal.es. Disponível em:
\<http://americo.usal.es/oir/Elites/curriculums\>; CÂM. DEP. Disponível
em: \<www2.camara.gov.br/deputados\>; *Folha de S.Paulo* (12/4/2000,
4/12/2001, 27/2/2002, 6, 8/4/2006, 6/7/2008, 7/1/2009); Página pessoal.
Disponível em: \<http://bittar.1331.com.br\>; PT. Disponível em:
\<www.pt.org.br/portalpt/index.php\>; SENGE-RJ; TRIB. SUP. ELEIT.
Disponível em: \<www.tse.gov.br\>.
