FONTES: ASSEMB. LEGISL. RJ. *Deputados estaduais fluminenses*. Quarta
legislatura (1987-1991); CÂM. MUN. PETRÓPOLIS. Disponível em:
\<www.cmp.rj.gov.br/docs/historia12.doc\>. Acesso em: 15/3/2011; SENADO.
Disponível em:
\<www.senado.gov.br/publicacoes/diarios/pdf/sf/2008/03/18032008/06258.pdf\>.
Acesso em: 14/3/2011; TRIB. SUP. ELEIT. Disponível em:
\<www.tse.gov.br/internet/eleicoes/2000/result\_blank.htm\>. Acesso em:
14/3/2011; \<www.tse.gov.br/internet/eleicoes/2004/result\_blank.htm\>.
Acesso em: 14/3/2011.
