FONTES: ABRANCHES, J. *Governos*; ASSEMB. LEGISL. RJ*.* Disponível em:
\<www.alerj.rj.gov.br/memoria/historia/gov88975/oliveira\_botelho.html\>.
Acesso em: 17/3/2011; BELOCH, I; ABREU, A. *Dicionário*;COL. BRAS.
GENEALOGIA. Disponível em:
\<www.cbg.org.br/arquivos\_genealogicos\_r\_02.html\>. Acesso em:
17/3/2011. FERREIRA, M; KORNIS, M. *Enfrentamento*; FERREIRA, M.
*República*; LACOMBE, L. *C**hefes*; PAULA, C.; LATTMAN-WELTMAN, F.
*Ministros.*
