FONTES: ASSEMB. LEGISL. RJ. *Legislação*; ASSEMB. LEGISL. RJ.
*Comissões*; BOTELHO, O. *Perfil*; *Globo*. Corrida (31/8/2010).
Disponível em:
\<http://oglobo.globo.com/pais/eleicoes2010/mat/2010/08/31/corrida-pela-reeleicao-88-6-dos-deputados-estaduais-do-rio-tentam-continuar-no-cargo-917514337.asp\>.
Acesso em: 2/4/2011; SEC. COM. SOC. NOVA FRIBURGO*.* Disponível em:
\<http://secompmnf.blogspot.com/2011/03/coletiva-de-imprensa-posse-olney.html\>
Acesso em: 2/4/2011; TRIB. SUP. ELEIT*.* Eleições.
