FONTES: AMARAL, G. *Blog*; Blog pessoal. Disponível em:
\<http://tijolaco.com/\>; CÂM. DEP. Disponível em:
\<www2.camara.gov.br/deputados\>. *Correio Braziliense* (13/11/2006);
*Folha de S.Paulo.* Disponível em: \<www.folha.uol.com.br/\>. Acesso em:
6-7/10/2008, 6/10/2009; Portal Políticos & Políticas. Disponível em:
\<http://politicos.br101.org/brizola-neto.html\>; TRIB. SUP. ELEIT.
Disponível em: \<www.tse.gov.br/\>.
