FONTES: AGUIAR, R. *Leonel*; BANDEIRA, M. *Brizola*; BARROS, E.
*Populismo*; BODEA, M. *Partido*; CARRION JR., F. *Brizola*; CIDADÃO,
L.; MUSSI, E. *R**azões*; DELGADO, L. *PTB*; FERREIRA, J. *Trabalhismo*;
FERREIRA, M. *Força*; FERREIRA, M. *Partido*; GUANABARA, R. *Partido*;
HOLLANDA, C. *Polícia*; KELLER, V.; DIAS, S.; COSTA. M. *Leonel*; KINZO,
M. *Eleição*; MANESCHY, O.; SAPUCAIA, M.; BECKER, P. *Com*; SENTO-SÉ, J.
*Brizolismo*; SENTO-SÉ, J. *Várias* SENTO-SÉ, J. *Encontro*; SOARES, G.;
SILVA, N. *Discreto*; SOUZA, A.; LIMA JR., O.; FIGUEIREDO, M. *Brizola*;
SOUZA, E. *Brizolândia.*
