**FONTES:** *Extra.* Disponível em:
\<http://extra.globo.com/casos-de-policia/de-empresario-de-sucesso-foragido-da-justica-388499.html\>.
Acesso em: 11/5/2011,
\<http://extra.globo.com/casos-de-policia/policia-aponta-mandante-do-assassinato-de-ary-brum-397856.html\>.
Acesso em: 11/5/2011; TRIB. CONT. UNIÃO. Disponível em:
\<https://contas.tcu.gov.br/cadirreg/CadirregDetalhePessoa?cod=19029&dt=Thu
Jul 08 09:29:03 BRT 2010\>; TRIB. SUP. ELEIT. Disponível em:
\<www.tse.gov.br/internet/eleicoes/2006/result\_eleicao.htm\>,
\<www.tse.gov.br/internet/eleicoes/estatistica2008/est\_result/resultadoEleicao.htm\>;
*Veja*. Disponível em: \<http://veja.abril.com.br/091298/p\_054.html\>.
