FONTES: ASSEMB. LEGISL. RJ. *Deputados estaduais fluminenses.* Quinta
legislatura (1991-1995), Sexta legislatura (1995-1999); ASSEMB. LEGISL.
RJ. Disponível em: \<www.alerj.rj.gov.br/\>. Acesso em: 15/2/2011;
GeneAll.net. Disponível em: \<www.geneall.net/\>. Acesso em: 15/2/2011;
PSDB-RJ. Disponível em: \<www.psdb-rj.org.br/\>. Acesso em: 15/2/2011;
SENADO. Disponível em: \<www.senado.gov.br/\>. Acesso em: 15/2/2011;
TRIB. CONT. RJ. Disponível em: \<www.tce.rj.gov.br/\>. Acesso em:
15/2/2011.
