FONTES: ASSEMB. LEGISL. RJ. *Documentos parlamentares*; *Diário Oficial
da união* (16/4/1960, 16/6/2006). Disponível em:
\<www.batalhaosuez.com.br/1contingenteIntegrantes.htm\>; *Diário Oficial
da união* (9/12/2002, p.16). Disponível em:
\<www.jusbrasil.com.br/diarios/770377/dou-secao-2-09-12-2002-pg-16/pdfView\>;
*Diário Oficial do Poder Legislativo do R*J (5/2 e 20/4/1979;
20/2/1981); SILVA, S. *Sábado.*
