FONTES: ARQ. DEP. PESQ. JORNAL DO BRASIL; CÂM. DEP. *Deputados*; CÂM.
DEP. *Deputados brasileiros. Repertório* (1967-1971); DEP. PESQ. ESTADO
DE SÃO PAULO; ENTREV. BIOG.; *Estado de* *S. Paulo* (25/9/1980); *Jornal
do Brasil* (1/10/1966, 28/4/1979, 8/5/1980); NÉRI, S. *16*; *Quem é quem
no Brasil.*
