FONTES: ASSEMB. LEGISL. RJ. *Anais*; BRUNO, Sebastião. Disponível em:
\<www.grupos.com.br/blog/miracemarj/month/3-2008.html\>. Acesso em:
20/5/2011; CARDIANO, F. *Eleições*;*Diário Oficial da União* (30/4/1969,
seção I, parte I, p. 6); Decreto n^o^ 40.494/1956 (5/12/1956, seção 1,
p. 23088); MELLO, M. *Parlamento*; OLIVEIRA, P. *Atos.*
