FONTES: *Agência Brasil* (21/7/2006); Agência Brasil. Disponível em:
\<http://agenciabrasil.ebc.com.br/noticia/2007-06-11/forca-nacional-ja-esta-fazendo-seguranca-dos-jogos-pan-americanos\>.
Acesso em: 26/8/2011; ASSEMB. LEGISL. RJ. Disponível em:
\<www.alerj.rj.gov.br/memoria/index3.html\>; ASSEMB. LEGISL. RJ.
*Notícias* (8/1/2003, 25/10/2004); *Correio do Brasil* (14/4/2003);
Dicionário Cravo Albin da Música Popular Brasileira; *Época*
(24/1/2003); *Estado do Paraná* (8/12/2004); *Estado de S. Paulo*
(21/8/2008), Disponível em: \<www.estadao.com.br/noticias/\>; Explica
tudo. Disponível em:
\<http://explicatudo.com/wp-content/uploads/2010/07/proposta\_governo-3.pdf\>;
FERREIRA, M. *Segurança*; *Folha de S.Paulo* (3/5/2006, 10/1/2007, 21,
23/6, 19/12/2008), Disponível em: \<http://acervo.folha.com.br/fsp/\>;
*Folha.* Disponível em:
\<www1.folha.uol.com.br/poder/934936-eike-batista-da-r-139-mi-para-projetos-de-sergio-cabral-no-rj.shtml\>;
FUND. PERSEU ABRASMO. Disponível em:
\<www.fpabramo.org.br/artigos-e-boletins/artigos/tarso-genro-%E2%80%9Cpapel-das-forcas-armadas-nao-e-cuidar-da-seguranca-publica%E2%80%9D\>;
*Globo* (29/10/2006); *G1* (22/8/2006, 9/12/2008, 27/8, 27/10/2009);
*Globo.* Disponível em:
\<http://oglobo.globo.com/educacao/mat/2010/07/05/ideb-estado-do-rio-o-penultimo-do-ranking-917075143.as\>,
\<http://oglobo.globo.com/economia/mat/2010/03/18/royalties-do-petroleo-ibsen-pinheiro-diz-que-nem-toda-passeata-do-bem-916108571.asp\>;
\<http://oglobo.globo.com/rio/ancelmo/reporterdecrime/?palavra=batan\>;
*Globo* (1/1, 1/6, 7, 3/8, 1/10/2007, 16, 17, 19/6, 15/12/2008).
Disponível em:\<http://oglobo.globo.com/rio/mat/\>; JusBrasil.
Disponível em:
\<www.jusbrasil.com.br/politica/4516643/cabral-inaugura-primeira-upa-de-sao-goncalo-e-anuncia-mais-3\>;
Notícias Uol (25, 22/11/2010). Disponível em:
\<http://noticias.uol.com.br/ultimas-noticias/agencia/2010/11/25/dilma-liga-para-cabral-para-prestar-solidariedade-ao-rio.jhtm\>;
Página pessoal. Disponível em:
\<http://sergiocabral.com.br/acontece-saude-do-rio-modelo-para-brasil\>;
SENADO (20/12/2006); SENADO. Disponível em:
\<www.senado.gov.br/atividade/materia/Consulta\_parl.asp?Tipo\_Cons=15&p\_cod\_senador=3365\>,
\<http://rl.senado.gov.br\>; Supervia. Disponível em:
\<www.supervia.com.br/noticia.php?n=chineses-apresentam-primeiro-dos-34-trens-comprados-pelo-estado\*&cod=41\>;TRIB.
SUP. ELEIT. (Eleições 1994/1998/2002); *Tribuna* (5/5/2005); Uol
Notícias. Disponível em:
\<http://noticias.uol.com.br/politica/2010/12/02/cabral-confia-em-veto-do-presidente-a-emenda-sobre-royalties-do-pre-sal.jhtm\>;
Uol notícias. Disponível em:
\<http://noticias.uol.com.br/politica/2010/12/02/cabral-confia-em-veto-do-presidente-a-emenda-sobre-royalties-do-pre-sal.jhtm\>;
Uol eleições. Disponível em:
\<http://eleicoes.uol.com.br/2010/rio-de-janeiro/ultimas-noticias/2010/08/26/puxamos-o-freio-de-mao-ladeira-abaixo-diz-cabral-sobre-educacao-no-rio.jhtm\>;
Uol Notícias. Disponível em:
\<http://noticias.uol.com.br/politica/2010/12/02/cabral-confia-em-veto-do-presidente-a-emenda-sobre-royalties-do-pre-sal.jhtm\>;
*Veja* (3/11/2004, 14/11/2007); *Veja Rio* (11/10/2006).
