FONTES: ASSEMB. LEGISL. RJ. Disponível em:
\<www.alerj.rj.gov.br/processo2.htm\>. Acesso em: 23/1/2011; ASSEMB.
LEGISL. RJ. *Deputados estaduais fluminenses* (1991-1995); *Diário
Oficial da União* (18/11/2002, n. 222, p. 111). Disponível em:
\<www.jusbrasil.com.br/diarios/743760/dou-secao-1-18-11-2002-pg-111/pdfView\>;
*Diário Oficial da União* (13/1/2010, p. 24). Disponível em:
\<www.jusbrasil.com.br/diarios/1570778/dou-secao-2-13-01-2010-pg-24/pdfView\>;
TRIB. CONT. UNIÃO. Disponível em:
\<www.ticontrole.gov.br/portal/pls/portal/docs/2047770.PDF\>.
