FONTES: ASSEMB. LEGISL. RJ. *Deputados* (1991-1994); ASSEMB. LEGISL. RJ.
*Legislação*; ASSEMB. LEGISL. RJ. *Projeto de lei n^o^ 2.540/1998*; CASA
CULT. HELOÍSA ALBERTO TORRES; GOV. RJ. *Secr. Saúde e Def. Civil:
Hospitais*; PREF. MUN. ITABORAÍ. *Memorial*. Disponível em:
\<www.itaborai.rj.gov.br/home/muralpre/\> Acesso em: 20/4/2011.
