FONTES: ASSEMB. LEGISL. RJ. *Deputados estaduais fluminenses*. Quarta
legislatura (1987-1991); ASSEMB. LEGISL. RJ. *Documentos*; CÂM. MUN.
PETRÓPOLIS. Disponível em: \<www.cmp.rj.gov.br/docs/historia12.doc\>;
CARDIANO, F. *Eleições*; Diário de Petrópolis(6/1/2009); *Diário Oficial
do Estado de São Paulo* (13/4/1967). Disponível em:
\<www.jusbrasil.com.br/diarios/4451934/dosp-poder-executivo-13-04-1967-pg-33/pdfView\>.
Acesso em: 13/6/2012; IG Turismo. Disponível em:
\<http://turismo.ig.com.br/noticia/2008/06/18/o\_que\_fazer\_em\_petropolis\_1370967.html\>.
