FONTES: ACAD. CÂNDIDO MENDES. Disponível em:
\<www.candidomendes.com/Historia.aspx\>. Acesso em: 25/2/2011; ASSOC.
RUR. SUL FLUMINENSE. *Antigos presidentes*. Disponível em:
\<www.arsf.com.br/expresidentes/jac.htm\>. Acesso em: 25/2/2011;
CARDIANO, F. *Eleições*; Wikipédia. *Prefeitos de Barra do Piraí*.
Disponível em: \<www.wikipedia.org\>. Acesso em: 25/2/2011.
