FONTES: ABREU, A. *Dicionário histórico-biográfico*; ASSEMB. LEGISL. RJ.
Departamento; ASSEMB. LEGISL. RJ. Disponível em:
\<www.alerj.rj.gov.br/memoria/cd/assembleia/aconst89.html\>. Acesso em:
10/5/2011; CARDIANO, F. *Eleições*; *Diário Oficial da União* (6/8/1970,
p. 3); *Jornal do Brasil* (2/7/1969, p. 3); MELLO, M. *Parlamento*;
OLIVEIRA, P. *Atos*; TRIB. REG. ELEIT. *Eleições* 1958.
