FONTES: ASSEMB. LEGISL. RJ (9/5/2001). Disponível em:
\<www.alerj.rj.gov.br/\>. Acesso em: 4/12/2009; *Dia* (22/11/2009).
Disponível em: \<htttp://odia.terra.com.br\>. Acesso em: 4/12/2009;
Piraí. Disponível em: \<www.pirai.rj.gov.br/\>; SENADO (4/1/2001).
Disponível em: \<www.senado.gov.br/agencia\>. Acesso em: 4/12/2009;
TRIB. SUP. ELEIT. Disponível em: \<www.tse.gov.br/\>. Acesso em:
4/12/2009.
