FONTES: ALENCASTRO, L.; NOVAIS, F. *História* (v. 2); ASSEMB. CONST. RJ.
*Anais* (1/3-9/4/1892); ASSEMB. LEGISL. RJ. *Anais* (14/11/92- 12/1/93);
BARATA, C.; BUENO, A. *Dicionário* (v. 1); FERREIRA, M. *República*;
Genealogia paulistana. Disponível em:
\<[www.arvore.net.br/Paulistana/Furquins.htm](http://www.arvore.net.br/Paulistana/Furquins.htm)\>;
NASCIMENTO, C.; LEMOS, R. *Apresentação*; PETRUCCELLI, J. *Café.*
