FONTES: CÂM. DEP. *Anais* (1961-1); CÂM. DEP. *Deputados*; CÂM. DEP.
*Deputados* *brasileiros.* Repertório (1963-1967, 1967-1971); CÂM. DEP.
*Relação nominal dos senhores*; CISNEIROS, A. *Parlamentares*; *Globo*
(28/9, 1/11/1980, 24/3/81); *Grande encic. Delta*; *Jornal do Brasil*
(16/6/1977, 3/8, 1, 21/11/1978, 29/6, 28, 30/12/1979, 11/1, 17/5,
11/6/1980, 18/10/1981); NÉRI, S. *16*; SENADO. *Dados*; SENADO. *Dados*
(1991-1999); SENADO. *Endereços*; SENADO. *Relação dos líderes*; TRIB.
SUP. ELEIT. *Dados*; *Veja* (26/2, 5, 26/3, 23/4, 14, 21/5, 10/9/1975,
2/12/1981, 24/3/1982).
