FONTES: ABREU, A. *Cartas*; *Correio da Manhã* (10/1921-6/1922); *Estado
de S. Paulo* (10/1921-6/1922); FORJAZ, M. *Tenentismo*; FRANCO, A.
*Estadista*; *Jornal do Brasil* (10/1921-6/1922); *Jornal do Comércio*
(10/1921-6/1922); Setembrino de Carvalho, Arquivo, Cpdoc; João Luís
Alves, Arquivo, Cpdoc.
