FONTES: CÂM. DEP. *Deputados brasileiros.* Repertório (1999-2007).
Disponível em: \<www2.camara.gov.br\>; CÂM. DEP. Disponível em:
\<www2.camara.gov.br/\>; CÂM. MUNIC. São João de Meriti. Disponível em:
\<http://camaradesaojoaodemeriti.rj.gov.br/site/images/stories/fruit/diario/2009/agosto/24.PDF\>;
Direito2. Disponível em: \<www.direito2.com.br\>; *Folha de S.Paulo*
(11/8/2006, 20/12/2006, 17/12/2012); Disponível em:
\<http://noticias.busca.uol.com.br\>.
