FONTES: ANASPS. Disponível em:
\<www.anasps.org.br/index.asp?id=812&categoria=29&subcategoria=46\>;
ASSEMB. LEGISL. RJ. *Anais* (1, 4/1971, 15-31/3/1975); ASSEMB. LEGISL.
RJ. Disponível em:
\<www.alerj.rj.gov.br/center\_arq\_aleg\_invent\_link4\_24.htm\>,
\<www.alerj.rj.gov.br/center\_arq\_aleg\_prod\_link4.htm\>; ASSEMB.
LEGISL RJ. *Informações* (1960-1975); CARDIANO, F. *Eleições.* TRIB.
REG. ELEIT. Disponível em:
\<www.tre-rj.gov.br/site/legislacao/resolucoes/1978/restre37.pdf*\>.*
