FONTES: ASSEMB. LEGISL. RJ. *Anais* (14/11/1892-12/1/1893, 1/3-9/4/1892,
8/1892, 13-26/1/1893, 1/8/1893); BRETAS, M. *Polícia*; FERREIRA, M.
*República*; MAR. BRAS. Disponível em:
\<www.mar.mil.br/menu\_v/cm/ministros\_imperio\_mb.html\>. Acesso em:
25/8/2010; PM. *200 anos*. Disponível em:
\<www.pmerj.org/historico-da-pmerj/\>, Acesso em: 25/8/2010; SENADO.
Disponível em:
\<www.senado.gov.br/senadores/senadores\_biografia.asp?codparl=1549&li=23&lcab=1894-1896&lf=23\>.
Acesso em: 25/8/2010.
