FONTES: ABRANCHES. J.*Governos*; CÂM. DEP. *Deputados brasileiros*
(1826-1976); FERREIRA, M. *República*; INST. HIST. PETRÓPOLIS.
Disponível em: \<www.ihp.org.br/ihp/site/\>. Acesso em: 17/11/2010;
MELLO, M. *Parlamento*; Referências genealógicas de Antonio Augusto
Leite de Castro. Disponível em:
\<http://referenciasgenealogicasaalecastro.blogspot.com/2010/05/familia-leite.html\>.
Acesso em: 17/11/2010.
