FONTES: ASSEMB, LEGISL. RJ. *Anais*; CÂM. FED. *Anais*; *Diário Oficial
da União* (14/12/1901);*Itaocara* (13/7/1913); *Almanack Laemert*
(1918); *Estado* (4/3/1925, 19/12/1926, 16, 23/3, 17/4, 17, 18/5/1927,
13/6/1928, 3/10/1930); FERREIRA, M. *República*; *País* (2/1/1925);
SOARES, E. *História*; Itaocara. Disponível em:
\<www.itaocararj.com.br\>.
