FONTES: BULHÕES, A. *Ministros*; CAFÉ FILHO, J. *Sindicato*; COHN, G.
*Petróleo*; *Encic. Mirador*; ENTREV. PEREIRA, J.; *Estado de S. Paulo*
(17/11/1953); *Grande encic.* *Delta*; HIRSCHOWICZ, E. *Contemporâneos*;
*Jornal do Brasil* (18/11/1953);*Jornal do Comércio*, Rio (18,
22/11/1953); MIN. FAZ. *Ministros*; MIN. GUERRA. *Almanaque*; MUSEU DO
BANCO DO BRASIL; SILVA, R. *Notas*; SKIDMORE, T. *Brasil*.
