FONTES: ASSEMB. LEGISL. RJ. *Anais* (1911, 1917); ASSEMB. LEGISL. RJ.
*Núcleo de Memória.* Disponível em:
\<www.alerj.rj.gov.br/memoria/historia\>; CÂM. DEP. *Deputados
brasileiros* *(1826-1976)*; COL. BRAS. GENEALOGIA. Disponível em:
\<www.cbg.org.br/arquivos\_genealogicos\_m\_06.html\>; MELLO, M.
*Parlamento*; PREF. MUNI. PIRAÍ. Disponível em:
\<www.pirai.rj.gov.br/web/page/historia9.asp\>; SEBRAE RJ. Caminhos do
Café: roteiros e vestígios. Disponível em:
\<www.sebraerj.com.br/custom/pdf/cam/cafe/06\_CaminhosDoCafe-RoteirosEVestigios.pdf\>.
