FONTES: CÂM. DEP. *Deputados*; CÂM. DEP. *Deputados brasileiros*.
Repertório (1975-1979, 1979-1983); Exodus. Disponível em:
\<www.exodus.tur.br/news/5.html\>. Acesso em: 20/7/2011. *Jornal do
Brasil* (4/10/1966, 22/11/1974, 20/11/1978); NÉRI, S. *16*; *Perfil*
(1980); *Revista Eventos*. Disponível em:
\<www.revistaeventos.com.br/site/Noticias.php?id=3676\>; TRIB. SUP.
ELEIT. *Dados* (6, 8 e 9).
