FONTES: BRANDI, P. *Cronologia*; *Correio Brasiliense* (5/11/1969);
*Correio da Manhã* (19/7, 21/7, 22/7/1962); CORRESP. GOV. DF; CORRESP.
GOV. GB; COUTINHO, A*. Brasil*; *Globo* (1/6/2002);*Grande* *encic.
Delta*; INF. BIOG.; INF. FAM. BIOG.; *Jornal do Brasil* (31/3/1959, 1/6,
15/4/1960; 1/11, 7/5/1978, 3/3, 18/8/1979, 26/2/1982); LEITE, C*.
Assessoramento*; MIN. REL. EXT. *Anuário*; NAÇÕES UNIDAS. *ABC*; THE
NOBEL FOUNDATION. *Les Prix Nobel 1982*; *Veja* (20/10/1982); VIANA
FILHO, L. *Governo*; *Visão* (11/3/1974)*.*
