FONTES: Ação educativa. Disponível em:
\<www.acaoeducativa.org.br/downloads/02bibliografico.pdf\>. Acesso em:
15/10/2009; AMORJ; MUN. PEDRO VELHO. Disponível em:
\<http://br.geocities.com/pedrovelhorn/senador.htm\>; NPC (1/1999).
Disponível em:
\<www.piratininga.org.br/novapagina/leitura.asp?id\_noticia=2151&topico=Por
Claudia Santiago\>; TRIB. SUP. ELEIT. Disponível em:
\<www.tse.gov.br/internet/eleicoes/2002/result\_blank.htm\>. Acesso em:
15/10/2009;SENADO.
