FONTES: ASSEMB. LEGISL. RJ. *Deputados estaduais fluminenses*
(1999-2003); *Folha dos municípios.* Ex-prefeito de Paracambi é
denunciado por fraude. Disponível em:
\<www.folhadosmunicipios.com.br/plantao.php?id=804\>. Acesso em:
23/8/2010; *Folha de S.Paulo*. Prefeito de Nova Iguaçu e mais 7 são
denunciados por fraude. Disponível em:
\<www1.folha.uol.com.br/folha/brasil/ult96u415487.shtml\>. Acesso em:
23/8/2010; Página pessoal. Disponível em:
\<www.andrececiliano.com.br/?pg=perfil\>. Acesso em: 23/8/2010.
