FONTES: ASSEMB. LEGISL. RJ. *Deputados estaduais fluminenses*. Terceira
legislatura (1983-1987); ASSEMB. LEGISL. RJ. Disponível em:
\<www.alerj.rj.gov.br/\>. Acesso em: 17/12/2010; *J**ornal da ALERJ*
(ano 3, n. 93, 16-22/8/2005). Disponível em:
\<www.alerj.rj.gov.br/jornalalerj/jornalalerj93.pdf\>.
