FONTES:CÂM. DEP. *Deputados brasileiros.* Repertório (1995-1999);
CARVALHO, L. *Coronel*; DOSSIÊ; *Estado de S. Paulo* (15/4/1987); *Folha
de S.Paulo* (31/1/1995, 29/9, 10/10, 11/11/1998); *Globo* (11/6/1993,
20/3/1996, 5/2/1997, 7/10/1998); *Jornal do Brasil* (18, 21/5,
4/8/1995); TRIB. SUP. ELEIT. *Candidatos* (1998).
