FONTES: BENCHIMOL, J.; TEIXEIRA, L. A. *Cobras*; CHAGAS, C. *Discursos*;
CHAGAS FILHO, C*. Meu*; FUND. OSWALDO CRUZ. *Biblioteca Virtual Carlos
Chagas*. Disponível em: \<www.bvschagas.coc.fiocruz.br\>; FUND. OSWALDO
CRUZ. *Inventário analítico*; HOCHMAN, G. *Era*; KROPF, S. *Doença.*
KROPF, S.; HOCHMAN, G. Chagas; KROPF, S.; LACERDA, A. *Carlos*; KROPF,
S.; SÁ, M. Discovery; PRATA, A.; SANT’ANNA, E. *Carlos*; STEPAN, N.
*Gênese.*
