FONTES: BANFIELD, E. *Political*; BANFIELD, E.; WILSON, J. *City*;
DINIZ, E. *Clientelisme*; DINIZ, E. *Máquinas*; DINIZ, E. *Voto e
máquina*; DINIZ, E. *Voto e realinhamento*; EISENSTADT, S.; LEMARCHAND,
R. *Political*; GOSNELL, H. *Machine*; GRAZIANO, L. *Patron*-*Client*;
LOWIE, T. *American*; MERTON, R. *Social*; NELSON, J. *Acess*; RAKOVE,
M.*Don’t*; ROYKO, M. *Boss*; SCOTT, J. *Corruption*; WEINGROD, A.
*Patrons*; WILSON, J. *Political*.
