FONTES: ASSEMB. LEGISL. RJ. *Deputados estaduais fluminenses.* Quinta
legislatura (1991-1994); *Globo* (19/10/1990); *Jornal do Brasil*
(10/4/1964); NÚCLEO DE MEMÓRIA POLÍTICA CARIOCA E FLUMINENSE
(1978-1994); Grupo de estudos sobre a ditadura. Disponível em:
\<www.gedm.ifcs.ufrj.br/upload/legislacao/3.pdf; Estante Virtual\>.
