FONTES: ASSEMB. LEGISL. RJ. *Deputados estaduais fluminenses*. Sexta
legislatura (1995-1999), Sétima legislatura (1999-2003); ASSEMB. LEGISL.
RJ. *Documentos*; ASSEMB. LEGISL. RJ. Núcleo de Memória Carioca e
Fluminense; ASSEMB. LEGISL. RJ. *Termo de posse* (5/4/2005); G1
(4/9/2008); Terra (16/5/2005); TRIB. SUP. ELEIT. *Eleições* (1998, 2002,
2004, 2006).
