FONTES: ASSEMB. LEGISL. RJ. Deputados estaduais fluminenses. Quarta
legislatura (1987-1991); Folha de S.Paulo (7/5/2000, 8/3/2009); Folha de
S.Paulo. Eleições(12/8/2006); Jornal do Postalis. Disponível em:
\<www.postalis.org.br/institucional/jornal/jornal\_edicao39/jornal32.pdf\>;
Portal Atividade Legislativa (16/9/2009).Partido da Causa
Operária(16/1/2006); REFER. Disponível em:
\<www.refer.com.br/novosite/Documentos/pdfs/expresso121.pdf\>; SIND.
TRAB. EMP. CORREIOS E TELÉGRAFOS DE ALAGOAS (20/1/2008).
