FONTES: ABRANCHES, J. *Governos*; ACAD. NAC. MED. Disponível em:
\<www.anm.org.br/\>; BLAKE, A. *Diccionario*; CÂM. DEP. *Deputados
brasileiros* (1826-1976); COMISS. CONST. CENT. REPÚB. PRIM. CONST.
REPUB. Relatório; GIFFONI, O. *Dicionário*. SENADO. *Catálogo*
(1826-1986); SENADO *Dados*; SENADO. Disponível em:
\<www.senado.gov.br\>; SOUSA, J. *Índice.*
