FONTES: ARQ. DEP. PESQ. JORNAL DO BRASIL; COUTINHO, A. *Brasil*; *Jornal
do* *Brasil* (16/10/1960); Entrevista com Saldanha Coelho (26/11/2001).
Disponível em: \<www.velhosamigos.com.br/Foco/saldanhaf.html\>. Acesso
em: 19/1/2012; NÉRI, S*. 16*; PESQ. F. BARBOSA; RIBEIRO FILHO, J.
*Dicionário*; TRIB. SUP. ELEIT. *Dados* (4 e 6).
