FONTES: *Constituição da República dos Estados Unidos do Brasil* (1891);
*Constituição dos Estados Unidos do Brasil* (1946); *Constituição do
Estado da Guanabara* (1961); *Constituição da República Federativa do
Brasil* (1967); Lei Complementar n^o^ 20 (1/7/1974); Lei n^o^ 3.752
(14/4/1960); MOTTA, M. *Que*; MOTTA, M. *Rio*.
