FONTES: ASSEMB. LEGISL. RJ. *Perfis biográficos.* Disponível em:
\<www.alerj.rj.gov.br/memoria/nucleo.htm\>. Acesso em: 18/7/2011;
*Constituição da República dos Estados Unidos do Brasil* (1891);
*Constituição do Estado do Rio de Janeiro* (1892); *Constituição da
República dos Estados Unidos do Brasil* (1934); *Constituição do Estado
do Rio de Janeiro* (1936); *Constituição dos Estados Unidos do Brasil*
(1937); *Constituição do Estado do Rio de Janeiro* (1947); PEIXOTO, A.
*Artes*.
