FONTES: ASSEMB. LEGISL. RJ. Perfis biográficos. Disponível em:
\<www.alerj.rj.gov.br/memoria/nucleo.htm\>. Acesso em: 18/7/2011;
*Constituição do Estado do Rio de Janeiro* (1936); *Constituição dos
Estados Unidos do Brasil* (1937); *Constituição dos Estados Unidos do
Brasil* (1946); *Constituição do Estado do Rio de Janeiro* (1947);
*Constituição da República dos Estados Unidos do Brasil* (1934);
PEIXOTO, A. *Artes*.
