FONTES: *Constituição do Estado do Rio de Janeiro* (1975); *Constituição
da República Federativa do Brasil* (1967); *Decreto-Lei n^o^ 1 estadual*
(15/3/1975); *Emenda Constitucional n^o^ 1* (17/10/1969); *Emenda
Constitucional n^o^ 22* (29/6/1982); *Emenda Constitucional n^o^ 23*
(6/9/1982); FERREIRA, M.; GRYNSZPAN, M. *Volta*; *Lei Complementar n^o^
14* (8/6/1973); *Lei Complementar n^o^ 20* (1/7/1974); MOTTA, M.
*Fusão*; SARMENTO, C. *N**ovo*.
