FONTES: ASSEMB, LEGISL. RJ. *Perfis biográficos.* Disponível em:
\<www.alerj.rj.gov.br/memoria/nucleo.htm\>. Acesso em: 18/7/2011;
*Constituição da República Federativa do Brasil* (1967); *Constituição
da República Federativa do Brasil* (1988); *Constituição do Estado do
Rio de Janeiro* (1975); *Constituição do Estado do Rio de Janeiro*
(1989); *Emenda Constitucional n^o^ 22* (29/7/1982); *Emenda
Constitucional n^o^ 1* (17/10/1969); *Emenda Constitucional n^o^ 23*
(6/9/1982); MENDES, G.; COELHO, I.; BRANCO, P. *Curso*.
