FONTES: ARQ. DEP. PESQ. JORNAL DO BRASIL; CÂM. DEP. *Anais*; CÂM. DEP.
*Deputados*; CÂM. DEP. *Deputados brasileiros.* Repertório (1963-1967);
CURRIC. BIOG.; ENTREV. TRINDADE, H.; *Grande encic. portuguesa*; *Jornal
do Brasil* (16/10/1960, 14/10/1966, 7/4/1974, 30/6/1976); MACEDO, R.
*Efemérides*; MELO, L. *Dicionário*; MELO, O*. Marcha*; MENESES, R*.
Dicionário*; NÉRI, S. *16*; *Ofensiva*; *Quem é quem no Brasil*; SILVA,
H. *1938*; TAVARES, J. *Radicalização*.
