FONTES: ASSEMB. LEGISL. RJ. Disponível em:
\<www.alerj.rj.gov.br/common/deputado.asp?codigo=163\>. Acesso em:
19/10/2010; Página pessoal. Disponível em:
\<www.andrecorrea.com.br/main.php?andrecorrea=mandate.profile\>. Acesso
em: 19/10/2010; Transparência Brasil. Disponível em:
\<www.excelencias.org.br/@candidato.php?id=2689&cs=19\>. Acesso em:
19/10/2010.
