FONTES: ASSEMB. LEGISL. RJ. *Deputados estaduais fluminenses*. Sexta
legislatura (1995-1999), Sétima legislatura (1999-2003); *Diário Oficial
RJ* (23/2/2001); *Congresso em Foco* (10/7/2006); *Extra* (27/6/2010);
*Globo* (19/10/1990); MIN. TRAB. EMPR. (9/6/2010); PDT RJ. Disponível
em: \<www.pdt-rj.org.br/paginaindividual.asp?id=402\>; PDT SP
(18/3/2010); PDT São José dos Pinhais. Disponível em:
\<www.pdtsjp.com.br/index.php?pag=partido\>; TRIB. SUP. ELEIT. *Eleições
2010*.
