**FONTES:** ASSEMB. LEGISL. RJ. Disponível em:
\<www.alerj.rj.gov.br/common/noticia\_corpo2.asp?num=\>; CÂM. MUN. CABO
FRIO. Disponível em:
\<www.cmcabofrio.rj.gov.br/cmcf-v.1.0.1/?nav=3&codVer=16\>; Jus Brasil.
Disponível em:
\<www.jusbrasil.com.br/busca?q=andré+correa+do+pv&s=politica\>; TRIB.
SUP. ELEIT. Disponível em:
\<www.tse.gov.br/internet/eleicoes/2006/result\_eleicao.htm\>;
\<www.tse.gov.br/partidos/desempenho/depDistEst/rj/de/rjde40145.htm\>.
