FONTES: ASSEMB. LEGISL. RJ. *Deputados estaduais fluminenses*. Quinta
legislatura (1991-1994); ASSEMB. LEGISL. RJ. Disponível em:
\<www.alerj.rj.gov.br/common/deputado.asp?codigo=369\>. Acesso em:
12/3/2011; CÂM. MUN. DUQUE DE CAXIAS. Disponível em:
\<www.cmdc.rj.gov.br/vereadorperfil.asp?id=28\>. Acesso em: 12/3/2011.
