FONTES: ACAD. BRAS. POESIA. Disponível em:
\<www.rauldeleoni.org/academicos\_titulares/walter\_pacheco.html\#mais\>.
Acesso em: 10/4/2011; ASSEMB. LEGISL. MG. Disponível em:
\<www.almg.gov.br/eleicoes/votacao/m49670.htm\>. Acesso em: 25/5/2011;
CARDIANO, F. *Eleições*; FERREIRA, J. *Sociedade*; MARTINHO, F.
*Democracia*; MELLO, M. *Parlamento*; ROLLEMBERG, D. *Ditadura*; TOLEDO,
C. *Governo*; PALOMANES, F. *Democracia*.
