FONTES: AZEVEDO, F. *Entrevista*; CÂM. DEP. Disponível em:
\<www2.camara.gov.br/deputados\>; *Folha de S.Paulo* (14/5, 21/10/2006,
11/2, 10/12/2007); Políticos & Políticas. Disponível em:
\<http://politicos.br101.org/solange-almeida\>; TRIB. CONTAS RJ. Solange
Almeida Disponível em:
\<http://marcioimprensa.blogspot.com/2008/01/tce-multa-solange-almeida.html\>.
Acesso em: 5/1/2008; TRIB. SUP. ELEIT. Disponível em:
\<www.tse.gov.br\>.
