FONTES: ASSEMB. LEGISL. RJ. Anais (1, 4/1971, v. I, 15-31/3/1975, v. I);
Clube dos Aliados. Disponível em:
\<www.clubedosaliados.com.br/abril.htm\>; Cpdoc. História Oral (n. 3, p.
91-108, 6/2000). Disponível em:
\<cpdoc.fgv.br/producao\_intelectual/arq/613.pdf\>; MOTTA, M. *Mania*;
TRIB. REG. ELEIT. Disponível em:
\<www.tre-rj.gov.br/site/legislacao/resolucoes/1978/restre37.pdf\>.
