FONTES: ARQ. ASSEMB. LEGISL. RJ. DEP. WALDIR COSTA; ASSEMB. LEGISL. RJ.
Disponível em: \<www.alerj.rj.gov.br/center\_arq\_inf\_fase\_2.htm\>.
Acesso em: 14/6/2011; ASSEMB. LEGISL. RJ. Lei n^o^ 1.660 (8/6/1990);
CARDIANO, F. *Eleições*; CASTRO, E. *Nova Friburgo*; *Diário Oficial RJ*
(2/2/1967, p. 1, Seção IV, 2/2/1971, p. 1, Seção IV, 3/12/1974, p. 15,
Seção IV, 15/6/1972, p. 8, Seção II, 1/6/1977, p. 35, Seção III); TRIB.
SUP. ELEIT. Disponível em:
\<www.tse.gov.br/internet/eleicoes/cronologia.htm\>. Acesso em:
14/7/2011.
