FONTES: ABRANCHES, J. *Governos* (v. 2); ASSEMB. LEGISL. RJ. *Anais*
(1902, 1905); ASSEMB. LEGISL. RJ. E CONST. *Anais* (1903); Blog do
jornalista Assueres Barbosa. Disponível em:
*\<*http://blogdojornalistaassueres.blogspot.com/\>. Acesso em:
22/1/2011; CÂM. DEP. *Deputados brasileiros* *(1826-1976)*;NOFUENTES, V.
*Guerra*.
