FONTES: ALMEIDA*.* A. *Dicionário*; AUDRÁ, A. *Bancada*; BASTOS, P.
*Galeria*; BEHAR, E. *Vultos*; BLAKE, A. *Dicionário*; CÂM. DEP.
*Deputados*; CONSULT. MAGALHÃES, B.; *Encic.* *Barsa*; *Encic. Mirador*;
*Grande encic. Delta*; *Grande encic. portuguesa*; *Jornal do Comércio*
(25/5/1926, 7, 8, 9/6/1934); LEVINE, R. *Vargas*; MENESES, R.
*Dicionário*; NEVES, F. *Academia*; RIBEIRO FILHO, J*. Dicionário.*
