FONTES: ASSEMB. LEGISL. RJ. *Deputados estaduais fluminenses*. Sétima
legislatura (1999-2003); *Dia*. Disponível em:
\<http://odia.terra.com.br/rio/htm/operacao\_uniforme\_fantasma\_ja\_tem\_22\_presos\_147046.asp\>;
*Estado de S. Paulo*: Disponível em:
\<www.estadao.com.br/noticias/nacional,pmdb-quer-dados-do-mp-para-decidir-se-expulsa-prefeita,116570,0.htm\>,
\<www.estadao.com.br/noticias/nacional,irmaos-de-ex-prefeita-de-mage-sao-acusados-de-desvio,446956,0.htm,\>,
\<www.estadao.com.br/noticias/nacional,prefeita-de-mage-rj-e-acusada-de-adulterar-combustivel,497149,0.htm\>,
\<www.estadao.com.br/noticias/nacional,operacao-da-pf-prende-19-no-rio-por-fraudes-em-licitacoes,114672,0.htm\>;
*Extra*. Disponível em:
\<http://extra.globo.com/noticias/rio/prefeita-afastada-de-mage-nubia-cozzolino-cassada-pela-justica-382651.html\>,
\<http://extra.globo.com/noticias/rio/mage-justica-cassa-de-novo-mandato-de-nubia-cozzolino-375813.html\>;
*Folha de S.Paulo*. Disponível em:
\<www1.folha.uol.com.br/folha/brasil/ult96u409395.shtml\>; G1.
Disponível:
\<http://g1.globo.com/Noticias/Rio/0,,MUL919590-5606,00-JUSTICA+ELEITORAL+IMPEDE+NUBIA+COZZOLINO+DE+ASSUMIR+NOVO+MANDATO.html\>;
*Globo*. Disponível em:
\<http://oglobo.globo.com/rio/mat/2009/09/10/nubia-cozzolino-afastada-da-prefeitura-de-mage-767546571.asp\>,
\<http://oglobo.globo.com/pais/mat/2011/03/12/ex-prefeita-nubia-cozzolino-protagoniza-cenas-dignas-do-personagem-da-novela-mostra-que-continua-mandar-em-mage-924000660.asp\>,
\<http://oglobo.globo.com/rio/mat/2008/01/24/mp\_operacao\_uniforme\_fantasma\_prende\_19-328181507.asp\>;
*Jornal do Brasil*. Disponível em:
\<www.jb.com.br/rio/noticias/2011/03/23/ex-prefeita-de-mage-nubia-cozzolino-torna-se-oficialmente-ficha-suja/\>;
TRIB. REG. ELEIT. RJ. Disponível em:
\<www.tre-rj.jus.br/imprensa/jsp/noticias.jsp\#\>.
