FONTES: CÂM. DEP. Disponível em: \<www2.camara.gov.br/\>. Acesso em:
23/10/2008,
\<www.camara.gov.br;internet/Deputados/DepNovosDetalhe.asp?nome=RENATO+COZZOLINO&leg=52\>;
Resultado da eleição de 1996; CORONATO, M.; CORREA, C. *Ataque*; *Dia*
(5/4/2008); SUPR. TRIB. FED. Disponível em:
\<http://divulgacand2010.tse.jus.br/divulgacand2010/jsp/abrirTelaDetalheCandidato.action?sqCand=190000002555&sgUe=RJ\>.
Acesso em: 9/8/2011. Yahoo!Geocities. Disponível em:
\<www.geocities.com/CapeCanaveral/launchpad/3372\>.
