FONTES: Agência Brasil. Disponível em:
\<http://agenciabrasil.ebc.com.br/noticia/2008-06-26/crivella-apresenta-ao-tre-esclarecimentos-sobre-projeto-cimento-social.
Acesso em: 26/6/2008; *Folha de S.Paulo* (17/3/2008); *Folha de
S.Paulo*. Disponível em: \<http://acervo.folha.com.br/fsp/2008/6/19/2\>,
\<www1.folha.uol.com.br/folha/brasil/ult96u425341.shtml\>; G1.
Disponível em:
\<http://g1.globo.com/especiais/eleicoes-2010/noticia/2010/10/lindberg-farias-pt-e-eleito-senador-do-rio-de-janeiro.html\>;
*Globo* (20/3/2008, 17/6/2009); *Globo*. Disponível em:
\<http://oglobo.globo.com/rio/mat/2008/12/11/tre-rj\_retira\_multa\_de\_crivella-586967192.asp\>.
Acesso em: 12/2008,
\<http://oglobo.globo.com/pais/eleicoes2008/mat/2008/08/28/tre-rj\_proibe\_crivella\_de\_usar\_imagens\_de\_lula\_em\_seu\_programa\_eleitoral-547986680.asp\>;
SENADO. *Anais* (19/10/2004); Uol. Disponível em:
\<http://noticias.uol.com.br/cotidiano/2008/06/24/ult5772u168.jhtm\>.
Acesso em: 10/8/2011; *Veja* (3/11/1999); *Veja Rio* (25/9/2002).
