FONTES: ABRANCHES, J. *Governos.* ASSEMB. LEGISL. *Anais*
(23/7-31/10/1911, 17/7-10/11/1910); CÂM. DEP. *Deputados brasileiros*
(1826-1976); Dicionário Cravo Albim da Música Popular Brasileira.
Disponível em: \<www.dicionariompb.com.br\>. Acesso em: 19/11/2011; Novo
Milênio. Disponível em: \<www.novomilenio.inf.br/\>. Acesso em:
19/11/2011.
