FONTES: ASSEMB. LEGISL. RJ. *Anais* (1899); Biografia de Teófilo
Teixeira de Almeida. Disponível em:
\<http://buratto.org/paulistana/Furquins.htm\>. Acesso em: 6/12/2010;
Disponível em:
\<http://maniadefamilia.blogspot.com/2008\_10\_19\_archive.html\>.
Acesso em: 6/12/2010; FERREIRA, M. *República*.
