FONTES: ASSEMB. LEGISL. RJ. *Documentos*; ASSEMB. LEGISL. RJ. *Deputados
estaduais fluminenses.* Quarta legislatura (1987-1991); ASSEMB. LEGISL.
RS. Disponível em:
\<**www.al.rs.gov.br/diario/diarios\_anteriores/981216/obra.htm\>;**
TRIB. REG. ELEIT. RJ. Disponível em:
\<www.tre-rj.gov.br/site/legislacao/resolucoes/1978/restre37.pdf\>.
