FONTES: Americo.usal.es. Disponível em:
\<http://americo.usal.es/oir/lites/curriculums\>; CÂM. DEP. Disponível
em: \<www2.camara.gov.br/deputados\>; Dep. fed. Eduardo Cunha.
Disponível em: \<www.depeduardocunha.com/\>; Políticos & Políticas.
Disponível em: \<http://politicos.br101.org/eduardo-cunha.html\>;
*Época* (19/2/2009). Eduardo Cunha revela seu poder sobre os deputados;
TRIB. SUP. ELEIT. Disponível em: \<tse.gov.br\>.
