FONTES: ASSEMB. LEGISL. RJ. *Anais*(1898); ASSEMB. LEGISL. RJ.
*Legislaturas*. Disponível em: \<www.alerj.rj.gov.br/arquivo.htm\>.
Acesso: em 10/10/2010; Bio. Pedro Nolasco. Disponível em:
\<www.morrodomoreno.com.br/pedronolasco.asp\>. Acesso em:
19/11/2010;Bio. Pedro Nolasco. Disponível em:
\<www.sefaz.es.gov.br/painel/vultos47.htm\>. Acesso em: 19/11/2010;
Genealogia Brasileira. Disponível em: \<www.genealogiabrasileira.
com/titulosperdidos/\>. Acesso em: 18/11/2010.
