FONTES: *Diário Oficial da União* (12/11/1935, Seção 1, p. 4, 14/8/1940,
Seção 1, p. 21, 1/6/1942, Seção1, p. 17); *Diário Oficial da União*
(5/2/1957). Disponível em:
\<www.jusbrasil.com.br/diarios/2531358/dou-secao-1-05-02-1957-pg-1/pdf.\>.
Acesso em: 25/5/2011; CARDIANO, F. *Eleições*; FERREIRA, J. *Sociedade*;
ROLLEMBERG, D. *Ditadura*; TEIXEIRA JÚNIOR, J. *Histórico*.
