FONTES: ASSEMB. LEGISL. RJ. *Deputados estaduais fluminenses*. Sexta
legislatura (1995-1999); ASSEMB. LEGISL. RJ. *Deputados estaduais
fluminenses*. Sétima legislatura (1999-2003); CÂM. MUN. RJ. Disponível
em: \<www.camara.rj.gov.br\>. Acesso em: 3/8/2011; Página pessoal.
Disponível em: \<www.eiderdantas.com.br/site/\>. Acesso em: 3/8/2011;
TRIB. SUP. ELEIT. *Divulgação*. Eleições 2008. Disponível em:
\<www.tse.jus.br/sadEleicaoDivulgaCand2008/comuns/layout/framesetPrincipal.jsp\>.
Acesso em: 3/8/2011.
