FONTES: ASSEMB. LEGISL. RJ. *Deputados estaduais fluminenses*. Terceira
legislatura (1983-1987), Quarta legislatura (1987-1991), Quinta
legislatura (1991-1995); *Diário* (11/11/2011). Disponível em:
\<http://odiariorj.com/multidao-vai-ao-caju-dar-ultimo-adeus-a-ex-prefeito-de-campos/\>.
Acesso em: 16/11/2011; MOREIRA, L. *Mulheres*.
