FONTES: ASSEMB. LEGISL. RJ: *Deputados estaduais fluminenses*. Terceira
legislatura (1983-1987); Quarta legislatura (1987-1991); ASSEMB. LEGISL.
RJ. Disponível em: \<www.alerj.rj.gov.br/\>. Acesso em: 20/12/2010;
BARRETO, A. *Olhar*; *Folha de S.Paulo*. Disponível em:
\<www.folha.uol.com.br/\>. Acesso em: 13/11/2010; PREF. NILÓPOLIS.
Disponível em: \<www.nilopolis.rj.gov.br/\>. Acesso em: 13/11/2010.
