FONTES: CÂM. DEP. Disponível em: \<www2.camara.gov.br/deputados\>; DEP.
INTERSINDICAL DE ASSESSORIA PARLAMENTAR. Disponível em:
\<www.diap.org.br/images/stories/files/284.TXT\>;
\<www.diap.org.br/images/stories/files/437.txt\>; MIN.
PLANEJAMENTO/ECONOMIA. *Clipping*. Disponível em:
\<http://clippingmp.planejamento.gov.br\>; PEC n^o^ 40/2003; PEC n^o^
41/2003; Políticos & Políticas. Disponível em:
\<http://politicos.br101.org/deley.html\>; Portal Americo.usal.es.
Disponível em: \<http://americo.usal.es/vir/Elites/curriculums\>; Página
pessoal. Disponível em: \<www.deley.com.br/\>; Terceiro Tempo.
Disponível em: \<http://desenvolvimento.miltonneves.com.br\>; TRIB. SUP.
ELEIT. Disponível em: \<www.tse.gov.br/\>.
