FONTES: ASSEMB. LEGISL. RJ. Anais(15-31/3/1975, v. I); ASSEMB. LEGISL.
RJ. *Deputados estaduais fluminenses*. Terceira legislatura (1983-1987);
ASSEMB. LEGISL. RJ. *Documentos*; CENTR. UNIVERS. GERALDO DI BIASE.
Disponível em: \<www.ugb.edu.br/web/historia\_missao.html\>; Discurso
Nelson Gonçalves (13/6/2007); *Volta Redonda em Destaque* (ano XIII, n.
748, 14/6/2007, Decreto n^o^ 10.783, de 11/6/2007). Disponível em:
\<www.voltaredonda.rj.gov.br/vrdestaque/2007/junho/748.pdf\>; *Voz da
Cidade* (16/7/2010).
