FONTES: ASSEMB. LEGISL. RJ. *Deputados estaduais fluminenses*. Sétima
legislatura (1999-2003); ASSEMB. LEGISL. RJ. Disponível em:
\<http://alerjln1.alerj.rj.gov.br/\>; Band Jornalismo. Disponível em:
\<www.band.com.br/jornalismo/eleicoes2010/\>; SECRET. EDU. GOV. RJ.
Disponível em:
\<<http://>www.educacaopublica.rj.gov.br/biblioteca/educacao/0125.html\>.
