FONTES: AGÊNCIA BRASIL. Disponível em:
\<www.agenciabrasil.gov.br/noticias/2006/08/31/materia.2006-08-31.8605503325/view\>.
Acesso em: 14/9/2009; CÂM. DEP. Disponível em:
\<www2.camara.gov.br/deputados/index.html/loadFrame.html\>. Acesso em:
14/9/2009; *Folha de S.Paulo*. Disponível em:
\<www1.folha.uol.com.br/folha/brasil/ult96u81651.shtml\>. Acesso em:
14/9/2009; *IstoÉ*. Disponível em:
\<www.terra.com.br/istoe/1920/brasil/1920\_as\_provas\_da\_propina\_de\_cada\_um.htm\>.
Acesso em: 14/9/2009.
