FONTES: ASSEMB. LEGISL. RJ. *Anais* (1971); ASSEMB. LEGISL. RJ. *Estado
da Guanabara*. Disponível em:
\<www.alerj.rj.gov.br/center\_arq\_aleg\_invent\_link2.htm\>. Acesso em:
20/3/2011; ASSEMB. LEGISL. RJ. *Legislaturas*. Disponível em:
\<www.alerj.rj.gov.br/arquivo.htm\>. Acesso em: 20/3/2011; *Jornal do
Brasil* (2/2/1975, p. 5, 16/3/1975, p. 5).
