FONTES: ASSEMB. LEGISL. RJ. *Anais* (1911-1914; 1923-1924); BELOCH, I.;
ABREU, A. *Dicionário*; COL. BRAS. GENEALOGIA. Disponível em:
\<www.cbg.org.br/arquivos\_genealogicos\_r\_02.html\>. Acesso em:
28/3/2011; FERREIRA, M. *Busca*; *Jornal do Brasil* (2/2/1975, p. 5,
16/3/1975, p. 5); LACOMBE, L. *Chefes*; LEITE NETO, L. *Catálogo*.
