FONTES: Agência Senado (7/8/2009); ASSEMB. LEGISL. RJ. Disponível em:
\<www.alerj.rj.gov.br/memoria/index3.html\>; *Correio Brasiliense*
(30/7/2009); *Fluminense* (8/8/2009); G1 (15/11/2006, 14/3/2008,
4/8/2009); *Gazeta do Povo*, *Globo* (17/7, 19/7/2009); *Jornal do
Bairro da Urca* (10/10/2006); *Jornal da ALERJ* (11-17/4/2006);
Sarmento, C. *Conversando*.
