FONTES: ASSEMB. LEGISL. RJ. *Anais* (1898, 1904); ASSEMB. LEGISL. RJ.
*Legislaturas*. Disponível em: \<www.alerj.rj.gov.br/arquivo.htm\>.
Acesso em: 10/10/2010; FERREIRA, M. *República*; Genealogia Brasileira.
Disponível em: \<www.genealogiabrasileira.com/titulosperdidos/\>. Acesso
em: 18/11/2010;MASSINI, M.; GUEDES, M. *História*; ROCHA, N; TRANQUILI,
A; LEPIKSON, B. *Faculdade*.
