FONTES: ASSEMB. LEGISL. RJ. Disponível em:
\<www.alerj.rj.gov.br/common/deputado.asp?codigo=328\>; Transparência
Brasil. Disponível em:
\<www.excelencias.org.br/@candidato.php?id=10633&cs=19&pt=-1\>. Acesso
em: 3/2/2011; TRIB. SUP. ELEIT. Disponível em:
\<http://divulgacand2010.tse.jus.br/divulgacand2010/jsp/abrirTelaDetalheCandidato.action?sqCand=190000002726&sgUe=RJ\>.
Acesso em: 3/2/2011.
