FONTES: CÂM. DEP. *Deputados brasileiros*. Repertório (2007-2011); CÂM.
DEP. Disponível em: \<www2.camara.gov.br/\>; *Folha de S*.*Paulo*
(26/3/2008); PT. Disponível em: \<www.pt.org.br/portalpt\>; TRIB. SUP.
ELEIT. *Eleições 2010*. Disponível em:
\<www.tse.gov.br/internet/eleicoes/2002/result\_blank.htm\>; Uol
Notícias. Disponível em: \<http://noticias.busca.uol.com.br/\>;
WIKIPÉDIA. Disponível em: \<http://pt.wikipedia.org\>.
