FONTES: ACAD. PETROPOLITANA LET. Disponível em:
\<www.apcl.com.br/noticias/coluna\_arthur.htm\>. Acesso em: 3/8/2010;
ASSEMB. LEGISL. RJ. Disponível em:
\<www.alerj.rj.gov.br/center\_arq\_inf\_legislatura.htm\>. Acesso em:
3/8/2010. INF. FAM. Disponível em:
\<www.earp.arthur.nom.br/site/earpgkf.htm.\>. Acesso em: 16/8/2011.
\<www.earp.arthur.nom.br/site/earpgkf.htm\>.
