FONTES: ASSEMB. CONST. RJ. (1989). Disponível em:
\<www.alerj.rj.gov.br/memoria/cd/assembleia/aconst89.html\>. Acesso em:
10/5/2011; ASSEMB. LEGIS. RJ. *Deputados estaduais fluminenses*. Quarta
legislatura (1987-1991); ASSEMB. LEGIS. RJ. Discurso Wolney Trindade
(1/6/1999); ASSEMB. LEGIS. RJ. *Documentos*; Detran-RJ (12/12/2007);
*Diário Oficial do Estado do Rio de Janeiro* (5/2/1987 e 10/10/1989);
*Globo* (20/12/2009); Jusbrasil. Disponível em:
\<www.jusbrasil.com.br/legislacao/228759/resolucao-589-1990-rio-de-janeiro-rj\>.
