FONTES: CÂM. DEP. Deputados brasileiros. Repertório (1995-1999); CÂM.
DEP. Disponível em:
\<www2.camara.gov.br/deputados/index.html/loadFrame.html\>. Acesso em:
9/10/2009; ENTREV. BIOG.; Folha de S.Paulo (31/1/1995, 14/1/1996);
Globo(20/3, 23/6/1996); Jornal do Brasil (6/10/1994, 4/10/1996); Página
pessoal. Disponível em: \<www.edsonezequiel.com.br/perfil.php\>. Acesso
em: 9/10/2009.
