FONTES: ASSEMB. LEGISL, RJ. *Deputados estaduais fluminenses*. Terceira
legislatura (1987-1991); ASSEMB. LEGISL. RJ. *Documentos*; ASSOC. NAC.
PREFEITOS E VICE-PREFEITOS – ANPV (9/2005); Decreto n^o^
32.637/2003;INST. ADV. BRAS. Disponível em:
\<www.iabnacional.org.br/article.php3?id\_article=394\>; TRIB. REG.
ELEIT. RJ (6/7/2010).
