FONTES: ARQ. DEP. PESQ. JORNAL DO BRASIL; CÂM. DEP. *Deputados*; CÂM.
DEP. *Deputados brasileiros.* Repertório (1967-1971); ENTREV. BIOG.;
*Folha de S.Paulo*. Disponível em:
\<www1.folha.uol.com.br/cotidiano/760512-jornalista-hermano-alves-morre-aos-82-anos.shtml\>.
Acesso em 19/1/2012. *Grande encic. Delta*; INF. FAM.; *Jornal do
Brasil* (4/11/1966, 29/7/1977, 3/7/1979); KLEIN, L. *Cronologia*;
MAGALHÃES, I. *Segundo*; *Veja* (23/11/1977).
