FONTES:*Bases da política*; BRAKARZ, J.; ENGEL, W. *Favela-Bairro*;
BURGOS, M. *1998*; CARDOSO, A. *Programa*; CASTRO, T. *Consolidação*;
DUARTE, C.; SILVA, O.; BRASILEIRO, A. *Favela*; *Favela-Bairro*; FREIRE,
A; FREIRE-MEDEIROS, B; CAVALCANTI, M. *Lu Petersen*; FIORI, J.; RILEY,
E.; RAMIREZ, R. *Favela*-*Bairro*; PETERSEN, L. *Das*; SEC. MUN.
URBANISMO. *Plano*; SILVA JUNIOR, L. *Programa*;VIAL, A.; CAVALLIERI, F.
*Efeito*.
