FONTES: ASSEMB, LEGISL. RJ. *Deputados estaduais fluminenses*. Terceira
legislatura (1983-1987); *Globo*. Disponível em:
\<http://oglobo.globo.com/pais/eleicoes2010/mat/2010/09/28/conheca-os-perfis-dos-candidatos-chico-angelo-pt-carlos-fayal-psb-922651893.asp\>.
Acesso em: 4/10/2010; Notícias R7. Disponível em:
\<http://noticias.r7.com/eleicoes-2010/mapa-de-candidatos/candidatos/integra/candidato/190000000744.html\>.
Acesso em: 4/10/2010; Página pessoal. Disponível em:
\<http://carlosfayal40111.blogspot.com/\>. Acesso em: 4/10/2010;
\<http://carlosfayal40111.blogspot.com/2010/07/carta-aos-dentistas-do-estado-do-rio-de.html\>.
Acesso em: 4/10/2010; Uol notícias. Disponível em:
\<http://noticias.uol.com.br/politica/politicos-brasil/2010/deputado-estadual/10071948-carlos-fayal.jhtm\#resultado\>.
Acesso em: 4/10/2010.
