FONTES: CARONE, E. *Centro*; CENTRO INDUSTRIAL RIO DE JANEIRO.
*Conjuntura*; *Estado de S. Paulo* (22/6/1996); FED. IND. EST.
GUANABARA. *Relatório*; FED. IND. RIO DE JANEIRO. *Estatutos*; FED. IND.
RIO DE JANEIRO. *Relatório*; *Folha de S.Paulo* (18/8/1995); *Globo* (9,
10/5, 25/10/1988; 6/4/1989, 21/10/1995; 15/4, 16, 20/6/1996); *Jornal do
Brasil* (29/1, 10/4/1990, 12, 14/8/1995); WEID, E. *Apontamentos*.
