FONTES: CÂM. DEP. Disponível em: \<www2.camara.gov.br/\>; CÂM. DEP.
*Deputados brasileiros. Repertório* (1999-2003); Democracia. Disponível
em: \<www.democracia.com.br\>; *Diário de Cuiabá*(2/6/2006); *Folha de
S.Paulo* (25/3, 11/5/2001, 4/10/2004); Terra (2/2/2006)
\<http://noticias.terra.com.br/brasil/interna/0,,OI1030869-EI306,00.html\>;
Uol Notícias (16/8/2006). Disponível em:
\<http://noticias.busca.uol.com.br/\>.
