FONTES: ASSEMB. LEGISL. RJ. *Anais* (1919, 1920, 1921); LAEMMERT, E.
*Almanak* (1915); ASSOC. BANDAS DE MÚSICA RJ. Disponível em:
\<www.asbamrj.com.br/moreira.htm\>; *Correio de Cantagalo* (21/1/1912);
*Diário Fluminense* (15/1, 5/12/1912); *Estado de S. Paulo* (2/8,
17/12/1921, 19/1, 25/7/1922, 26/10, 11/11/1923); FERREIRA, M.
*República*; SOARES, E. *História*.
