FONTES: AZZI, R. *Neocristandade*; BRUNEAU, T. *Catolicismo*; CÂM. DEP.
*Coleção*; CPDOC. Disponível em: \<www.cpdoc.fgv.br\>. Acesso em:
6/6/2009; FERNANDES, C. *Jackson*; IGLÉSIAS, F. *Estudo*; MAINWARING, S.
*Igreja*; MOURA, O. *Ideias*; Net Saber. Disponível em:
\<www.netsaber.com.br\>. Acesso em: 6/6/2009; NOGUEIRA, H. *Jackson*;
VILLAÇA, A. *Pensamento*.
