FONTES: ASSEMB. LEGISL. RJ. Disponível em: \<www.alerj.rj.gov.br\>;
Excelências. Disponível em:
\<www.excelencias.org.br/@candidato.php?id=4979&cs=19\>; Liderança.
Disponível em:
\<www.lideranca.org/cgi-bin/index.cgi?action=forum&board=atualidades&op=display&num=2339\>;
Página pessoal. Disponível em: \<www.edinofonseca22123.com.br\>: TRIB.
SUP. ELEIT. Disponível em: \<www.tse.gov.br\>.
