FONTES: ARQ. GETÚLIO VARGAS; CAFÉ FILHO, J. *Sindicato*; COUTINHO, A.
*Brasil*;*Folha de S.Paulo* (28/8/1977); *Globo* (10/7/1981); *Grande
encic. Delta*; KUBITSCHEK, J. *Meu*; LEITE, C. *Assessoramento*; MACEDO,
R. *Efemérides*; *Quem* *é quem no Brasil*; REIS, J. *Prefeitos*;REIS,
J. *Rio*; *Who’s who in Brazil.*
