FONTES: CÂM. DEP. *Deputados*; CÂM. DEP. *Relação nominal dos senhores*;
CORRESP.GOV. EST. RJ; *Dia* (10/1/1999); *Encic. Mirador*; ENTREV.
BIOG.; *Globo*: Disponível em:
\<www.globo.com/Jornalismo/RJTV/0,,MUL1513461-9101,00-ADVOGADO+POLITICO+E+PASTOR+GEREMIAS+DE+MATOS+FONTES+MORRE+EM+NITEROI.html\>.
Acesso em: 23/8/2011; *Grande encic. Delta*; LACOMBE, L. *Chefes*.
