FONTES: ASSEMB. LEG. RJ. Disponível em: \<http://alerj.gov.br/\>. Acesso
em: 10/5/2011; ASS. BRAS. CRIAD. CAV. CAMPOLINA. Disponível em:
\<www.campolina.org.br/\>. Acesso em: 10/5/2011; ASS. CRIAD. CAV. PAMPA.
Disponível em: \<www.abcpampa.org.br\>. Acesso em: 10/5/2011; Diário
Costa Sol. Disponível em:
\<www.diariodacostadosol.com/noticias.php?page=leitura&idNoticia=22255\>.
Acesso em: 10/5/2011; INF. João Kiffer Netto (3/5/2011); OLIVEIRA, P.
*Atos*; PLANALTO. Disponível em: \<www.planalto.gov.br\>. Acesso em:
10/5/2011; VALENTE, E. *Eduardo*.
