FONTES: ASSEMB. LEGISL. RJ. *Deputados estaduais fluminenses*. Sétima
legislatura (1999-2003); *Folha* (Eleições 2002, 12/8/2006); *Globo*
(25/6/2004); G1 (Eleições 2006); TRIB. REG. ELEIT. RJ. Disponível em:
\<[www.tre-rj.gov.br/site/partido\_politico/diretivos/prona.pdf](http://www.tre-rj.gov.br/site/partido_politico/diretivos/prona.pdf)\>;
TRIB. SUP. ELEIT. (Eleições 1994, 1998, 2002 e 2006).
