FONTES: ASSEMB. LEGISL. RJ. *Anais*. 16^a^ legislatura (1951-1954).
ASSEMB. LEGISL. RJ. *Projeto de resolução n^o^ 27/1999*. Disponível em:
\<http://alerjln1.alerj.rj.gov.br/scpro99.nsf/9c8b33811f20501d832567040007d036/a8d16366ef89ab250325673800750fcd?OpenDocument\>.
Acesso em: 29/3/2011; TRIB. SUP. ELEIT. *Dados* (1950, v. 2).
