FONTES: ASSEMB. LEGISL. RJ. *Documentos*; ASSEMB. LEGISL. RJ. *Deputados
estaduais fluminenses*. Quarta legislatura (1987-1991); *Folha* Eleições
(12/8/2006); *Primeira Hora* (11/8/2007); TRIB. REG. ELEIT. Disponível
em: \<www.tre-rj.gov.br/site/partido\_politico/diretivos/ptn.pdf\>;
TRIB. SUP. ELEIT. (Eleições 2000, 2006).
