FONTES: BATISTA, D. *Memória*. Disponível em:
\<www.encontro2010.rj.anpuh.org/resources/anais/8/1276731211\_ARQUIVO\_Allofs\_ST\_ANPUH\_2010%5B3%5D.pdf\>;
CÂM. MUN. NOVA IGUAÇU. Disponível em: \<www.cmni.rj.gov.br/\>. Acesso
em: 19/6/2011; DOCSTOC. *Da ditadura militar ao neoliberalismo.*
Disponível em:
\<www.docstoc.com/docs/21287988/3-Da-ditadura-militar-ao-neoliberalismo-o-poder-e\>.
