FONTES: CÂM. DEP. *Deputados brasileiros* (1826-1976); CONS. MUN. DF.
*Anais* (1913-1916); *Diário Oficial da União* (25/1/1899, 31/1/1899,
26/2/1909); Flaestatística. Disponível em: \<www.flaestatistica.com\>;
Flamengo virtual. Disponível em:
\<http://flamengovirtual.wordpress.com\>; *Revista do Instituto
Histórico e Geográfico Brasileiro*. (1972, v. 294-295).
