FONTES: ATENEU AGRENSE LET. ART. Disponível em:
\<www.ateneuangrense.com.br/fundadores/fundadores.htm\>;
\<www.ateneuangrense.com.br/cadeiras/cadeiras.htm;http://emilioibrahim.eng.br/d\_3-95\_procuradoria.shtml\>;
*Diário Oficial do Estado do Rio de Janeiro* (Seção II, ano XLIII,
7/3/1974); PROC. GER. RJ. Disponível em:
\<www.rj.gov.br/web/pge/exibeconteudo?article-id=157542\>; TRIB. REG.
ELEIT. RJ – *Dados* (eleição 1970).
