FONTES: ASSEMB. LEGISL. GB. *Anais* (1971, 1972). Disponível em:
\<www.alerj.rj.gov.br/center\_arq\_camaras\_link4\_1.htm\>. Acesso em:
10/3/2011; \<www.alerj.rj.gov.br/center\_arq\_aleg\_prod\_link3.htm\>.
Acesso em: 10/3/2011;
\<www.alerj.rj.gov.br/center\_arq\_aleg\_prod\_link4.htm\>. Acesso em:
10/3/2011; \<www.alerj.rj.gov.br/center\_arq\_dossies\_link3.htm\>.
Acesso em: 10/3/2011; Eleições Pós. Disponível em:
\<www.eleicoespos1945.com/\>. Acesso em: 10/3/2011.
