FONTES: CÂM. DEP. *Deputados brasileiros*. Repertório (1991-1995);
*Folha de S.Paulo* (10/5/1992, 15/7/1998, 1/11/2006); *Globo* (3,
23/10/1992, 13/9/1996, 7/10/1998); INF. BIOG.; *Jornal da Convergência
Socialista* (22/4/1994); *Jornal do Brasil* (9/9/1991,
7/10/1992);*Jornal do PSTU* (16-22/6/1994, 20/6/2004); G1 (Eleições
2008); RODRIGUES, L. *CUT*; TRIB. SUP. ELEIT. *Relação*(1998, 2002,
2004, 2006); TRIB. REG. ELEIT. Disponível em:
\<www.tre-rj.gov.br/site\_novo/eleicoes/2008/resultados/suplentes/suplentes%20rio%20de%20janeiro.pdf\>.
Acesso em: 2/9/2011.
