FONTES: CARDIANO, F. *Eleição*; CPDOC. Disponível em:
\<http://cpdoc.fgv.br/producao/dossies/Jango/artigos/AConjunturaRadicalizacao/O\_golpe\_de\_1964\>.
Acesso em: 18/4/2011; *Itaperuna Notícias*. Disponível em:
\<http://itaperuna-noticias.blogspot.com/\>. Acesso em: 26/3/2011;
PLANALTO. Disponível em: \<www.planalto.gov.br/\>. Acesso em: 26/3/2011;
Uol Educação. *História do Brasil*. Disponível em:
\<http://educacao.uol.com.br/historia-brasil/bipartidarismo.jhtm\>.
Acesso em: 18/4/2011.
