FONTES: ASSEMB. CONST. RJ. *Anais* (1975); ASSEMB. LEGISL. RJ. *Anais*
(1975, 1979); ASSEMB. LEGISL. RJ. *Discurso de Délio Leal* (17/10/2000).
Disponível em:
\<http://alerjln1.alerj.rj.gov.br/taqalerj2006.nsf/5d50d39bd976391b83256536006a2502/a7122a2146a06e800325697b007fa94f?OpenDocument&ExpandSection=1\#\_Section1\>.
Acesso em: 27/7/2010. ASSEMB. LEGISL. RJ. *Departamento de Arquivos*.
Disponível em: \<www.alerj.rj.gov.br/arquivo.htm\>. Acesso em:
20/7/2010. CÂM. MUN. NOVA IGUAÇU. Disponível em: \<www.cmni.rj.gov.br.
Acesso em: 27/7/2010; CARDIANO, F. *Eleição*.
