FONTES: CÂM. DEP. Disponível em:
\<www2.camara.gov.br/internet/deputados/biodeputado/index.html?nome=GERALDO+PUDIM&leg=53\>.
Acesso em: 14/9/2009; *Estado de S.Paulo* (24/6/2009). Disponível em:
\<www.estadao.com.br/nacional/not\_nac392337,0.htm\>. Acesso em:
14/9/2009; *Globo* (4/9/2008). Disponível em:
\<http://oglobo.globo.com/pais/eleicoes2008/mat/2008/09/04/tse\_garotinho\_rosinha\_geraldo\_pudim\_nao\_sao\_inelegiveis-548088347.asp\>.
Acesso em: 14/9/2009.
