FONTES: ASSEMB. LEGISL. RJ. *Anais* (15-31/3/1975, v. I);*Diário Oficial
do Estado do Rio de Janeiro* (29/5/2009); PREF. CAMPOS DOS GOYTACAZES.
Disponível em:
\<www.campos.rj.gov.br/exibirNoticia.php?id\_noticia=4774\>; TRIB. REG.
ELEIT. RJ (28/10/2009); TRIB. REG. ELEIT. RJ. Disponível em:
\<www.tre-rj.gov.br/site/legislacao/resolucoes/1978/restre37.pdf\>,
\<www.tre-rj.gov.br/site/partido\_politico/diretivos/psdc.pdf\>; TRIB.
SUP. ELEIT. *Eleições* (2002, 2004, 2006, 2008).
