FONTES: ASSEMB. LEGISL. RJ. *Deputados estaduais fluminenses*
(1983-1987); ASSEMB. LEGISL. RJ. Disponível em:
\<www.alerj.rj.gov.br/default.asp\>. Acesso em: 9/10/2010; JusBrasil.
Disponível em:
\<www.jusbrasil.com.br/legislacao/229253/resolucao-93-1987-rio-de-janeiro-rj\>.
Acesso em: 9/12/2010; OAB/RJ.*Cartilha*; Orquestra Rio Camerata.
Disponível em: \<www.orc.art.br/\>. Acesso em: 9/12/2010; TRIB. SUP.
ELEIT. Disponível em: \<www.tse.jus.br/\>. Acesso em: 9/12/2010.
