FONTES: ASSEMB. LEGISL. RJ. *Deputados estaduais fluminenses*. Sexta
legislatura (1995-1999), Sétima legislatura (1999-2003); *Jornal da
ALERJ* (28/10-3/11/2004, 1-15/4/2010); ASSEMB. LEGISL. RJ. Disponível
em: \<www.alerj.rj.gov.br/common/deputado.asp?codigo=178\>; TRIB. SUP.
ELEIT. Disponível em:
\<www.tse.gov.br/partidos/desempenho/depDistEst/rj/de/rjde40190.htm\>.
