FONTES: ASSEMB. LEGISL. RJ. *Deputados estaduais fluminenses*. Terceira
legislatura (1983-1987). Disponível em:
\<www.alerj.rj.gov.br/center\_arq\_inf\_fase\_2.htm\>. Acesso em:
20/4/2011;
\<http://alerjln1.alerj.rj.gov.br/contlei.nsf/e9589b9aabd9cac8032564fe0065abb4/86e72d68f50a53ff0325655a007e3f21?OpenDocument&ExpandSection=-5\>.
Acesso em: 20/4/2004;
\<www.alerj.rj.gov.br/center\_arq\_dossies\_link3.htm\>. Acesso em:
20/4/2011; Eleições Pós 1945. Disponível em:
\<www.eleicoespos1945.com/\>. Acesso em: 20/4/2011.
