FONTES: CÂM. DEP. *Deputados*; CORRESP. GOV. EST. GB; CORTÉS, C.
*Homens*; *Encic.* *Mirador*; HIRSCHOWICZ, E. *Contemporâneos*; *Jornal
do Brasil* (10/12/1980); MACEDO, R.*Efemérides*; MOURÃO, M. *Dutra*;
*Quem* *é quem no Brasil*; REIS, J. *Prefeitos*; REIS, J. *Rio*; TRIB.
SUP. ELEIT. *Dados* (1,2 e 3).
