FONTES: ASSEMB. LEGISL. RJ. *Deputados estaduais fluminenses*. Sexta
legislatura (1995-1999); ASSEMB. LEGISL. RJ. Disponível em:
\<www.alerj.rj.gov.br/\>. Acesso em: 2/1/2011; CÂM. MUN. RJ. Disponível
em: \<www.camara.rj.gov.br/\>. Acesso em: 2/2/2011; CÂM. MUN. SÃO
GONÇALO. Disponível em: \<www.pmsg.rj.gov.br/\>. Acesso em: 2/2/2011;
Noticegspel. Disponível em: \<http://noticegospel.blogspot.com/\>.
Acesso em: 2/2/2011; Presentiaonline. Disponível em:
\<http://presentiaonline.blogspot.com/\>. Acesso em: 2/2/2011; TRIB.
SUP. ELEIT. Disponível em: \<www.tse.gov.br/\>. Acesso em: 2/2/2011.
