FONTES: ASSEMB. LEGISL. RJ. *Anais*; FERREIRA, M. *República*; MILBUS.
Ô*nibus × bondes*. Disponível em:
\<www.milbus.com.br/revista\_portal/revista\_cont.asp?485\>. Acesso em:
6/12/2010; STIEL, W. *Ônibus*; Wikipédia. *Lista de presidentes da
Câmara de Vereadores de Nova Iguaçu*. Disponível em:
\<http://pt.wikipedia.org/wiki/Anexo:Lista\_de\_presidentes\_da\_C%C3%A2mara\_de\_Vereadores\_de\_Nova\_Igua%C3%A7u\>.
Acesso em: 6/12/2010.
