FONTES: ASSOC. MÉD. PETRÓPOLIS. Disponível em:
\<http://casadomedicodepetropolis.com.br/FamilyDocs.htm\>; CÂM. MUN.
PETRÓPOLIS. Disponível em: \<www.cmp.rj.gov.br/docs/historia4.doc\>;
CARDIANO, F. Eleições; *Diário Oficial da União* (31/1/1942, 5/7/1946,
22/7/1947); *Diário Oficial RJ* (seção II, ano XXXIII, 1, 27, 29/3/1693,
ano XXXVI, 1/3/1967, ano XLIII, 7/3/1974); TRIB. REG. ELEIT RJ.
*Eleições* (1962, 1966, 1970); Tribuna de Petrópolis (6/6/2010).
