FONTES: GUIMARÃES, M. *Nação*; IHGB. *Estatutos* (1838, 1851, 1862, 1991); IHGB. Disponível em: \<www.ihgb.org.br\>. Acesso em: 28/10/2010, 30/10/2010, 20/11/2010; WEHLING A. *Origens*.
=========================================================================================================================================================================================
