FONTES:*Dicionário histórico-biográfico das ciências da saúde no Brasil
(1832-1930**);*BEDIAGA, B. *Conciliar*; *CASA DE OSWALDO
CRUZ/FIOCRUZ**.*Real Horto (Verbete).*Disponível em:
\<*www.dichistoriasaude.coc.fiocruz.br\>. A*cesso em: 8/2011*; Jardim
Botânico do Rio de Janeiro. Disponível em: \<www.jbrj.gov.br\>. Acesso
em: 9/2011; JOBIM, T. *Jardim*; LAVÔR, J. *Histórico*.
