FONTES: CÂM. DEP. Disponível em*:
\<*www2.camara.gov.br/deputados/index.html/loadFrame.html\>. Acesso em:
5/10/2009; CÂM. MUN. RJ; Agência Câmara (19/10/2006); Direito2.
Disponível em:
\<www.direito2.com.br/acam/2006/out/19/veja-a-acusacao-contra-joao-mendes-de-jesus-e-sua-defesa\>.
Acesso em: 5/10/2009; *Época* (4/9/2009); PSB (24/8/2006).
