FONTES: CÂM. DEP. *Deputados*; CÂM. DEP. *Relação dos dep.*; CISNEIROS,
A. *Parlamentares*; COHN, G. *Petróleo*; COUTINHO, A. *Brasil*; *Encic.
Mirador*; *Jornal do* *Brasil* (25/10/1966); MIN. VIAÇÃO. *Dados*; NÉRI,
S. *16*; TRIB. SUP. ELEIT. *Dados*; *Tribuna da Imprensa* (16/7/1954);
*Veja* (2/10/1985).
