FONTES: ASSEMB. LEGISL. RJ. *Deputados estaduais fluminenses*
(1987-1991); ASSEMB. LEGISL. RJ. Disponível em:
\<www.alerj.rj.gov.br/memoria/cd/assembleia/aconst89.html\>. Acesso em:
10/5/2011; *Diário Oficial RJ* (26/2/1981); Núcleo de Memória
PolíticaCarioca e Fluminense – bancadas estaduais do Estado do Rio de
Janeiro(1978-1994); TRIB. SUP. ELEIT. *Eleições* (1996, 2004).
