FONTES: ASSEMB. LEGISL. RJ. *Deputados estaduais fluminenses*. Quinta
Legislatura (1991-1994); ASSEMB. LEGISL. RJ. *Legislação estadual*.
Disponível em: \<www.alerj.rj.gov.br/processo2.htm\>. Acesso em:
22/4/2011; *Diário Oficial RJ* (10/8/2010)*.* Disponível em:
\<www.jusbrasil.com.br/diarios/7287775/doerj-poder-legislativo-10-08-2010-pg-3\>.
Acesso em: 20/4/2011; *Diário Oficial RJ*(10/8/2010)*.* Disponível em:
\<www.jusbrasil.com.br/diarios/7287776/doerj-poder-legislativo-10-08-2010-pg-4\>.
Acesso em: 20/4/2011.
