FONTES: ASSEMB. LEGISL. RJ. *Deputados estaduais fluminenses*. Quinta
legislatura (1991-1994), Sétima legislatura (1999-2003); CÂM. DEP.
CAMPOS DOS GOYTACAZES. Disponível em: \<www.camaracampos.rj.gov.br/\>.
Acesso em: 29/10/2010; Uol Notícias. *Políticos do Brasil*. Disponível
em: \<http://noticias.uol.com.br/politica/politicos-brasil/\>. Acesso
em: 29/10/2010.
