FONTES: CPDOC. Arq. Ernâni Amaral Peixoto; CALICCHIO, V. *Atos*;
CARDIANO, F. *Eleições*;*Diário da Noite* (21/1/1953); FERREIRA, M.;
SOUSA, M. *Celso Peçanha*; PREF. MUNI. SANTO ANTÔNIO DE PÁDUA.
Disponível em: \<www.santoantoniodepadua.rj.gov.br/leis/2001/2747.pdf\>.
Acesso em: 26/11/2010; Inf. Valéria Kezen (31/5/2011).
