FONTES: CÂM. DEP. Disponível em: \<www2.camara. gov.br\>. Acesso em:
2/9/2009; MINIST. TRAB. EMPR. Disponível em: \<www.mte.gov.br\>. Acesso
em: 2/9/2009; PDT. Disponível em: \<www.pdt.org.br\>. Acesso em:
2/9/2009; TRIB. SUP. ELEIT. *Resultado eleição* (2002, 2004, 2006).
Disponível em: \<www.tse.gov.br/internet/eleicoes\>. Acesso em:
2/9/2009.
