FONTES: BARRETO, E. *Joaquim*; CENTR. CULT. JOAQUIM LAVOURA; Entrevista
realizada com Josias Ávila Júnior (11/2010); História de São Gonçalo.
Disponível em: \<http://historiadesaogoncalo.pro.br/hist\_oral.htm\>.
Acesso em: 17/11/2010. Wikipédia. Lista de prefeitos de São Gonçalo.
Disponível em:
\<http://pt.wikipedia.org/wiki/Anexo:Lista\_de\_prefeitos\_de\_S%C3%A3o\_Gon%C3%A7alo\_%28Rio\_de\_Janeiro%29\>.
Acesso em: 23/11/2010.
