FONTES: ASSEMB. LEGISL. RJ. *Deputados estaduais fluminenses*. Quinta
legislatura (1991-1994); ASSEMB. LEGISL. RJ. *Deputados estaduais
fluminenses*. Sexta legislatura (1995-1999); ASSEMB. LEGISL. *Deputados
estaduais fluminenses*. Sétima legislatura (1999-2003); *Notícias
ALERJ*. Chiquinho da Mangueira e Délio Leal voltam à ALERJ (3/4/2006).
Disponível em:
\<www.alerj.rj.gov.br/common/noticia\_corpo.asp?num=15806\>. Acesso em:
27/10/2011; *Notícias ALERJ*. Délio Leal é eleito o novo corregedor da
ALERJ (3/10/2007). Acesso em: 27/10/2011.
