FONTES: Americo.usal.es. Disponível em:
\<http://americo.usal.es/oir/Elites/curriculums\>. Acesso em:
20/10/2008; CÂM. DEP. Deputados. Disponível em:
\<www2.camara.gov.br/deputado\>. Acesso em: 20/10/2008; Inf. Biogr.
Disponível em: \<www.hugoleal.com.br\>. Acesso em: 20/10/2008;
Participação eleitoral, partidos e candidatos. Disponível em:
\<http://publique.rdc.puc-rio.br/revistaalceu/media/alceu\_n8\_Jorge.pdf\>.
Acesso em: 20/10/2008.
