FONTES: ASSEMB. LEGISL. RJ. *Deputados estaduais fluminenses*. Terceira
legislatura (1983-1987); ASSEMB. LEGISL. RJ. Disponível em:
\<www.alerj.rj.gov.br/\>. Acesso em: 21/9/2010;*IstoÉ Gente*. Disponível
em: \<www.terra.com.br/istoegente\>. Acesso em: 21/9/2010; *Record Rio*.
Disponível em: \<www.recordrio.com.br/\>. Acesso em: 21/9/2010; *Veja*.
Disponível em: \<http://veja.abril.com.br/\>. Acesso em: 21/9/2010.
