FONTES: *Folha de S.Paulo* (10/6, 28/10/1998, 1, 16/11/2000, 4/7/2001,
19/8/2003, 1/5/2006, 23/6/2009);G1. Disponível em:
\<http://g1.globo.com/especiais/eleicoes-2010/noticia/2010/10/garotinho-e-candidato-deputado-federal-mais-votado-no-rio.html\>.
Acesso em: 2/9/2011; *Globo* (30/5/2008); *IstoÉ* (29/3/2000).
