FONTES: ASSEMB. LEGISL. RJ. Disponível em: \<www.alerj.rj.gov.br/\>.
Acesso em: 6/10/2010;Blog pessoal. Disponível em:
\<http://paulonoel.blogspot.com/2010/04/barbosa-lemos-recupera-direitos.html\>.
Acesso em: 6/10/2010;Núcleo de Memória Política Carioca e Fluminense.
Disponível em: \<www.alerj.rj.gov.br/memoria/historia/\>. Acesso em:
6/10/2010; PANTOJA, S; PESSANHA, D. *Reordenamento*; PREF. MUNIC. SÃO
FRANCISCO DO ITABAPOANA. Disponível em: \<www.pmsfi.rj.gov.br/\>. Acesso
em: 6/10/2010.
