FONTES: CÂM. DEP. Disponível em: \<www2.camara.
gov.br/deputados/index.html/loadFrame.html\>. Acesso em: 15/9/2009;
Pesquisa.biz. Resultado da eleição 2008 para prefeito e vereadores Macaé
(RJ). Disponível em:
\<http://pesquisa.biz/blog/vereadores-eleitos-em-macae-rj-resultado-eleicoes-2008.html\>.
Acesso em: 15/9/2009; TRIB. SUP. ELEIT. *Resultado eleição 2002*.
Disponível em:
\<www.tse.gov.br/internet/eleicoes/2002/result\_blank.htm\>. Acesso em:
15/9/2009.
