FONTES: ASSEMB. CONST. RJ. *Anais* (1975); ASSEMB. LEGISL. RJ *Anais*
(1975, 1979); ASSEMB. LEGISL. Disponível em: \<www.alerj.rj.gov.br\>.
*Folha*. Eleições 2002. Disponível em:
\<www1.folha.uol.com.br/folha/especial/2002/eleicoes/estados-candidatos-rio\_de\_janeiro.shtml\>;
ORD. ADV. BRAS. Disponível em: \<www.oab-rj.org.br\>.
