FONTES: ASSEMB. LEGISL. RJ. *Deputados estaduais fluminenses*. Quarta
legislatura (1987-1991); ASSEMB. LEGISL. RJ. *Deputados estaduais
fluminenses*. Quinta legislatura (1991-1994); Elsevier. Disponível em:
\<www.elsevier.com.br/site/institucional/Minha-pagina-autor.aspx?seg=1&aid=42547\>.
Acesso em: 10/11/2010; TRIB. CONT. MG. Disponível em:
\<www.tce.mt.gov.br/conteudo/index/sid/286\>. Acesso em: 10/11/2010.
