FONTES: ASSEMB. LEGISL. RJ. *Deputados estaduais fluminenses.* Quarta
legislatura (1987-1991); CÂM. MUN. MACAÉ. Disponível em:
\<http://cmmacae.rj.gov.br/?service=news&interface=details&id=868\>.
Acesso em: 10/12/2010,
\<www.cmmacae.rj.gov.br/?service=news&interface=details&id=502\>. Acesso
em: 10/12/2010; Uol notícias. Disponível em:
\<http://noticias.uol.com.br/politica/politicos-brasil/2008/vereador/23021954-paulo-antunes.jhtm\>.
Acesso em: 10/12/2010.
