FONTES: BELIDO, V. *Política*; DIOCESE DE CAMPOS. Disponível em:
\<www.diocesedecampos.org.br/home\_diocese.asp\>. Acesso em: 22/3/2011;
INST. FED. FLU. Disponível em: \<www.iff.edu.br/\>. Acesso em:
22/3/2011; *Jornal Campos Vip*. Disponível em:
\<http://camposvip.blogspot.com/\>. Acesso em: 22/3/2011; Roberto
Moraes. Disponível em: \<http://robertomoraes.blogspot.com\>. Acesso em:
22/3/2011; SOARES, V. *Nove*.
