FONTES: Conjur. Disponível em:
\<www.conjur.com.br/2008-ago-12/deputado\_alvaro\_lins\_cassado\_assembleia\_rio\>.
Acesso em: 18/3/2011,
\<www.conjur.com.br/2011-fev-18/quem-reputacao-manchada-nao-sofre-dano-moral-comentarios\>.
Acesso em: 18/3/2011; *Dia*. Disponível em:
\<http://odia.terra.com.br/rio/htm/pf\_operacao\_seguranca\_publica\_s\_a\_prende\_deputado\_alvaro\_lins\_174304.asp\>.
Acesso em: 6/5/2011; *Estadão*. Disponível em:
\<www.estadao.com.br/noticias/nacional,stj-mantem-cassacao-de-ex-deputado-alvaro-lins,597241,0.htm\>.
Acesso em: 18/3/2011;
\<www.estadao.com.br/noticias/nacional,entenda-a-operacao-seguranca-publica-que-envolve-garotinho,180352,0.htm\>.
Acesso em: 6/5/2011; Eu penso que. Disponível em:
\<http://ricandrevasconcelos.blogspot.com/2008/05/108-mil-votos.html\>.
Acesso em: 18/3/2011; *Extra*. Disponível em:
\<http://extra.globo.com/noticias/rio/comissao-de-constituicao-justica-da-alerj-aprova-revogacao-da-prisao-do-deputado-alvaro-lins-518854.html\>.
Acesso em: 18/3/2011; *Folha*. Disponível em:
\<www1.folha.uol.com.br/folha/brasil/ult96u572495.shtml\>. Acesso em:
6/5/2011, \<www1.folha.uol.com.br/folha/brasil/ult96u320840.shtml\>.
Acesso em: 6/5/2011,
\<www1.folha.uol.com.br/folha/brasil/ult96u533211.shtml\>. Acesso em:
18/3/2011; G1. Disponível em:
\<http://g1.globo.com/rio-de-janeiro/noticia/2010/08/justica-condena-garotinho-e-alvaro-lins-por-formacao-de-quadrilha-diz-mpf.html\>.
Acesso em: 18/3/2011,
\<http://g1.globo.com/Noticias/Rio/0,,MUL582542-5606,00-DEPUTADO+ALVARO+LINS+E+PRESO+EM+FLAGRANTE+NO+RIO+DIZ+PF.html\>.
Acesso em: 18/3/2011; *Globo* (28/4/2011, p. 18),
\<http://oglobo.globo.com/rio/mat/2008/05/30/alvaro\_lins\_uma\_trajetoria\_meteorica\_que\_deixou\_rastro\_de\_desafetos\_denuncias-546575398.asp\>.
Acesso em: 17/3/2011,
\<http://oglobo.globo.com/rio/mat/2008/05/29/confira\_lista\_dos\_denunciados\_pelo\_ministerio\_publico\_federal\_na\_operacao\_seguranca\_publica\_a-546555325.asp\>.
Acesso em: 11/4/2011; Uol Notícias. Disponível em:
\<http://noticias.uol.com.br/cotidiano/2011/02/15/entenda-a-operacao-guilhotina-e-suas-implicacoes-no-rio-de-janeiro.jhtm\>.
Acesso em: 18/3/2011; PROC. GER. REP. Disponível em:
\<http://noticias.pgr.mpf.gov.br/noticias/noticias-do-site/copy\_of\_criminal/corrupcao-eleitoral-pgr-denuncia-geraldo-pudim-alvaro-lins-e-anthony-garotinho\>;
*Serra online*. Disponível em:
\<www.jornalserranonline.com.br/noticia-rio-de-janeiro-066.html\>.
Acesso em: 18/3/2011; Último Segundo. Disponível em:
\<http://ultimosegundo.ig.com.br/brasil/2008/08/14/substituto\_de\_alvaro\_lins\_toma\_posse\_na\_alerj\_1565340.html\>.
Acesso em: 18/3/2011; *Veja*. Disponível em:
\<http://veja.abril.com.br/040608/p\_060.shtml\>. Acesso em: 18/3/2011,
\<http://veja.abril.com.br/271206/p\_044.html\>. Acesso em: 18/3/2011;
UNIV. GAMA. FILHO. Disponível em: \<www.ugf.br/?q=stricto/77/teses\>.
Acesso em: 18/3/2011.
