FONTES: ASSEMB. LEGISL. RJ (21/8/2002); ASSEMB. LEGISL. RJ.
*Documentos*; ASSEMB. LEGISL. RJ. *Deputados estaduais fluminenses*.
Quarta legislatura (1987-1991); *Diário Oficial RJ* (4/8/2010); PREF.
MUN. TEJUPÁ (28/10/2009); TCE-RJ (6/7/2010); TRIB. REG. ELEIT. RJ
(Eleições 2008); TRIB. SUP. ELEIT. (Eleições 1996, 2000, 2004).
