FONTES: ASSEMB. LEGISL. RJ. Disponível em: \<www.alerj.rj.gov.br\>.
Acesso em: 16/5/2011; *Estadão* (18/3/2010); *Estadão*. Entenda a
polêmica sobre a distribuição dos royalties do petróleo. Disponível em:
\<www.estadao.com.br/noticias/nacional,entenda-a-polemica-sobre-a-distribuicao-dos-royalties-do-petroleo,525916,0.htm\>.
Acesso em: 16/5/2011; PREF. MACAÉ. Disponível em:
\<www.macae.rj.gov.br\>. Acesso em: 16/5/2011.
