FONTES: Agência Estado (10/8/2004, 5/5/2005); Agência Senado
(13/5/2005); CÂM. DEP.; *Consultor Jurídico* (24/11/2004);
*Época*(6/5/2005); *Expresso da Notícia* (4/7/2005); *Folha*(16/11/2004,
8/3/2005); *Norte Online* (26/10/2004); PP. Disponível em:
\<www.pp.org.br/\>; *Redação Terra* (14/11/2004); TRIB. SUP. ELEIT.
(Eleições 1994, 2002); *Veja* (17/11/2004).
