FONTES: Agência Brasil. Disponível em:
\<http://agenciabrasil.ebc.com.br/noticia/2004-10-03/candidata-prefeitura-de-belford-roxo-manifesta-confianca-na-vitoria\>.
Acesso em: 17/10/2011; CÂM. DEP. Disponível em:
\<www2.camara.gov.br/deputados/index.html/loadFrame.html\>. Acesso em:
14/9/2009; JORGE, V. *Participação eleitoral*; PEC n^o^ 40/2003.
Disponível em: \<www.diap.org.br/images/stories/files/437.txt\>. Acesso
em: 19/9/2009; PEC n^o^ 41/2003. Disponível em:
\<www.diap.org.br/images/stories/files/284.TXT\>. Acesso em: 19/9/2009.
