FONTES: ASSEMB. LEGISL. RJ. *Anais*. 18^a^ legislatura (1959-1962);
Entre-Rios. Disponível em:
\<www.entreriosjornal.com.br/noticia/6789-100-anos-de-arsonval-silveira-macedo-sera-lembrado-em-missa\>.
Acesso em: 25/10/2011; SARMENTO, C. *Espelho*; TRIB. SUP. ELEIT. *Dados*
(1959); TRIB. SUP. ELEIT. *Comissão Diretora Nacional, MDB*. Disponível
em:
\<http://tse.jus.br/hotSites/registro\_partidario/mdb/arquivos/Comissão\_Diretora\_Nacional.pdf\>.
