FONTES: AG. BRAS. NOTÍC. *Eleições* 2002; ASSEMB. LEGISL. RJ. *Deputados
estaduais fluminenses*. Sétima legislatura (1999-2003); *Diário do
Senado Federal* (16/4/2007). Disponível em:
\<www.senado.gov.br/atividade/materia/verDiario.asp?dt=18042007&pdf\>;
Jus Brasil Disponível em:
\<www.jusbrasil.com.br/legislacao/143569/lei-3283-99-rio-de-janeiro-rj\>;
PREF. DUQUE CAXIAS (31/8/2005); SENADO. Disponível em:
\<www.senado.gov.br/senadores/dinamico/paginst/senador3366a.asp\>; TRIB.
SUP. ELEIT. Eleições 1998, 2002, 2004.
