FONTES: ASSEMB. LEGISL. RJ. *Deputados estaduais fluminenses*. Quinta
legislatura (1991-1995); ASSEMB. LEGISL. RJ. *Deputados estaduais
fluminenses*. Sexta legislatura (1995-1999); ASSEMB. LEGISL. RJ.
*Formulários*. Disponível em:
\<http://alerjln1.alerj.rj.gov.br/scpro.nsf/Formularios/PEmendaAutor?OpenDocument&Start=1&Count=15&Expand=13\>;
ASSEMB. LEGISL. RJ. *Resoluções*. Disponível em:
\<http://alerjln1.alerj.rj.gov.br/CONTLEI.NSF/ResolucaoAutorInt?OpenForm&Start=286&Count=15&Expand=286\>;
ASSEMB. LEGISL. RJ. *Leis ordinárias por autor*. Disponível em:
\<http://alerjln1.alerj.rj.gov.br/CONTLEI.NSF/LeiOrdAutorInt?OpenForm&Start=273&Count=15&Expand=274\>;
*Globo* (19/10/1990).
